******************************************************************************
                  TI ARM Linker PC v15.12.1                    
******************************************************************************
>> Linked Wed Mar 16 13:46:39 2016

OUTPUT FILE NAME:   <mqtt_client.out>
ENTRY POINT SYMBOL: "_c_int00"  address: 20010e25


MEMORY CONFIGURATION

         name            origin    length      used     unused   attr    fill
----------------------  --------  ---------  --------  --------  ----  --------
  SRAM_CODE             20004000   00016fff  0000e35d  00008ca2  RW X
  SRAM_DATA             2001b000   00015000  0000cfc8  00008038  RW X


SEGMENT ALLOCATION MAP

run origin  load origin   length   init length attrs members
----------  ----------- ---------- ----------- ----- -------
20004000    20004000    0000e364   0000e364    r-x
  20004000    20004000    0000dab6   0000dab6    r-x .text
  20011ab8    20011ab8    00000783   00000783    r-- .const
  20012240    20012240    00000124   00000124    r-- .cinit
2001b000    2001b000    00008fc8   00000000    rw-
  2001b000    2001b000    00008000   00000000    rw- .sysmem
  20023000    20023000    00000e4c   00000000    rw- .bss
  20023e4c    20023e4c    0000017c   00000000    rw- .data
2002c000    2002c000    00004000   00000000    rw-
  2002c000    2002c000    00004000   00000000    rw- .stack


SECTION ALLOCATION MAP

 output                                  attributes/
section   page    origin      length       input sections
--------  ----  ----------  ----------   ----------------
.init_array 
*          0    20004000    00000000     UNINITIALIZED

.text      0    20004000    0000dab6     
                  20004000    000025c4     mqtt.a : mqtt_client.obj (.text)
                  200065c4    000012c8     network_if.obj (.text)
                  2000788c    000010fc     rtsv7M4_T_le_eabi.lib : _printfi.obj (.text)
                  20008988    00000b68     main.obj (.text)
                  200094f0    00000a0a     mqtt.a : mqtt_common.obj (.text)
                  20009efa    00000002     driverlib.a : interrupt.obj (.text:IntDefaultHandler)
                  20009efc    00000978     mqtt.a : sl_mqtt_client.obj (.text)
                  2000a874    000006bc            : cc31xx_sl_net.obj (.text)
                  2000af30    000005ec     simplelink.a : driver.obj (.text:_SlDrvMsgRead)
                  2000b51c    00000544     ti_rtos.a : osi_tirtos.obj (.text)
                  2000ba60    000003dc     rtsv7M4_T_le_eabi.lib : memory.obj (.text)
                  2000be3c    00000394     gpio_if.obj (.text)
                  2000c1d0    00000280     uart_if.obj (.text)
                  2000c450    00000248     simplelink.a : driver.obj (.text:_SlDrvRxHdrRead)
                  2000c698    00000244                  : wlan.obj (.text:sl_WlanConnect)
                  2000c8dc    000001f4     rtsv7M4_T_le_eabi.lib : ull_div_t2.obj (.text)
                  2000cad0    000001d0     simplelink.a : driver.obj (.text:_SlDrvReleasePoolObj)
                  2000cca0    000001cc                  : driver.obj (.text:_SlDrvMsgWrite)
                  2000ce6c    000001c0     timer_if.obj (.text)
                  2000d02c    000001b6     rtsv7M4_T_le_eabi.lib : fd_add_t2.obj (.text)
                  2000d1e2    00000002                           : mpu_init.obj (.text)
                  2000d1e4    00000190     simplelink.a : driver.obj (.text:_SlDrvWaitForPoolObj)
                  2000d374    00000174                  : driver.obj (.text:_SlDrvDriverCBInit)
                  2000d4e8    00000170                  : driver.obj (.text:_SlFindAndSetActiveObj)
                  2000d658    00000150     button_if.obj (.text)
                  2000d7a8    00000150     simplelink.a : cc_pal.obj (.text:spi_Open)
                  2000d8f8    0000013c                  : socket.obj (.text:sl_Select)
                  2000da34    00000138                  : socket.obj (.text:sl_Accept)
                  2000db6c    00000136     rtsv7M4_T_le_eabi.lib : fd_div_t2.obj (.text)
                  2000dca2    00000002                           : startup.obj (.text)
                  2000dca4    00000134     driverlib.a : prcm.obj (.text:PRCMCC3200MCUInit)
                  2000ddd8    00000128     simplelink.a : driver.obj (.text:_SlDrvDataReadOp)
                  2000df00    00000118                  : socket.obj (.text:sl_SendTo)
                  2000e018    0000010c                  : socket.obj (.text:sl_RecvFrom)
                  2000e124    00000108                  : socket.obj (.text:sl_Connect)
                  2000e22c    00000108                  : socket.obj (.text:sl_Send)
                  2000e334    00000104                  : driver.obj (.text:_SlDrvDataWriteOp)
                  2000e438    00000104                  : netapp.obj (.text:sl_NetAppDnsGetHostByName)
                  2000e53c    000000fe                  : netapp.obj (.text:_SlDrvNetAppEventHandler)
                  2000e63a    000000fc     rtsv7M4_T_le_eabi.lib : fd_mul_t2.obj (.text)
                  2000e736    00000002     --HOLE-- [fill = 0]
                  2000e738    000000f4     simplelink.a : driver.obj (.text:_SlDrvDriverCBDeinit)
                  2000e82c    000000f0     driverlib.a : udma.obj (.text:uDMAChannelTransferSet)
                  2000e91c    000000dc     simplelink.a : cc_pal.obj (.text:spi_Read)
                  2000e9f8    000000d8                  : driver.obj (.text:_SlDrvClassifyRxMsg)
                  2000ead0    000000d4                  : device.obj (.text:sl_Stop)
                  2000eba4    000000d0     rtsv7M4_T_le_eabi.lib : s_scalbn.obj (.text)
                  2000ec74    000000c8     simplelink.a : netapp.obj (.text:_sl_HandleAsync_DnsGetHostByService)
                  2000ed3c    000000c4                  : driver.obj (.text:_SlRemoveFromList)
                  2000ee00    000000bc                  : driver.obj (.text:_SlDrvMsgReadCmdCtx)
                  2000eebc    000000bc                  : device.obj (.text:sl_Start)
                  2000ef78    000000b8                  : driver.obj (.text:_SlAsyncEventGenericHandler)
                  2000f030    000000b4                  : netapp.obj (.text:sl_NetAppMDNSRegisterUnregisterService)
                  2000f0e4    000000a8     driverlib.a : interrupt.obj (.text:IntDisable)
                  2000f18c    000000a8                 : interrupt.obj (.text:IntEnable)
                  2000f234    000000a8     simplelink.a : netcfg.obj (.text:sl_NetCfgGet)
                  2000f2dc    000000a0     driverlib.a : spi.obj (.text:SPIConfigSetExpClk)
                  2000f37c    0000009c     simplelink.a : driver.obj (.text:_SlDrvMsgReadSpawnCtx)
                  2000f418    0000009c     rtsv7M4_T_le_eabi.lib : memcpy_t2.obj (.text)
                  2000f4b4    0000009c     simplelink.a : device.obj (.text:sl_DevGet)
                  2000f550    00000098     pinmux.obj (.text)
                  2000f5e8    00000094     driverlib.a : prcm.obj (.text:PRCMPeripheralClockGet)
                  2000f67c    0000008c     simplelink.a : cc_pal.obj (.text:SetupDMAReceive)
                  2000f708    0000008c                  : cc_pal.obj (.text:SetupDMASend)
                  2000f794    0000008c                  : netapp.obj (.text:_sl_HandleAsync_DnsGetHostByName)
                  2000f820    0000008c                  : netapp.obj (.text:_sl_HandleAsync_PingResponse)
                  2000f8ac    0000008c                  : cc_pal.obj (.text:spi_Write)
                  2000f938    00000088     driverlib.a : pin.obj (.text:PinConfigSet)
                  2000f9c0    00000088     rtsv7M4_T_le_eabi.lib : vsnprintf.obj (.text)
                  2000fa48    00000088     simplelink.a : socket.obj (.text:sl_Bind)
                  2000fad0    00000086     rtsv7M4_T_le_eabi.lib : fd_cmp_t2.obj (.text:__aeabi_cdcmple)
                  2000fb56    00000086                           : fd_cmp_t2.obj (.text:__aeabi_cdrcmple)
                  2000fbdc    00000084     simplelink.a : cc_pal.obj (.text:NwpPowerOnPreamble)
                  2000fc60    00000082     driverlib.a : gpio.obj (.text:GPIOIntTypeSet)
                  2000fce2    00000002     --HOLE-- [fill = 0]
                  2000fce4    00000080     simplelink.a : driver.obj (.text:_SlDrvCmdOp)
                  2000fd64    00000080                  : cc_pal.obj (.text:spi_Read_CPU)
                  2000fde4    00000080                  : cc_pal.obj (.text:spi_Write_CPU)
                  2000fe64    0000007c     driverlib.a : prcm.obj (.text:PRCMRTCGet)
                  2000fee0    0000007c     simplelink.a : device.obj (.text:_sl_HandleAsync_InitComplete)
                  2000ff5c    0000007a     rtsv7M4_T_le_eabi.lib : memset_t2.obj (.text)
                  2000ffd6    00000002     --HOLE-- [fill = 0]
                  2000ffd8    00000078     simplelink.a : socket.obj (.text:_sl_HandleAsync_Connect)
                  20010050    00000078                  : cc_pal.obj (.text:spi_Close)
                  200100c8    00000076     driverlib.a : uart.obj (.text:UARTConfigSetExpClk)
                  2001013e    00000002     --HOLE-- [fill = 0]
                  20010140    00000074     simplelink.a : socket.obj (.text:sl_Recv)
                  200101b4    00000070     rtsv7M4_T_le_eabi.lib : autoinit.obj (.text)
                  20010224    0000006c     simplelink.a : driver.obj (.text:_SlDrvCmdSend)
                  20010290    0000006a     rtsv7M4_T_le_eabi.lib : copy_decompress_rle.obj (.text)
                  200102fa    00000002     --HOLE-- [fill = 0]
                  200102fc    00000068     driverlib.a : timer.obj (.text:TimerIntUnregister)
                  20010364    00000068     simplelink.a : netapp.obj (.text:_sl_NetAppSendTokenValue)
                  200103cc    00000068                  : netcfg.obj (.text:sl_NetCfgSet)
                  20010434    00000068                  : socket.obj (.text:sl_SetSockOpt)
                  2001049c    00000068                  : wlan.obj (.text:sl_WlanSet)
                  20010504    00000064     driverlib.a : udma.obj (.text:uDMAChannelAttributeDisable)
                  20010568    00000064                 : udma.obj (.text:uDMAChannelAttributeEnable)
                  200105cc    00000060     simplelink.a : socket.obj (.text:_sl_HandleAsync_Accept)
                  2001062c    00000060                  : wlan.obj (.text:sl_WlanPolicySet)
                  2001068c    0000005c     rtsv7M4_T_le_eabi.lib : s_frexp.obj (.text)
                  200106e8    0000005c     simplelink.a : socket.obj (.text:sl_Socket)
                  20010744    00000058     driverlib.a : interrupt.obj (.text:IntPendClear)
                  2001079c    00000058                 : prcm.obj (.text:PRCMPeripheralReset)
                  200107f4    00000056     rtsv7M4_T_le_eabi.lib : ltoa.obj (.text)
                  2001084a    00000002     --HOLE-- [fill = 0]
                  2001084c    00000054     simplelink.a : socket.obj (.text:_sl_HandleAsync_Select)
                  200108a0    00000054     rtsv7M4_T_le_eabi.lib : exit.obj (.text)
                  200108f4    00000054     simplelink.a : wlan.obj (.text:sl_WlanRxFilterSet)
                  20010948    00000050     driverlib.a : prcm.obj (.text:PRCMSlowClkCtrGet)
                  20010998    00000050     simplelink.a : device.obj (.text:_sl_HandleAsync_Stop)
                  200109e8    0000004c     driverlib.a : spi.obj (.text:SPIIntEnable)
                  20010a34    0000004c     simplelink.a : driver.obj (.text:_SlDrvProtectAsyncRespSetting)
                  20010a80    0000004c                  : driver.obj (.text:_SlDrvRxIrqHandler)
                  20010acc    0000004c                  : socket.obj (.text:_sl_BuildAddress)
                  20010b18    0000004c     rtsv7M4_T_le_eabi.lib : atoi.obj (.text)
                  20010b64    0000004c                           : cpy_tbl.obj (.text)
                  20010bb0    0000004c     driverlib.a : udma.obj (.text:uDMAChannelAssign)
                  20010bfc    00000048                 : spi.obj (.text:SPIIntClear)
                  20010c44    00000048     simplelink.a : driver.obj (.text:_SlDrvBasicCmd)
                  20010c8c    00000048     rtsv7M4_T_le_eabi.lib : fd_toi_t2.obj (.text)
                  20010cd4    00000044     driverlib.a : spi.obj (.text:SPIDmaMaskGet)
                  20010d18    00000044                 : timer.obj (.text:TimerConfigure)
                  20010d5c    00000044     simplelink.a : cc_pal.obj (.text:cc_SetupTransfer)
                  20010da0    00000042                  : socket.obj (.text:sl_Htonl)
                  20010de2    00000002     --HOLE-- [fill = 0]
                  20010de4    00000040     driverlib.a : pin.obj (.text:PinModeSet)
                  20010e24    00000040     rtsv7M4_T_le_eabi.lib : boot.obj (.text)
                  20010e64    00000040                           : strtok.obj (.text)
                  20010ea4    0000003c     simplelink.a : netapp.obj (.text:CopyPingResultsToReport)
                  20010ee0    0000003c     driverlib.a : prcm.obj (.text:PRCMPeripheralClkEnable)
                  20010f1c    0000003c     simplelink.a : socket.obj (.text:_sl_TruncatePayloadByProtocol)
                  20010f58    0000003c                  : socket.obj (.text:sl_Htons)
                  20010f94    0000003c                  : socket.obj (.text:sl_Listen)
                  20010fd0    0000003c     driverlib.a : udma.obj (.text:uDMAChannelControlSet)
                  2001100c    00000038     simplelink.a : cc_pal.obj (.text:NwpPowerOff)
                  20011044    00000036     driverlib.a : gpio.obj (.text:GPIODirModeSet)
                  2001107a    00000036     simplelink.a : netapp.obj (.text:sl_NetAppMDNSUnRegisterService)
                  200110b0    00000034     driverlib.a : prcm.obj (.text:PRCMPeripheralStatusGet)
                  200110e4    00000034                 : spi.obj (.text:SPIFIFOLevelSet)
                  20011118    00000030                 : pin.obj (.text:PinTypeGPIO)
                  20011148    00000030                 : uart.obj (.text:UARTDisable)
                  20011178    00000030     simplelink.a : device.obj (.text:_SlDrvDeviceEventHandler)
                  200111a8    00000030     rtsv7M4_T_le_eabi.lib : strncpy.obj (.text)
                  200111d8    00000030     simplelink.a : socket.obj (.text:sl_Close)
                  20011208    00000030                  : wlan.obj (.text:sl_WlanProfileDel)
                  20011238    00000030                  : wlan.obj (.text:sl_WlanSetMode)
                  20011268    0000002e     rtsv7M4_T_le_eabi.lib : i_tofd_t2.obj (.text)
                  20011296    00000002     --HOLE-- [fill = 0]
                  20011298    0000002c     simplelink.a : cc_pal.obj (.text:DmaSpiSwIntHandler)
                  200112c4    0000002c                  : cc_pal.obj (.text:NwpPowerOn)
                  200112f0    0000002c     driverlib.a : prcm.obj (.text:PRCMSysResetCauseGet)
                  2001131c    0000002a                 : timer.obj (.text:TimerLoadSet)
                  20011346    0000002a                 : timer.obj (.text:TimerPrescaleSet)
                  20011370    0000002a     rtsv7M4_T_le_eabi.lib : strspn.obj (.text)
                  2001139a    00000002     --HOLE-- [fill = 0]
                  2001139c    00000028     driverlib.a : prcm.obj (.text:IsRTCUsed)
                  200113c4    00000028                 : prcm.obj (.text:PRCMPeripheralClkDisable)
                  200113ec    00000028     simplelink.a : socket.obj (.text:SL_FD_ISSET)
                  20011414    00000026                  : cc_pal.obj (.text:NwpRegisterInterruptHandler)
                  2001143a    00000026     rtsv7M4_T_le_eabi.lib : strncmp.obj (.text)
                  20011460    00000024     driverlib.a : interrupt.obj (.text:IntUnregister)
                  20011484    00000024                 : prcm.obj (.text:RTCU16MSecRegRead)
                  200114a8    00000024                 : prcm.obj (.text:RTCUseSet)
                  200114cc    00000024                 : uart.obj (.text:UARTEnable)
                  200114f0    00000024     simplelink.a : driver.obj (.text:_SlDrvProtectionObjLockWaitForever)
                  20011514    00000024     rtsv7M4_T_le_eabi.lib : memmov.obj (.text)
                  20011538    00000024                           : strcspn.obj (.text)
                  2001155c    00000022     driverlib.a : gpio.obj (.text:GPIOIntStatus)
                  2001157e    00000022     simplelink.a : socket.obj (.text:SL_FD_SET)
                  200115a0    00000022     driverlib.a : spi.obj (.text:SPIReset)
                  200115c2    00000022                 : spi.obj (.text:SPIWordCountSet)
                  200115e4    00000020                 : gpio.obj (.text:GPIOPinWrite)
                  20011604    00000020     simplelink.a : driver.obj (.text:_SlDrvProtectionObjUnLock)
                  20011624    00000020     mqtt.a : cc3200_platform.obj (.text)
                  20011644    0000001e     driverlib.a : timer.obj (.text:TimerDisable)
                  20011662    0000001e                 : timer.obj (.text:TimerEnable)
                  20011680    0000001e                 : timer.obj (.text:TimerIntStatus)
                  2001169e    0000001e                 : uart.obj (.text:UARTCharPut)
                  200116bc    0000001e     simplelink.a : cc_pal.obj (.text:cc_UDMAChannelSelect)
                  200116da    0000001c     driverlib.a : timer.obj (.text:TimerValueGet)
                  200116f6    0000001c                 : uart.obj (.text:UARTCharGetNonBlocking)
                  20011712    0000001c     simplelink.a : driver.obj (.text:_SlDrvObjLockWaitForever)
                  2001172e    0000001c                  : driver.obj (.text:_SlDrvSyncObjWaitForever)
                  2001174a    0000001c     rtsv7M4_T_le_eabi.lib : memccpy.obj (.text)
                  20011766    00000002     --HOLE-- [fill = 0]
                  20011768    0000001c     driverlib.a : udma.obj (.text:uDMAChannelEnable)
                  20011784    0000001a                 : gpio.obj (.text:GPIOIntDisable)
                  2001179e    0000001a                 : gpio.obj (.text:GPIOIntEnable)
                  200117b8    0000001a                 : pin.obj (.text:PinTypeUART)
                  200117d2    0000001a                 : spi.obj (.text:SPIDmaDisable)
                  200117ec    0000001a                 : spi.obj (.text:SPIDmaEnable)
                  20011806    0000001a                 : spi.obj (.text:SPIFIFODisable)
                  20011820    0000001a                 : spi.obj (.text:SPIFIFOEnable)
                  2001183a    00000018                 : gpio.obj (.text:GPIOPinRead)
                  20011852    00000018                 : spi.obj (.text:SPICSDisable)
                  2001186a    00000018                 : spi.obj (.text:SPICSEnable)
                  20011882    00000018                 : spi.obj (.text:SPIDisable)
                  2001189a    00000018                 : spi.obj (.text:SPIEnable)
                  200118b2    00000018                 : timer.obj (.text:TimerIntDisable)
                  200118ca    00000018                 : timer.obj (.text:TimerIntEnable)
                  200118e2    00000018                 : uart.obj (.text:UARTCharsAvail)
                  200118fa    00000018     simplelink.a : driver.obj (.text:_SlDrvObjUnLock)
                  20011912    00000018                  : driver.obj (.text:_SlDrvSyncObjSignal)
                  2001192a    00000002     --HOLE-- [fill = 0]
                  2001192c    00000018                  : device.obj (.text:_sl_GetStartResponseConvert)
                  20011944    00000018     rtsv7M4_T_le_eabi.lib : args_main.obj (.text)
                  2001195c    00000016     driverlib.a : prcm.obj (.text:PRCMHIBRegRead)
                  20011972    00000016                 : prcm.obj (.text:PRCMHIBRegWrite)
                  20011988    00000016     simplelink.a : driver.obj (.text:_SlDrvMemZero)
                  2001199e    00000016     rtsv7M4_T_le_eabi.lib : strchr.obj (.text)
                  200119b4    00000014     driverlib.a : cpu.obj (.text:CPUcpsie)
                  200119c8    00000014                 : gpio.obj (.text:GPIOIntClear)
                  200119dc    00000014     rtsv7M4_T_le_eabi.lib : _lock.obj (.text)
                  200119f0    00000014                           : strcpy.obj (.text)
                  20011a04    00000014                           : strlen.obj (.text)
                  20011a18    00000012     driverlib.a : timer.obj (.text:TimerIntClear)
                  20011a2a    00000002     --HOLE-- [fill = 0]
                  20011a2c    00000010                 : prcm.obj (.text:RTCU32SecRegRead)
                  20011a3c    00000010     simplelink.a : socket.obj (.text:SL_FD_ZERO)
                  20011a4c    0000000e                  : driver.obj (.text:_SlDrvResetCmdExt)
                  20011a5a    0000000e     rtsv7M4_T_le_eabi.lib : copy_decompress_none.obj (.text:decompress:none)
                  20011a68    0000000c     simplelink.a : cc_pal.obj (.text:NwpMaskInterrupt)
                  20011a74    0000000c                  : cc_pal.obj (.text:NwpUnMaskInterrupt)
                  20011a80    0000000c                  : wlan.obj (.text:sl_WlanDisconnect)
                  20011a8c    0000000a     driverlib.a : interrupt.obj (.text:IntMasterEnable)
                  20011a96    00000008                 : prcm.obj (.text:PRCMRTCInUseSet)
                  20011a9e    00000008     rtsv7M4_T_le_eabi.lib : s_copysign.obj (.text)
                  20011aa6    00000006     driverlib.a : utils.obj (.text:UtilsDelay)
                  20011aac    00000006     rtsv7M4_T_le_eabi.lib : copy_decompress_rle.obj (.text:decompress:rle24)
                  20011ab2    00000004                           : pre_init.obj (.text)

.const     0    20011ab8    00000783     
                  20011ab8    00000114     main.obj (.const:.string)
                  20011bcc    00000101     rtsv7M4_T_le_eabi.lib : ctype.obj (.const:.string:_ctypes_)
                  20011ccd    00000003     mqtt.a : sl_mqtt_client.obj (.const)
                  20011cd0    00000100     driverlib.a : pin.obj (.const:g_ulPinToPadMap)
                  20011dd0    000000b0     simplelink.a : wlan.obj (.const:$P$T0$1)
                  20011e80    000000a8     driverlib.a : prcm.obj (.const:PRCM_PeriphRegsList)
                  20011f28    00000080                 : interrupt.obj (.const)
                  20011fa8    0000003c     simplelink.a : driver.obj (.const:OpcodeTranslateTable)
                  20011fe4    0000003c                  : wlan.obj (.const)
                  20012020    00000038                  : driver.obj (.const:_SlActionLookupTable)
                  20012058    00000034                  : driver.obj (.const)
                  2001208c    00000034                  : socket.obj (.const)
                  200120c0    0000002c     network_if.obj (.const:$P$T1$2)
                  200120ec    00000028     simplelink.a : netapp.obj (.const)
                  20012114    00000022     network_if.obj (.const:.string:$P$T0$1)
                  20012136    00000002     --HOLE-- [fill = 0]
                  20012138    00000020     mqtt.a : cc31xx_sl_net.obj (.const)
                  20012158    00000018     driverlib.a : spi.obj (.const)
                  20012170    00000017     network_if.obj (.const:.string:$P$T5$6)
                  20012187    00000016     network_if.obj (.const:.string:$P$T3$4)
                  2001219d    00000015     network_if.obj (.const:.string:$P$T4$5)
                  200121b2    00000015     network_if.obj (.const:.string:$P$T7$8)
                  200121c7    00000014     network_if.obj (.const:$P$T2$3)
                  200121db    00000001     --HOLE-- [fill = 0]
                  200121dc    00000014     simplelink.a : device.obj (.const)
                  200121f0    00000010     network_if.obj (.const:$P$T6$7)
                  20012200    00000010     simplelink.a : socket.obj (.const:.string)
                  20012210    0000000b     mqtt.a : mqtt_client.obj (.const:.string)
                  2001221b    0000000b     network_if.obj (.const:.string:pcDigits)
                  20012226    00000008     simplelink.a : device.obj (.const:.string)
                  2001222e    00000008                  : netcfg.obj (.const)
                  20012236    00000005     main.obj (.const:.string:$P$T0$1)

.cinit     0    20012240    00000124     
                  20012240    000000fe     (.cinit..data.load) [load image, compression = rle]
                  2001233e    00000002     --HOLE-- [fill = 0]
                  20012340    0000000b     (.cinit..bss.load) [load image, compression = rle]
                  2001234b    00000001     --HOLE-- [fill = 0]
                  2001234c    00000008     (__TI_handler_table)
                  20012354    00000010     (__TI_cinit_table)

.sysmem    0    2001b000    00008000     UNINITIALIZED
                  2001b000    00000008     rtsv7M4_T_le_eabi.lib : memory.obj (.sysmem)
                  2001b008    00007ff8     --HOLE--

.bss       0    20023000    00000e4c     UNINITIALIZED
                  20023000    00000800     mqtt.a : sl_mqtt_client.obj (.bss:buf_vec)
                  20023800    000002d0            : mqtt_client.obj (.bss:clients)
                  20023ad0    00000178     simplelink.a : driver.obj (.bss:g_StatMem)
                  20023c48    000000f0     mqtt.a : sl_mqtt_client.obj (.bss:sl_cli_ctx)
                  20023d38    00000050     simplelink.a : cc_pal.obj (.bss:g_ucDinDout)
                  20023d88    00000048     mqtt.a : sl_mqtt_client.obj (.bss:mqp_vec)
                  20023dd0    00000024     (.common:g_ucConnectionSSID)
                  20023df4    00000018     (.common:recv_hvec)
                  20023e0c    00000008     (.common:g_ucConnectionBSSID)
                  20023e14    00000004     uart_if.obj (.bss)
                  20023e18    00000004     (.common:DMAMsgQ)
                  20023e1c    00000004     (.common:SimpleLinkSpawnTaskHndl)
                  20023e20    00000004     (.common:g_PBQueue)
                  20023e24    00000004     (.common:g_S2InterruptHdl)
                  20023e28    00000004     (.common:g_S3InterruptHdl)
                  20023e2c    00000004     (.common:g_cDummy)
                  20023e30    00000004     (.common:g_rx_task_hndl)
                  20023e34    00000004     (.common:g_rx_tx_sync_obj)
                  20023e38    00000004     (.common:g_wait_secs)
                  20023e3c    00000004     (.common:mqtt_lib_lockobj)
                  20023e40    00000004     (.common:simpleLink_mailbox)
                  20023e44    00000002     (.common:g_usConnectIndex)
                  20023e46    00000002     (.common:g_usTimerInts)
                  20023e48    00000001     (.common:RxIrqCnt)
                  20023e49    00000001     (.common:g_ucLED1Pin)
                  20023e4a    00000001     (.common:g_ucLED2Pin)
                  20023e4b    00000001     (.common:g_ucLED3Pin)

.data      0    20023e4c    0000017c     UNINITIALIZED
                  20023e4c    00000064     main.obj (.data:usr_connect_config)
                  20023eb0    0000004c     mqtt.a : mqtt_client.obj (.data)
                  20023efc    00000028            : sl_mqtt_client.obj (.data:net)
                  20023f24    00000014     main.obj (.data:Mqtt_Client)
                  20023f38    00000014     main.obj (.data)
                  20023f4c    00000014     gpio_if.obj (.data:ulReg)
                  20023f60    0000000c     rtsv7M4_T_le_eabi.lib : exit.obj (.data:$O1$$)
                  20023f6c    0000000c                           : memory.obj (.data:$O1$$)
                  20023f78    0000000c     main.obj (.data:SecurityParams)
                  20023f84    0000000c     gpio_if.obj (.data)
                  20023f90    0000000c     network_if.obj (.data)
                  20023f9c    00000009     simplelink.a : cc_pal.obj (.data)
                  20023fa5    00000001     mqtt.a : sl_mqtt_client.obj (.data)
                  20023fa6    00000002     --HOLE--
                  20023fa8    00000009     simplelink.a : driver.obj (.data)
                  20023fb1    00000003     --HOLE--
                  20023fb4    00000008     rtsv7M4_T_le_eabi.lib : _lock.obj (.data:$O1$$)
                  20023fbc    00000004                           : errno.obj (.data)
                  20023fc0    00000004                           : stkdepth_vars.obj (.data)
                  20023fc4    00000004                           : strtok.obj (.data)

.stack     0    2002c000    00004000     UNINITIALIZED
                  2002c000    00004000     --HOLE--

MODULE SUMMARY

       Module                     code    ro data   rw data
       ------                     ----    -------   -------
    .\
       network_if.obj             4808    212       58     
       main.obj                   2920    281       158    
       gpio_if.obj                916     0         35     
       uart_if.obj                640     0         4      
       timer_if.obj               448     0         0      
       button_if.obj              336     0         8      
       pinmux.obj                 152     0         0      
    +--+--------------------------+-------+---------+---------+
       Total:                     10220   493       263    
                                                           
    C:/TI/CC3200SDK_1.1.0/cc3200-sdk/example/mqtt_client/ccs/../../../driverlib/ccs/Release/driverlib.a
       prcm.obj                   1124    168       0      
       spi.obj                    696     24        0      
       udma.obj                   604     0         0      
       interrupt.obj              472     128       0      
       pin.obj                    274     256       0      
       timer.obj                  440     0         0      
       gpio.obj                   346     0         0      
       uart.obj                   284     0         0      
       cpu.obj                    20      0         0      
       utils.obj                  6       0         0      
    +--+--------------------------+-------+---------+---------+
       Total:                     4266    576       0      
                                                           
    C:/TI/CC3200SDK_1.1.0/cc3200-sdk/example/mqtt_client/ccs/../../../netapps/mqtt/ccs/client/mqtt.a
       mqtt_client.obj            9668    11        820    
       sl_mqtt_client.obj         2424    3         2417   
       mqtt_common.obj            2570    0         0      
       cc31xx_sl_net.obj          1724    32        0      
       cc3200_platform.obj        32      0         0      
    +--+--------------------------+-------+---------+---------+
       Total:                     16418   46        3237   
                                                           
    C:/TI/CC3200SDK_1.1.0/cc3200-sdk/example/mqtt_client/ccs/../../../oslib/ccs/ti_rtos/ti_rtos.a
       osi_tirtos.obj             1348    0         8      
    +--+--------------------------+-------+---------+---------+
       Total:                     1348    0         8      
                                                           
    C:/TI/CC3200SDK_1.1.0/cc3200-sdk/example/mqtt_client/ccs/../../../simplelink/ccs/OS/simplelink.a
       driver.obj                 6572    168       386    
       socket.obj                 2912    68        0      
       cc_pal.obj                 1788    0         97     
       netapp.obj                 1392    40        0      
       wlan.obj                   972     236       0      
       device.obj                 832     28        0      
       netcfg.obj                 272     8         0      
    +--+--------------------------+-------+---------+---------+
       Total:                     14740   548       483    
                                                           
    C:\TI\ccsv6\tools\compiler\ti-cgt-arm_15.12.1.LTS\lib\rtsv7M4_T_le_eabi.lib
       _printfi.obj               4348    0         0      
       memory.obj                 988     0         12     
       ull_div_t2.obj             500     0         0      
       fd_add_t2.obj              438     0         0      
       fd_div_t2.obj              310     0         0      
       fd_cmp_t2.obj              268     0         0      
       ctype.obj                  0       257       0      
       fd_mul_t2.obj              252     0         0      
       s_scalbn.obj               208     0         0      
       memcpy_t2.obj              156     0         0      
       vsnprintf.obj              136     0         0      
       memset_t2.obj              122     0         0      
       autoinit.obj               112     0         0      
       copy_decompress_rle.obj    112     0         0      
       exit.obj                   84      0         12     
       s_frexp.obj                92      0         0      
       ltoa.obj                   86      0         0      
       atoi.obj                   76      0         0      
       cpy_tbl.obj                76      0         0      
       fd_toi_t2.obj              72      0         0      
       strtok.obj                 64      0         4      
       boot.obj                   64      0         0      
       strncpy.obj                48      0         0      
       i_tofd_t2.obj              46      0         0      
       strspn.obj                 42      0         0      
       strncmp.obj                38      0         0      
       memmov.obj                 36      0         0      
       strcspn.obj                36      0         0      
       _lock.obj                  20      0         8      
       memccpy.obj                28      0         0      
       args_main.obj              24      0         0      
       strchr.obj                 22      0         0      
       strcpy.obj                 20      0         0      
       strlen.obj                 20      0         0      
       copy_decompress_none.obj   14      0         0      
       s_copysign.obj             8       0         0      
       errno.obj                  0       0         4      
       pre_init.obj               4       0         0      
       stkdepth_vars.obj          0       0         4      
       mpu_init.obj               2       0         0      
       startup.obj                2       0         0      
    +--+--------------------------+-------+---------+---------+
       Total:                     8974    257       44     
                                                           
       Heap:                      0       0         32768  
       Stack:                     0       0         16384  
       Linker Generated:          0       289       0      
    +--+--------------------------+-------+---------+---------+
       Grand Total:               55966   2209      53187  


LINKER GENERATED COPY TABLES

__TI_cinit_table @ 20012354 records: 2, size/record: 8, table size: 16
	.data: load addr=20012240, load size=000000fe bytes, run addr=20023e4c, run size=0000017c bytes, compression=rle
	.bss: load addr=20012340, load size=0000000b bytes, run addr=20023000, run size=00000e4c bytes, compression=rle


LINKER GENERATED HANDLER TABLE

__TI_handler_table @ 2001234c records: 2, size/record: 4, table size: 8
	index: 0, handler: __TI_decompress_rle24
	index: 1, handler: __TI_decompress_none


GLOBAL SYMBOLS: SORTED ALPHABETICALLY BY Name 

address   name                                        
-------   ----                                        
20008c45  BoardInit                                   
2000d74d  Button_IF_DisableInterrupt                  
2000d6fd  Button_IF_EnableInterrupt                   
2000d699  Button_IF_Init                              
200108a1  C$$EXIT                                     
200119b5  CPUcpsie                                    
2000c211  ClearTerm                                   
20006ce9  ConfigureSimpleLinkToDefaultState           
20010ea5  CopyPingResultsToReport                     
20023e18  DMAMsgQ                                     
20011299  DmaSpiSwIntHandler                          
2000c21b  Error                                       
20011045  GPIODirModeSet                              
200119c9  GPIOIntClear                                
20011785  GPIOIntDisable                              
2001179f  GPIOIntEnable                               
2001155d  GPIOIntStatus                               
2000fc61  GPIOIntTypeSet                              
2001183b  GPIOPinRead                                 
200115e5  GPIOPinWrite                                
2000c0fd  GPIO_IF_ConfigureNIntEnable                 
2000c179  GPIO_IF_Get                                 
2000c0b7  GPIO_IF_GetPortNPin                         
2000be79  GPIO_IF_LedConfigure                        
2000bf6b  GPIO_IF_LedOff                              
2000beb7  GPIO_IF_LedOn                               
2000c01f  GPIO_IF_LedStatus                           
2000c089  GPIO_IF_LedToggle                           
2000c13f  GPIO_IF_Set                                 
2000d679  GPIOs2IntHandler                            
2000d659  GPIOs3IntHandler                            
2000c253  GetCmd                                      
2000c1d1  InitTerm                                    
20006cad  InitializeAppVariables                      
2000f0e5  IntDisable                                  
2000f18d  IntEnable                                   
20011a8d  IntMasterEnable                             
20010745  IntPendClear                                
20011461  IntUnregister                               
20008c09  LedTimerConfigNStart                        
20008c31  LedTimerDeinitStop                          
2000c1ef  Message                                     
20008e09  MqttClient                                  
20023f24  Mqtt_Client                                 
2000738d  Network_IF_ConnectAP                        
20007691  Network_IF_CurrentMCUState                  
200071ed  Network_IF_DeInitDriver                     
2000756b  Network_IF_DisconnectFromAP                 
2000761d  Network_IF_GetHostIP                        
20007089  Network_IF_InitDriver                       
200075a9  Network_IF_IpConfigGet                      
20007689  Network_IF_ResetMCUStateMachine             
20007697  Network_IF_SetMCUMachineState               
200076b3  Network_IF_UnsetMCUMachineState             
20011a69  NwpMaskInterrupt                            
2001100d  NwpPowerOff                                 
200112c5  NwpPowerOn                                  
2000fbdd  NwpPowerOnPreamble                          
20011415  NwpRegisterInterruptHandler                 
20011a75  NwpUnMaskInterrupt                          
20011fa8  OpcodeTranslateTable                        
2000dca5  PRCMCC3200MCUInit                           
2001195d  PRCMHIBRegRead                              
20011973  PRCMHIBRegWrite                             
200113c5  PRCMPeripheralClkDisable                    
20010ee1  PRCMPeripheralClkEnable                     
2000f5e9  PRCMPeripheralClockGet                      
2001079d  PRCMPeripheralReset                         
200110b1  PRCMPeripheralStatusGet                     
2000fe65  PRCMRTCGet                                  
20011a97  PRCMRTCInUseSet                             
20010949  PRCMSlowClkCtrGet                           
200112f1  PRCMSysResetCauseGet                        
2000f939  PinConfigSet                                
20010de5  PinModeSet                                  
2000f551  PinMuxConfig                                
20011119  PinTypeGPIO                                 
200117b9  PinTypeUART                                 
2000c391  Report                                      
20023e48  RxIrqCnt                                    
20012068  RxMsgClassLUT                               
UNDEFED   SHT$$INIT_ARRAY$$Base                       
UNDEFED   SHT$$INIT_ARRAY$$Limit                      
200113ed  SL_FD_ISSET                                 
2001157f  SL_FD_SET                                   
20011a3d  SL_FD_ZERO                                  
20011853  SPICSDisable                                
2001186b  SPICSEnable                                 
2000f2dd  SPIConfigSetExpClk                          
20011883  SPIDisable                                  
200117d3  SPIDmaDisable                               
200117ed  SPIDmaEnable                                
2001189b  SPIEnable                                   
20011807  SPIFIFODisable                              
20011821  SPIFIFOEnable                               
200110e5  SPIFIFOLevelSet                             
20010bfd  SPIIntClear                                 
200109e9  SPIIntEnable                                
200115a1  SPIReset                                    
200115c3  SPIWordCountSet                             
20023f78  SecurityParams                              
20006801  SimpleLinkGeneralEventHandler               
20006a5f  SimpleLinkHttpServerCallback                
20006789  SimpleLinkNetAppEventHandler                
20006821  SimpleLinkSockEventHandler                  
20023e1c  SimpleLinkSpawnTaskHndl                     
200065c5  SimpleLinkWlanEventHandler                  
20012226  StartResponseLUT                            
20010d19  TimerConfigure                              
20011645  TimerDisable                                
20011663  TimerEnable                                 
20011a19  TimerIntClear                               
200118b3  TimerIntDisable                             
200118cb  TimerIntEnable                              
20011681  TimerIntStatus                              
200102fd  TimerIntUnregister                          
2001131d  TimerLoadSet                                
20008bd5  TimerPeriodicIntHandler                     
20011347  TimerPrescaleSet                            
200116db  TimerValueGet                               
2000cfd9  Timer_IF_DeInit                             
2000d00b  Timer_IF_GetCount                           
2000ceed  Timer_IF_Init                               
2000cf1f  Timer_IF_IntSetup                           
2000cf91  Timer_IF_InterruptClear                     
2000cff3  Timer_IF_ReLoad                             
2000cfa9  Timer_IF_Start                              
2000cfc9  Timer_IF_Stop                               
20008b53  ToggleLedState                              
2000c2f9  TrimSpace                                   
200116f7  UARTCharGetNonBlocking                      
2001169f  UARTCharPut                                 
200118e3  UARTCharsAvail                              
200100c9  UARTConfigSetExpClk                         
20011149  UARTDisable                                 
200114cd  UARTEnable                                  
20011aa7  UtilsDelay                                  
2000b887  VDeleteSimpleLinkSpawnTask                  
2000a0a7  VMqttRecvTask                               
2000b82d  VStartSimpleLinkSpawnTask                   
200120a0  _SlAcceptCmdCtrl                            
20012020  _SlActionLookupTable                        
2000ef79  _SlAsyncEventGenericHandler                 
200121e8  _SlDeviceGetCmdCtrl                         
200121ec  _SlDeviceSetCmdCtrl                         
20010c45  _SlDrvBasicCmd                              
2000e9f9  _SlDrvClassifyRxMsg                         
2000fce5  _SlDrvCmdOp                                 
20010225  _SlDrvCmdSend                               
2000ddd9  _SlDrvDataReadOp                            
2000e335  _SlDrvDataWriteOp                           
20011179  _SlDrvDeviceEventHandler                    
2000e739  _SlDrvDriverCBDeinit                        
2000d375  _SlDrvDriverCBInit                          
20011989  _SlDrvMemZero                               
2000af31  _SlDrvMsgRead                               
2000ee01  _SlDrvMsgReadCmdCtx                         
2000f37d  _SlDrvMsgReadSpawnCtx                       
2000cca1  _SlDrvMsgWrite                              
2000e53d  _SlDrvNetAppEventHandler                    
20011713  _SlDrvObjLockWaitForever                    
200118fb  _SlDrvObjUnLock                             
20010a35  _SlDrvProtectAsyncRespSetting               
200114f1  _SlDrvProtectionObjLockWaitForever          
20011605  _SlDrvProtectionObjUnLock                   
2000cad1  _SlDrvReleasePoolObj                        
20011a4d  _SlDrvResetCmdExt                           
2000c451  _SlDrvRxHdrRead                             
20010a81  _SlDrvRxIrqHandler                          
20011913  _SlDrvSyncObjSignal                         
2001172f  _SlDrvSyncObjWaitForever                    
2000d1e5  _SlDrvWaitForPoolObj                        
200121e4  _SlEventMaskGetCmdCtrl                      
200121e0  _SlEventMaskSetCmdCtrl                      
2000d4e9  _SlFindAndSetActiveObj                      
20012100  _SlGetHostByNameCtrl                        
200120fc  _SlGetHostByServiceCtrl                     
200120f4  _SlGetServiceListeCtrl                      
200120ac  _SlGetSockOptCmdCtrl                        
2001209c  _SlListenCmdCtrl                            
2001210c  _SlNetAppGetCmdCtrl                         
20012108  _SlNetAppSendTokenValueCmdCtrl              
20012104  _SlNetAppSetCmdCtrl                         
200120ec  _SlNetAppStartCtrl                          
200120f0  _SlNetAppStopCtrl                           
20012232  _SlNetCfgGetCmdCtrl                         
2001222e  _SlNetCfgSetCmdCtrl                         
20012200  _SlPayloadByProtocolLUT                     
20011fe8  _SlPolicyGetCmdCtrl                         
20011fe4  _SlPolicySetCmdCtrl                         
20011ff0  _SlProfileDelCmdCtrl                        
20011fec  _SlProfileGetCmdCtrl                        
200120a4  _SlRecvCmdCtrl                              
20012094  _SlRecvfomCmdCtrl                           
200120f8  _SlRegisterServiceCtrl                      
2000ed3d  _SlRemoveFromList                           
20011ff8  _SlRxFilterAddtCmdCtrl                      
20012000  _SlRxFilterGetCmdCtrl                       
20011ffc  _SlRxFilterSetCmdCtrl                       
200120b0  _SlSelectCmdCtrl                            
20012098  _SlSendCmdCtrl                              
200120a8  _SlSetSockOptCmdCtrl                        
20012004  _SlSmartConfigStartCmdCtrl                  
20012090  _SlSockCloseCmdCtrl                         
2001208c  _SlSockSocketCmdCtrl                        
200121dc  _SlStopCmdCtrl                              
20012010  _SlWlanCfgGetCmdCtrl                        
2001200c  _SlWlanCfgSetCmdCtrl                        
20011ff4  _SlWlanGetNetworkListCtrl                   
20012008  _SlWlanSetModeCmdCtrl                       
20030000  __STACK_END                                 
00004000  __STACK_SIZE                                
00008000  __SYSMEM_SIZE                               
20012354  __TI_CINIT_Base                             
20012364  __TI_CINIT_Limit                            
2001234c  __TI_Handler_Table_Base                     
20012354  __TI_Handler_Table_Limit                    
200101b5  __TI_auto_init                              
20023f60  __TI_cleanup_ptr                            
20011a5b  __TI_decompress_none                        
20011aad  __TI_decompress_rle24                       
20023f64  __TI_dtors_ptr                              
20023f68  __TI_enable_exit_profile_output             
ffffffff  __TI_pprof_out_hndl                         
20008683  __TI_printfi                                
ffffffff  __TI_prof_data_size                         
ffffffff  __TI_prof_data_start                        
20012240  __TI_static_base__                          
2000fad1  __aeabi_cdcmpeq                             
2000fad1  __aeabi_cdcmple                             
2000fb57  __aeabi_cdrcmple                            
20010c8d  __aeabi_d2iz                                
2000d037  __aeabi_dadd                                
2000db6d  __aeabi_ddiv                                
2000e63b  __aeabi_dmul                                
2000d02d  __aeabi_dsub                                
20011269  __aeabi_i2d                                 
2000ff5d  __aeabi_memclr                              
2000ff5d  __aeabi_memclr4                             
2000ff5d  __aeabi_memclr8                             
2000f419  __aeabi_memcpy                              
2000f419  __aeabi_memcpy4                             
2000f419  __aeabi_memcpy8                             
2000ff5f  __aeabi_memset                              
2000ff5f  __aeabi_memset4                             
2000ff5f  __aeabi_memset8                             
2000c8dd  __aeabi_uldivmod                            
ffffffff  __binit__                                   
ffffffff  __c_args__                                  
2000d1e3  __mpu_init                                  
2002c000  __stack                                     
20011945  _args_main                                  
20010e25  _c_int00                                    
20011bcc  _ctypes_                                    
20023fb4  _lock                                       
200119eb  _nop                                        
200119e3  _register_lock                              
200119dd  _register_unlock                            
20010acd  _sl_BuildAddress                            
2001192d  _sl_GetStartResponseConvert                 
200105cd  _sl_HandleAsync_Accept                      
2000ffd9  _sl_HandleAsync_Connect                     
2000f795  _sl_HandleAsync_DnsGetHostByName            
2000ec75  _sl_HandleAsync_DnsGetHostByService         
2000fee1  _sl_HandleAsync_InitComplete                
2000f821  _sl_HandleAsync_PingResponse                
2001084d  _sl_HandleAsync_Select                      
20010999  _sl_HandleAsync_Stop                        
20010365  _sl_NetAppSendTokenValue                    
20010f1d  _sl_TruncatePayloadByProtocol               
2001b000  _sys_memory                                 
2000dca3  _system_post_cinit                          
20011ab3  _system_pre_init                            
20023fb8  _unlock                                     
200108a5  abort                                       
20023f48  app_hndl                                    
20010b19  atoi                                        
ffffffff  binit                                       
2000be09  calloc                                      
20009e65  cl_ctx_remove                               
20009dc5  cl_ctx_reset                                
20009df5  cl_ctx_timeout_insert                       
20009ebb  cl_ctx_timeout_update                       
2000ac21  comm_close                                  
2000aa91  comm_open                                   
20010b65  copy_in                                     
20011a9f  copysign                                    
20011a9f  copysignl                                   
20023f40  data_sw2                                    
20023f44  data_sw3                                    
20023ec0  debug_printf                                
20023fbc  errno                                       
200108ad  exit                                        
2000bb57  free                                        
2001068d  frexp                                       
2001068d  frexpl                                      
20023fb0  gFirstCmdMode                               
20012060  g_H2NCnysPattern                            
20012058  g_H2NSyncPattern                            
20023e20  g_PBQueue                                   
20023e24  g_S2InterruptHdl                            
20023e28  g_S3InterruptHdl                            
20023f9c  g_SpiFd                                     
20023ad0  g_StatMem                                   
20023e2c  g_cDummy                                    
20023fa5  g_multi_srvr_conn                           
20023fa8  g_pCB                                       
20023fa0  g_pHostIntHdl                               
20023e30  g_rx_task_hndl                              
20023e34  g_rx_tx_sync_obj                            
20023e0c  g_ucConnectionBSSID                         
20023dd0  g_ucConnectionSSID                          
20023fa4  g_ucDMAEnabled                              
20023d38  g_ucDinDout                                 
20023e49  g_ucLED1Pin                                 
20023e4a  g_ucLED2Pin                                 
20023e4b  g_ucLED3Pin                                 
20023f84  g_uiLED1Port                                
20023f88  g_uiLED2Port                                
20023f8c  g_uiLED3Port                                
20023f98  g_ulGatewayIP                               
20023f94  g_ulStaIp                                   
20023f90  g_ulStatus                                  
20023e44  g_usConnectIndex                            
20023e46  g_usTimerInts                               
20023e38  g_wait_secs                                 
2000774d  itoa                                        
2000eba5  ldexp                                       
2000eba5  ldexpl                                      
200107f5  ltoa                                        
20009329  main                                        
20023fc0  main_func_sp                                
2000baef  malloc                                      
2000b8a3  mem_Free                                    
2000b897  mem_Malloc                                  
2000b8c3  mem_copy                                    
2000b8af  mem_set                                     
2000bd25  memalign                                    
2001174b  memccpy                                     
2000f419  memcpy                                      
20011515  memmove                                     
2000ff65  memset                                      
2000ba61  minit                                       
200099c3  mqp_ack_wlist_append                        
20009a69  mqp_ack_wlist_purge                         
200099f9  mqp_ack_wlist_remove                        
2000974f  mqp_buf_rd_remlen                           
200096df  mqp_buf_tail_wr_remlen                      
2000966d  mqp_buf_wr_utf8                             
2000608d  mqp_client_alloc                            
200095c7  mqp_free                                    
20009613  mqp_init                                    
20009abb  mqp_prep_fh                                 
200098eb  mqp_proc_msg_id_ack_rx                      
20009921  mqp_proc_pub_rx                             
200098df  mqp_proc_vh_msg_id_rx                       
2000980f  mqp_pub_append_data                         
2000975f  mqp_pub_append_topic                        
20009b31  mqp_recv                                    
20009607  mqp_reset                                   
20005f81  mqtt_client_await_msg                       
200060e1  mqtt_client_buffers_register                
20005c75  mqtt_client_ctx_await_msg                   
20006369  mqtt_client_ctx_create                      
2000641b  mqtt_client_ctx_delete                      
200061ed  mqtt_client_ctx_info_register               
20005cc7  mqtt_client_ctx_run                         
20006165  mqtt_client_ctx_will_register               
20004649  mqtt_client_is_connected                    
200064fd  mqtt_client_lib_exit                        
2000647d  mqtt_client_lib_init                        
2000626d  mqtt_client_net_svc_register                
20004641  mqtt_client_new_msg_id                      
20004e1f  mqtt_client_pub_dispatch                    
20004d91  mqtt_client_pub_msg_send                    
20005fe9  mqtt_client_run                             
20004801  mqtt_client_send_progress                   
20004c41  mqtt_connect_msg_send                       
2000518b  mqtt_disconn_send                           
20023e3c  mqtt_lib_lockobj                            
2000514f  mqtt_pingreq_send                           
20005067  mqtt_sub_dispatch                           
20005051  mqtt_sub_msg_send                           
20005091  mqtt_unsub_dispatch                         
2000507b  mqtt_unsub_msg_send                         
2000a299  mutex_lockup                                
2000a2a9  mutex_unlock                                
20023efc  net                                         
2000ba3f  osi_ContextRestore                          
2000ba3d  osi_ContextSave                             
2000b8d7  osi_EnterCritical                           
2000b8e9  osi_ExitCritical                            
2000b5b7  osi_InterruptDeRegister                     
2000b55f  osi_InterruptRegister                       
2000b6b9  osi_LockObjCreate                           
2000b761  osi_LockObjDelete                           
2000b76f  osi_LockObjLock                             
2000b7c7  osi_LockObjUnlock                           
2000b8f5  osi_MsgQCreate                              
2000b92b  osi_MsgQDelete                              
2000b99f  osi_MsgQRead                                
2000b939  osi_MsgQWrite                               
2000ba01  osi_Sleep                                   
2000b7d7  osi_Spawn                                   
2000b6a1  osi_SyncObjClear                            
2000b5d3  osi_SyncObjCreate                           
2000b61b  osi_SyncObjDelete                           
2000b629  osi_SyncObjSignal                           
2000b639  osi_SyncObjSignalFromISR                    
2000b649  osi_SyncObjWait                             
2000b6fb  osi_TaskCreate                              
2000b755  osi_TaskDelete                              
2000ba21  osi_TaskDisable                             
2000ba29  osi_TaskEnable                              
2000ba35  osi_start                                   
20023fac  pPingCallBackFunc                           
2001221b  pcDigits                                    
2001162d  platform_get_time_in_secs                   
20011625  platform_timer_init                         
20023f38  pub_topic_sw2                               
20023f3c  pub_topic_sw3                               
20008b2b  pushButtonInterruptHandler2                 
20008b3f  pushButtonInterruptHandler3                 
20009d55  qos2_pub_cq_check                           
20009cd3  qos2_pub_cq_logup                           
20009cb1  qos2_pub_cq_reset                           
20009d11  qos2_pub_cq_unlog                           
2000bc19  realloc                                     
2000ae91  recv_from                                   
2000ac33  rtc_secs                                    
2000eba5  scalbn                                      
2000eba5  scalbnl                                     
20009a9b  secure_conn_struct_init                     
2000ae11  send_dest                                   
20023e40  simpleLink_mailbox                          
2000da35  sl_Accept                                   
2000fa49  sl_Bind                                     
200111d9  sl_Close                                    
2000e125  sl_Connect                                  
2000f4b5  sl_DevGet                                   
2000a431  sl_ExtLib_MqttClientConnect                 
2000a141  sl_ExtLib_MqttClientCtxCreate               
2000a25f  sl_ExtLib_MqttClientCtxDelete               
2000a591  sl_ExtLib_MqttClientDisconnect              
2000a381  sl_ExtLib_MqttClientExit                    
2000a2b9  sl_ExtLib_MqttClientInit                    
2000a7b1  sl_ExtLib_MqttClientSend                    
2000a3d5  sl_ExtLib_MqttClientSet                     
2000a5fd  sl_ExtLib_MqttClientSub                     
2000a6e5  sl_ExtLib_MqttClientUnsub                   
20010da1  sl_Htonl                                    
20010f59  sl_Htons                                    
20010f95  sl_Listen                                   
2000e439  sl_NetAppDnsGetHostByName                   
2000f031  sl_NetAppMDNSRegisterUnregisterService      
2001107b  sl_NetAppMDNSUnRegisterService              
2000f235  sl_NetCfgGet                                
200103cd  sl_NetCfgSet                                
20010141  sl_Recv                                     
2000e019  sl_RecvFrom                                 
2000d8f9  sl_Select                                   
2000e22d  sl_Send                                     
2000df01  sl_SendTo                                   
20010435  sl_SetSockOpt                               
200106e9  sl_Socket                                   
2000eebd  sl_Start                                    
2000ead1  sl_Stop                                     
2000c699  sl_WlanConnect                              
20011a81  sl_WlanDisconnect                           
2001062d  sl_WlanPolicySet                            
20011209  sl_WlanProfileDel                           
200108f5  sl_WlanRxFilterSet                          
2001049d  sl_WlanSet                                  
20011239  sl_WlanSetMode                              
20010051  spi_Close                                   
2000d7a9  spi_Open                                    
2000e91d  spi_Read                                    
2000f8ad  spi_Write                                   
2001199f  strchr                                      
200119f1  strcpy                                      
20011539  strcspn                                     
20011a05  strlen                                      
2001143b  strncmp                                     
200111a9  strncpy                                     
20011371  strspn                                      
20010e65  strtok                                      
2000ada3  tcp_accept                                  
2000ac3b  tcp_listen                                  
2000abc1  tcp_recv                                    
2000acc7  tcp_select                                  
2000ab9b  tcp_send                                    
UNDEFED   ti_sysbios_BIOS_start__E                    
UNDEFED   ti_sysbios_family_arm_m3_Hwi_Params__init__S
UNDEFED   ti_sysbios_family_arm_m3_Hwi_create         
UNDEFED   ti_sysbios_family_arm_m3_Hwi_delete         
UNDEFED   ti_sysbios_family_arm_m3_Hwi_disableFxn__E  
UNDEFED   ti_sysbios_family_arm_m3_Hwi_getHandle__E   
UNDEFED   ti_sysbios_family_arm_m3_Hwi_restoreFxn__E  
UNDEFED   ti_sysbios_family_arm_m3_Hwi_setPriority__E 
UNDEFED   ti_sysbios_knl_Clock_tickPeriod__C          
UNDEFED   ti_sysbios_knl_Mailbox_create               
UNDEFED   ti_sysbios_knl_Mailbox_delete               
UNDEFED   ti_sysbios_knl_Mailbox_pend__E              
UNDEFED   ti_sysbios_knl_Mailbox_post__E              
UNDEFED   ti_sysbios_knl_Semaphore_Params__init__S    
UNDEFED   ti_sysbios_knl_Semaphore_create             
UNDEFED   ti_sysbios_knl_Semaphore_delete             
UNDEFED   ti_sysbios_knl_Semaphore_pend__E            
UNDEFED   ti_sysbios_knl_Semaphore_post__E            
UNDEFED   ti_sysbios_knl_Task_Params__init__S         
UNDEFED   ti_sysbios_knl_Task_create                  
UNDEFED   ti_sysbios_knl_Task_delete                  
UNDEFED   ti_sysbios_knl_Task_disable__E              
UNDEFED   ti_sysbios_knl_Task_restore__E              
UNDEFED   ti_sysbios_knl_Task_sleep__E                
UNDEFED   ti_sysbios_knl_Task_yield__E                
20010bb1  uDMAChannelAssign                           
20010505  uDMAChannelAttributeDisable                 
20010569  uDMAChannelAttributeEnable                  
20010fd1  uDMAChannelControlSet                       
20011769  uDMAChannelEnable                           
2000e82d  uDMAChannelTransferSet                      
20023e4c  usr_connect_config                          
2000f9c1  vsnprintf                                   
UNDEFED   xdc_runtime_Error_init__E                   


GLOBAL SYMBOLS: SORTED BY Symbol Address 

address   name                                        
-------   ----                                        
00004000  __STACK_SIZE                                
00008000  __SYSMEM_SIZE                               
20004641  mqtt_client_new_msg_id                      
20004649  mqtt_client_is_connected                    
20004801  mqtt_client_send_progress                   
20004c41  mqtt_connect_msg_send                       
20004d91  mqtt_client_pub_msg_send                    
20004e1f  mqtt_client_pub_dispatch                    
20005051  mqtt_sub_msg_send                           
20005067  mqtt_sub_dispatch                           
2000507b  mqtt_unsub_msg_send                         
20005091  mqtt_unsub_dispatch                         
2000514f  mqtt_pingreq_send                           
2000518b  mqtt_disconn_send                           
20005c75  mqtt_client_ctx_await_msg                   
20005cc7  mqtt_client_ctx_run                         
20005f81  mqtt_client_await_msg                       
20005fe9  mqtt_client_run                             
2000608d  mqp_client_alloc                            
200060e1  mqtt_client_buffers_register                
20006165  mqtt_client_ctx_will_register               
200061ed  mqtt_client_ctx_info_register               
2000626d  mqtt_client_net_svc_register                
20006369  mqtt_client_ctx_create                      
2000641b  mqtt_client_ctx_delete                      
2000647d  mqtt_client_lib_init                        
200064fd  mqtt_client_lib_exit                        
200065c5  SimpleLinkWlanEventHandler                  
20006789  SimpleLinkNetAppEventHandler                
20006801  SimpleLinkGeneralEventHandler               
20006821  SimpleLinkSockEventHandler                  
20006a5f  SimpleLinkHttpServerCallback                
20006cad  InitializeAppVariables                      
20006ce9  ConfigureSimpleLinkToDefaultState           
20007089  Network_IF_InitDriver                       
200071ed  Network_IF_DeInitDriver                     
2000738d  Network_IF_ConnectAP                        
2000756b  Network_IF_DisconnectFromAP                 
200075a9  Network_IF_IpConfigGet                      
2000761d  Network_IF_GetHostIP                        
20007689  Network_IF_ResetMCUStateMachine             
20007691  Network_IF_CurrentMCUState                  
20007697  Network_IF_SetMCUMachineState               
200076b3  Network_IF_UnsetMCUMachineState             
2000774d  itoa                                        
20008683  __TI_printfi                                
20008b2b  pushButtonInterruptHandler2                 
20008b3f  pushButtonInterruptHandler3                 
20008b53  ToggleLedState                              
20008bd5  TimerPeriodicIntHandler                     
20008c09  LedTimerConfigNStart                        
20008c31  LedTimerDeinitStop                          
20008c45  BoardInit                                   
20008e09  MqttClient                                  
20009329  main                                        
200095c7  mqp_free                                    
20009607  mqp_reset                                   
20009613  mqp_init                                    
2000966d  mqp_buf_wr_utf8                             
200096df  mqp_buf_tail_wr_remlen                      
2000974f  mqp_buf_rd_remlen                           
2000975f  mqp_pub_append_topic                        
2000980f  mqp_pub_append_data                         
200098df  mqp_proc_vh_msg_id_rx                       
200098eb  mqp_proc_msg_id_ack_rx                      
20009921  mqp_proc_pub_rx                             
200099c3  mqp_ack_wlist_append                        
200099f9  mqp_ack_wlist_remove                        
20009a69  mqp_ack_wlist_purge                         
20009a9b  secure_conn_struct_init                     
20009abb  mqp_prep_fh                                 
20009b31  mqp_recv                                    
20009cb1  qos2_pub_cq_reset                           
20009cd3  qos2_pub_cq_logup                           
20009d11  qos2_pub_cq_unlog                           
20009d55  qos2_pub_cq_check                           
20009dc5  cl_ctx_reset                                
20009df5  cl_ctx_timeout_insert                       
20009e65  cl_ctx_remove                               
20009ebb  cl_ctx_timeout_update                       
2000a0a7  VMqttRecvTask                               
2000a141  sl_ExtLib_MqttClientCtxCreate               
2000a25f  sl_ExtLib_MqttClientCtxDelete               
2000a299  mutex_lockup                                
2000a2a9  mutex_unlock                                
2000a2b9  sl_ExtLib_MqttClientInit                    
2000a381  sl_ExtLib_MqttClientExit                    
2000a3d5  sl_ExtLib_MqttClientSet                     
2000a431  sl_ExtLib_MqttClientConnect                 
2000a591  sl_ExtLib_MqttClientDisconnect              
2000a5fd  sl_ExtLib_MqttClientSub                     
2000a6e5  sl_ExtLib_MqttClientUnsub                   
2000a7b1  sl_ExtLib_MqttClientSend                    
2000aa91  comm_open                                   
2000ab9b  tcp_send                                    
2000abc1  tcp_recv                                    
2000ac21  comm_close                                  
2000ac33  rtc_secs                                    
2000ac3b  tcp_listen                                  
2000acc7  tcp_select                                  
2000ada3  tcp_accept                                  
2000ae11  send_dest                                   
2000ae91  recv_from                                   
2000af31  _SlDrvMsgRead                               
2000b55f  osi_InterruptRegister                       
2000b5b7  osi_InterruptDeRegister                     
2000b5d3  osi_SyncObjCreate                           
2000b61b  osi_SyncObjDelete                           
2000b629  osi_SyncObjSignal                           
2000b639  osi_SyncObjSignalFromISR                    
2000b649  osi_SyncObjWait                             
2000b6a1  osi_SyncObjClear                            
2000b6b9  osi_LockObjCreate                           
2000b6fb  osi_TaskCreate                              
2000b755  osi_TaskDelete                              
2000b761  osi_LockObjDelete                           
2000b76f  osi_LockObjLock                             
2000b7c7  osi_LockObjUnlock                           
2000b7d7  osi_Spawn                                   
2000b82d  VStartSimpleLinkSpawnTask                   
2000b887  VDeleteSimpleLinkSpawnTask                  
2000b897  mem_Malloc                                  
2000b8a3  mem_Free                                    
2000b8af  mem_set                                     
2000b8c3  mem_copy                                    
2000b8d7  osi_EnterCritical                           
2000b8e9  osi_ExitCritical                            
2000b8f5  osi_MsgQCreate                              
2000b92b  osi_MsgQDelete                              
2000b939  osi_MsgQWrite                               
2000b99f  osi_MsgQRead                                
2000ba01  osi_Sleep                                   
2000ba21  osi_TaskDisable                             
2000ba29  osi_TaskEnable                              
2000ba35  osi_start                                   
2000ba3d  osi_ContextSave                             
2000ba3f  osi_ContextRestore                          
2000ba61  minit                                       
2000baef  malloc                                      
2000bb57  free                                        
2000bc19  realloc                                     
2000bd25  memalign                                    
2000be09  calloc                                      
2000be79  GPIO_IF_LedConfigure                        
2000beb7  GPIO_IF_LedOn                               
2000bf6b  GPIO_IF_LedOff                              
2000c01f  GPIO_IF_LedStatus                           
2000c089  GPIO_IF_LedToggle                           
2000c0b7  GPIO_IF_GetPortNPin                         
2000c0fd  GPIO_IF_ConfigureNIntEnable                 
2000c13f  GPIO_IF_Set                                 
2000c179  GPIO_IF_Get                                 
2000c1d1  InitTerm                                    
2000c1ef  Message                                     
2000c211  ClearTerm                                   
2000c21b  Error                                       
2000c253  GetCmd                                      
2000c2f9  TrimSpace                                   
2000c391  Report                                      
2000c451  _SlDrvRxHdrRead                             
2000c699  sl_WlanConnect                              
2000c8dd  __aeabi_uldivmod                            
2000cad1  _SlDrvReleasePoolObj                        
2000cca1  _SlDrvMsgWrite                              
2000ceed  Timer_IF_Init                               
2000cf1f  Timer_IF_IntSetup                           
2000cf91  Timer_IF_InterruptClear                     
2000cfa9  Timer_IF_Start                              
2000cfc9  Timer_IF_Stop                               
2000cfd9  Timer_IF_DeInit                             
2000cff3  Timer_IF_ReLoad                             
2000d00b  Timer_IF_GetCount                           
2000d02d  __aeabi_dsub                                
2000d037  __aeabi_dadd                                
2000d1e3  __mpu_init                                  
2000d1e5  _SlDrvWaitForPoolObj                        
2000d375  _SlDrvDriverCBInit                          
2000d4e9  _SlFindAndSetActiveObj                      
2000d659  GPIOs3IntHandler                            
2000d679  GPIOs2IntHandler                            
2000d699  Button_IF_Init                              
2000d6fd  Button_IF_EnableInterrupt                   
2000d74d  Button_IF_DisableInterrupt                  
2000d7a9  spi_Open                                    
2000d8f9  sl_Select                                   
2000da35  sl_Accept                                   
2000db6d  __aeabi_ddiv                                
2000dca3  _system_post_cinit                          
2000dca5  PRCMCC3200MCUInit                           
2000ddd9  _SlDrvDataReadOp                            
2000df01  sl_SendTo                                   
2000e019  sl_RecvFrom                                 
2000e125  sl_Connect                                  
2000e22d  sl_Send                                     
2000e335  _SlDrvDataWriteOp                           
2000e439  sl_NetAppDnsGetHostByName                   
2000e53d  _SlDrvNetAppEventHandler                    
2000e63b  __aeabi_dmul                                
2000e739  _SlDrvDriverCBDeinit                        
2000e82d  uDMAChannelTransferSet                      
2000e91d  spi_Read                                    
2000e9f9  _SlDrvClassifyRxMsg                         
2000ead1  sl_Stop                                     
2000eba5  ldexp                                       
2000eba5  ldexpl                                      
2000eba5  scalbn                                      
2000eba5  scalbnl                                     
2000ec75  _sl_HandleAsync_DnsGetHostByService         
2000ed3d  _SlRemoveFromList                           
2000ee01  _SlDrvMsgReadCmdCtx                         
2000eebd  sl_Start                                    
2000ef79  _SlAsyncEventGenericHandler                 
2000f031  sl_NetAppMDNSRegisterUnregisterService      
2000f0e5  IntDisable                                  
2000f18d  IntEnable                                   
2000f235  sl_NetCfgGet                                
2000f2dd  SPIConfigSetExpClk                          
2000f37d  _SlDrvMsgReadSpawnCtx                       
2000f419  __aeabi_memcpy                              
2000f419  __aeabi_memcpy4                             
2000f419  __aeabi_memcpy8                             
2000f419  memcpy                                      
2000f4b5  sl_DevGet                                   
2000f551  PinMuxConfig                                
2000f5e9  PRCMPeripheralClockGet                      
2000f795  _sl_HandleAsync_DnsGetHostByName            
2000f821  _sl_HandleAsync_PingResponse                
2000f8ad  spi_Write                                   
2000f939  PinConfigSet                                
2000f9c1  vsnprintf                                   
2000fa49  sl_Bind                                     
2000fad1  __aeabi_cdcmpeq                             
2000fad1  __aeabi_cdcmple                             
2000fb57  __aeabi_cdrcmple                            
2000fbdd  NwpPowerOnPreamble                          
2000fc61  GPIOIntTypeSet                              
2000fce5  _SlDrvCmdOp                                 
2000fe65  PRCMRTCGet                                  
2000fee1  _sl_HandleAsync_InitComplete                
2000ff5d  __aeabi_memclr                              
2000ff5d  __aeabi_memclr4                             
2000ff5d  __aeabi_memclr8                             
2000ff5f  __aeabi_memset                              
2000ff5f  __aeabi_memset4                             
2000ff5f  __aeabi_memset8                             
2000ff65  memset                                      
2000ffd9  _sl_HandleAsync_Connect                     
20010051  spi_Close                                   
200100c9  UARTConfigSetExpClk                         
20010141  sl_Recv                                     
200101b5  __TI_auto_init                              
20010225  _SlDrvCmdSend                               
200102fd  TimerIntUnregister                          
20010365  _sl_NetAppSendTokenValue                    
200103cd  sl_NetCfgSet                                
20010435  sl_SetSockOpt                               
2001049d  sl_WlanSet                                  
20010505  uDMAChannelAttributeDisable                 
20010569  uDMAChannelAttributeEnable                  
200105cd  _sl_HandleAsync_Accept                      
2001062d  sl_WlanPolicySet                            
2001068d  frexp                                       
2001068d  frexpl                                      
200106e9  sl_Socket                                   
20010745  IntPendClear                                
2001079d  PRCMPeripheralReset                         
200107f5  ltoa                                        
2001084d  _sl_HandleAsync_Select                      
200108a1  C$$EXIT                                     
200108a5  abort                                       
200108ad  exit                                        
200108f5  sl_WlanRxFilterSet                          
20010949  PRCMSlowClkCtrGet                           
20010999  _sl_HandleAsync_Stop                        
200109e9  SPIIntEnable                                
20010a35  _SlDrvProtectAsyncRespSetting               
20010a81  _SlDrvRxIrqHandler                          
20010acd  _sl_BuildAddress                            
20010b19  atoi                                        
20010b65  copy_in                                     
20010bb1  uDMAChannelAssign                           
20010bfd  SPIIntClear                                 
20010c45  _SlDrvBasicCmd                              
20010c8d  __aeabi_d2iz                                
20010d19  TimerConfigure                              
20010da1  sl_Htonl                                    
20010de5  PinModeSet                                  
20010e25  _c_int00                                    
20010e65  strtok                                      
20010ea5  CopyPingResultsToReport                     
20010ee1  PRCMPeripheralClkEnable                     
20010f1d  _sl_TruncatePayloadByProtocol               
20010f59  sl_Htons                                    
20010f95  sl_Listen                                   
20010fd1  uDMAChannelControlSet                       
2001100d  NwpPowerOff                                 
20011045  GPIODirModeSet                              
2001107b  sl_NetAppMDNSUnRegisterService              
200110b1  PRCMPeripheralStatusGet                     
200110e5  SPIFIFOLevelSet                             
20011119  PinTypeGPIO                                 
20011149  UARTDisable                                 
20011179  _SlDrvDeviceEventHandler                    
200111a9  strncpy                                     
200111d9  sl_Close                                    
20011209  sl_WlanProfileDel                           
20011239  sl_WlanSetMode                              
20011269  __aeabi_i2d                                 
20011299  DmaSpiSwIntHandler                          
200112c5  NwpPowerOn                                  
200112f1  PRCMSysResetCauseGet                        
2001131d  TimerLoadSet                                
20011347  TimerPrescaleSet                            
20011371  strspn                                      
200113c5  PRCMPeripheralClkDisable                    
200113ed  SL_FD_ISSET                                 
20011415  NwpRegisterInterruptHandler                 
2001143b  strncmp                                     
20011461  IntUnregister                               
200114cd  UARTEnable                                  
200114f1  _SlDrvProtectionObjLockWaitForever          
20011515  memmove                                     
20011539  strcspn                                     
2001155d  GPIOIntStatus                               
2001157f  SL_FD_SET                                   
200115a1  SPIReset                                    
200115c3  SPIWordCountSet                             
200115e5  GPIOPinWrite                                
20011605  _SlDrvProtectionObjUnLock                   
20011625  platform_timer_init                         
2001162d  platform_get_time_in_secs                   
20011645  TimerDisable                                
20011663  TimerEnable                                 
20011681  TimerIntStatus                              
2001169f  UARTCharPut                                 
200116db  TimerValueGet                               
200116f7  UARTCharGetNonBlocking                      
20011713  _SlDrvObjLockWaitForever                    
2001172f  _SlDrvSyncObjWaitForever                    
2001174b  memccpy                                     
20011769  uDMAChannelEnable                           
20011785  GPIOIntDisable                              
2001179f  GPIOIntEnable                               
200117b9  PinTypeUART                                 
200117d3  SPIDmaDisable                               
200117ed  SPIDmaEnable                                
20011807  SPIFIFODisable                              
20011821  SPIFIFOEnable                               
2001183b  GPIOPinRead                                 
20011853  SPICSDisable                                
2001186b  SPICSEnable                                 
20011883  SPIDisable                                  
2001189b  SPIEnable                                   
200118b3  TimerIntDisable                             
200118cb  TimerIntEnable                              
200118e3  UARTCharsAvail                              
200118fb  _SlDrvObjUnLock                             
20011913  _SlDrvSyncObjSignal                         
2001192d  _sl_GetStartResponseConvert                 
20011945  _args_main                                  
2001195d  PRCMHIBRegRead                              
20011973  PRCMHIBRegWrite                             
20011989  _SlDrvMemZero                               
2001199f  strchr                                      
200119b5  CPUcpsie                                    
200119c9  GPIOIntClear                                
200119dd  _register_unlock                            
200119e3  _register_lock                              
200119eb  _nop                                        
200119f1  strcpy                                      
20011a05  strlen                                      
20011a19  TimerIntClear                               
20011a3d  SL_FD_ZERO                                  
20011a4d  _SlDrvResetCmdExt                           
20011a5b  __TI_decompress_none                        
20011a69  NwpMaskInterrupt                            
20011a75  NwpUnMaskInterrupt                          
20011a81  sl_WlanDisconnect                           
20011a8d  IntMasterEnable                             
20011a97  PRCMRTCInUseSet                             
20011a9f  copysign                                    
20011a9f  copysignl                                   
20011aa7  UtilsDelay                                  
20011aad  __TI_decompress_rle24                       
20011ab3  _system_pre_init                            
20011bcc  _ctypes_                                    
20011fa8  OpcodeTranslateTable                        
20011fe4  _SlPolicySetCmdCtrl                         
20011fe8  _SlPolicyGetCmdCtrl                         
20011fec  _SlProfileGetCmdCtrl                        
20011ff0  _SlProfileDelCmdCtrl                        
20011ff4  _SlWlanGetNetworkListCtrl                   
20011ff8  _SlRxFilterAddtCmdCtrl                      
20011ffc  _SlRxFilterSetCmdCtrl                       
20012000  _SlRxFilterGetCmdCtrl                       
20012004  _SlSmartConfigStartCmdCtrl                  
20012008  _SlWlanSetModeCmdCtrl                       
2001200c  _SlWlanCfgSetCmdCtrl                        
20012010  _SlWlanCfgGetCmdCtrl                        
20012020  _SlActionLookupTable                        
20012058  g_H2NSyncPattern                            
20012060  g_H2NCnysPattern                            
20012068  RxMsgClassLUT                               
2001208c  _SlSockSocketCmdCtrl                        
20012090  _SlSockCloseCmdCtrl                         
20012094  _SlRecvfomCmdCtrl                           
20012098  _SlSendCmdCtrl                              
2001209c  _SlListenCmdCtrl                            
200120a0  _SlAcceptCmdCtrl                            
200120a4  _SlRecvCmdCtrl                              
200120a8  _SlSetSockOptCmdCtrl                        
200120ac  _SlGetSockOptCmdCtrl                        
200120b0  _SlSelectCmdCtrl                            
200120ec  _SlNetAppStartCtrl                          
200120f0  _SlNetAppStopCtrl                           
200120f4  _SlGetServiceListeCtrl                      
200120f8  _SlRegisterServiceCtrl                      
200120fc  _SlGetHostByServiceCtrl                     
20012100  _SlGetHostByNameCtrl                        
20012104  _SlNetAppSetCmdCtrl                         
20012108  _SlNetAppSendTokenValueCmdCtrl              
2001210c  _SlNetAppGetCmdCtrl                         
200121dc  _SlStopCmdCtrl                              
200121e0  _SlEventMaskSetCmdCtrl                      
200121e4  _SlEventMaskGetCmdCtrl                      
200121e8  _SlDeviceGetCmdCtrl                         
200121ec  _SlDeviceSetCmdCtrl                         
20012200  _SlPayloadByProtocolLUT                     
2001221b  pcDigits                                    
20012226  StartResponseLUT                            
2001222e  _SlNetCfgSetCmdCtrl                         
20012232  _SlNetCfgGetCmdCtrl                         
20012240  __TI_static_base__                          
2001234c  __TI_Handler_Table_Base                     
20012354  __TI_CINIT_Base                             
20012354  __TI_Handler_Table_Limit                    
20012364  __TI_CINIT_Limit                            
2001b000  _sys_memory                                 
20023ad0  g_StatMem                                   
20023d38  g_ucDinDout                                 
20023dd0  g_ucConnectionSSID                          
20023e0c  g_ucConnectionBSSID                         
20023e18  DMAMsgQ                                     
20023e1c  SimpleLinkSpawnTaskHndl                     
20023e20  g_PBQueue                                   
20023e24  g_S2InterruptHdl                            
20023e28  g_S3InterruptHdl                            
20023e2c  g_cDummy                                    
20023e30  g_rx_task_hndl                              
20023e34  g_rx_tx_sync_obj                            
20023e38  g_wait_secs                                 
20023e3c  mqtt_lib_lockobj                            
20023e40  simpleLink_mailbox                          
20023e44  g_usConnectIndex                            
20023e46  g_usTimerInts                               
20023e48  RxIrqCnt                                    
20023e49  g_ucLED1Pin                                 
20023e4a  g_ucLED2Pin                                 
20023e4b  g_ucLED3Pin                                 
20023e4c  usr_connect_config                          
20023ec0  debug_printf                                
20023efc  net                                         
20023f24  Mqtt_Client                                 
20023f38  pub_topic_sw2                               
20023f3c  pub_topic_sw3                               
20023f40  data_sw2                                    
20023f44  data_sw3                                    
20023f48  app_hndl                                    
20023f60  __TI_cleanup_ptr                            
20023f64  __TI_dtors_ptr                              
20023f68  __TI_enable_exit_profile_output             
20023f78  SecurityParams                              
20023f84  g_uiLED1Port                                
20023f88  g_uiLED2Port                                
20023f8c  g_uiLED3Port                                
20023f90  g_ulStatus                                  
20023f94  g_ulStaIp                                   
20023f98  g_ulGatewayIP                               
20023f9c  g_SpiFd                                     
20023fa0  g_pHostIntHdl                               
20023fa4  g_ucDMAEnabled                              
20023fa5  g_multi_srvr_conn                           
20023fa8  g_pCB                                       
20023fac  pPingCallBackFunc                           
20023fb0  gFirstCmdMode                               
20023fb4  _lock                                       
20023fb8  _unlock                                     
20023fbc  errno                                       
20023fc0  main_func_sp                                
2002c000  __stack                                     
20030000  __STACK_END                                 
ffffffff  __TI_pprof_out_hndl                         
ffffffff  __TI_prof_data_size                         
ffffffff  __TI_prof_data_start                        
ffffffff  __binit__                                   
ffffffff  __c_args__                                  
ffffffff  binit                                       
UNDEFED   SHT$$INIT_ARRAY$$Base                       
UNDEFED   SHT$$INIT_ARRAY$$Limit                      
UNDEFED   ti_sysbios_BIOS_start__E                    
UNDEFED   ti_sysbios_family_arm_m3_Hwi_Params__init__S
UNDEFED   ti_sysbios_family_arm_m3_Hwi_create         
UNDEFED   ti_sysbios_family_arm_m3_Hwi_delete         
UNDEFED   ti_sysbios_family_arm_m3_Hwi_disableFxn__E  
UNDEFED   ti_sysbios_family_arm_m3_Hwi_getHandle__E   
UNDEFED   ti_sysbios_family_arm_m3_Hwi_restoreFxn__E  
UNDEFED   ti_sysbios_family_arm_m3_Hwi_setPriority__E 
UNDEFED   ti_sysbios_knl_Clock_tickPeriod__C          
UNDEFED   ti_sysbios_knl_Mailbox_create               
UNDEFED   ti_sysbios_knl_Mailbox_delete               
UNDEFED   ti_sysbios_knl_Mailbox_pend__E              
UNDEFED   ti_sysbios_knl_Mailbox_post__E              
UNDEFED   ti_sysbios_knl_Semaphore_Params__init__S    
UNDEFED   ti_sysbios_knl_Semaphore_create             
UNDEFED   ti_sysbios_knl_Semaphore_delete             
UNDEFED   ti_sysbios_knl_Semaphore_pend__E            
UNDEFED   ti_sysbios_knl_Semaphore_post__E            
UNDEFED   ti_sysbios_knl_Task_Params__init__S         
UNDEFED   ti_sysbios_knl_Task_create                  
UNDEFED   ti_sysbios_knl_Task_delete                  
UNDEFED   ti_sysbios_knl_Task_disable__E              
UNDEFED   ti_sysbios_knl_Task_restore__E              
UNDEFED   ti_sysbios_knl_Task_sleep__E                
UNDEFED   ti_sysbios_knl_Task_yield__E                
UNDEFED   xdc_runtime_Error_init__E                   

[525 symbols]
