<?xml version="1.0"?>
<link_info>
   <banner>TI ARM Linker PC v15.12.1.LTS</banner>
   <copyright>Copyright (c) 1996-2015 Texas Instruments Incorporated</copyright>
   <link_time>0x56e955af</link_time>
   <link_errors>0x1</link_errors>
   <output_file>mqtt_client.out</output_file>
   <entry_point>
      <name>_c_int00</name>
      <address>0x20010e25</address>
   </entry_point>
   <input_file_list>
      <input_file id="fl-2">
         <path>.\</path>
         <kind>object</kind>
         <file>button_if.obj</file>
         <name>button_if.obj</name>
      </input_file>
      <input_file id="fl-3">
         <path>.\</path>
         <kind>object</kind>
         <file>gpio_if.obj</file>
         <name>gpio_if.obj</name>
      </input_file>
      <input_file id="fl-4">
         <path>.\</path>
         <kind>object</kind>
         <file>main.obj</file>
         <name>main.obj</name>
      </input_file>
      <input_file id="fl-5">
         <path>.\</path>
         <kind>object</kind>
         <file>network_if.obj</file>
         <name>network_if.obj</name>
      </input_file>
      <input_file id="fl-6">
         <path>.\</path>
         <kind>object</kind>
         <file>pinmux.obj</file>
         <name>pinmux.obj</name>
      </input_file>
      <input_file id="fl-7">
         <path>.\</path>
         <kind>object</kind>
         <file>timer_if.obj</file>
         <name>timer_if.obj</name>
      </input_file>
      <input_file id="fl-8">
         <path>.\</path>
         <kind>object</kind>
         <file>uart_if.obj</file>
         <name>uart_if.obj</name>
      </input_file>
      <input_file id="fl-c6">
         <path>C:\TI\ccsv6\tools\compiler\ti-cgt-arm_15.12.1.LTS\lib\</path>
         <kind>archive</kind>
         <file>rtsv7M4_T_le_eabi.lib</file>
         <name>boot.obj</name>
      </input_file>
      <input_file id="fl-c7">
         <path>C:\TI\ccsv6\tools\compiler\ti-cgt-arm_15.12.1.LTS\lib\</path>
         <kind>archive</kind>
         <file>rtsv7M4_T_le_eabi.lib</file>
         <name>copy_decompress_none.obj</name>
      </input_file>
      <input_file id="fl-c8">
         <path>C:\TI\ccsv6\tools\compiler\ti-cgt-arm_15.12.1.LTS\lib\</path>
         <kind>archive</kind>
         <file>rtsv7M4_T_le_eabi.lib</file>
         <name>copy_decompress_rle.obj</name>
      </input_file>
      <input_file id="fl-c9">
         <path>C:\TI\ccsv6\tools\compiler\ti-cgt-arm_15.12.1.LTS\lib\</path>
         <kind>archive</kind>
         <file>rtsv7M4_T_le_eabi.lib</file>
         <name>copy_zero_init.obj</name>
      </input_file>
      <input_file id="fl-ca">
         <path>C:\TI\ccsv6\tools\compiler\ti-cgt-arm_15.12.1.LTS\lib\</path>
         <kind>archive</kind>
         <file>rtsv7M4_T_le_eabi.lib</file>
         <name>exit.obj</name>
      </input_file>
      <input_file id="fl-cb">
         <path>C:\TI\ccsv6\tools\compiler\ti-cgt-arm_15.12.1.LTS\lib\</path>
         <kind>archive</kind>
         <file>rtsv7M4_T_le_eabi.lib</file>
         <name>memcpy_t2.obj</name>
      </input_file>
      <input_file id="fl-cc">
         <path>C:\TI\ccsv6\tools\compiler\ti-cgt-arm_15.12.1.LTS\lib\</path>
         <kind>archive</kind>
         <file>rtsv7M4_T_le_eabi.lib</file>
         <name>memmov.obj</name>
      </input_file>
      <input_file id="fl-cd">
         <path>C:\TI\ccsv6\tools\compiler\ti-cgt-arm_15.12.1.LTS\lib\</path>
         <kind>archive</kind>
         <file>rtsv7M4_T_le_eabi.lib</file>
         <name>memory.obj</name>
      </input_file>
      <input_file id="fl-ce">
         <path>C:\TI\ccsv6\tools\compiler\ti-cgt-arm_15.12.1.LTS\lib\</path>
         <kind>archive</kind>
         <file>rtsv7M4_T_le_eabi.lib</file>
         <name>memset_t2.obj</name>
      </input_file>
      <input_file id="fl-cf">
         <path>C:\TI\ccsv6\tools\compiler\ti-cgt-arm_15.12.1.LTS\lib\</path>
         <kind>archive</kind>
         <file>rtsv7M4_T_le_eabi.lib</file>
         <name>mpu_init.obj</name>
      </input_file>
      <input_file id="fl-d0">
         <path>C:\TI\ccsv6\tools\compiler\ti-cgt-arm_15.12.1.LTS\lib\</path>
         <kind>archive</kind>
         <file>rtsv7M4_T_le_eabi.lib</file>
         <name>pre_init.obj</name>
      </input_file>
      <input_file id="fl-d1">
         <path>C:\TI\ccsv6\tools\compiler\ti-cgt-arm_15.12.1.LTS\lib\</path>
         <kind>archive</kind>
         <file>rtsv7M4_T_le_eabi.lib</file>
         <name>stkdepth_vars.obj</name>
      </input_file>
      <input_file id="fl-d2">
         <path>C:\TI\ccsv6\tools\compiler\ti-cgt-arm_15.12.1.LTS\lib\</path>
         <kind>archive</kind>
         <file>rtsv7M4_T_le_eabi.lib</file>
         <name>strlen.obj</name>
      </input_file>
      <input_file id="fl-d3">
         <path>C:\TI\ccsv6\tools\compiler\ti-cgt-arm_15.12.1.LTS\lib\</path>
         <kind>archive</kind>
         <file>rtsv7M4_T_le_eabi.lib</file>
         <name>strncmp.obj</name>
      </input_file>
      <input_file id="fl-d4">
         <path>C:\TI\ccsv6\tools\compiler\ti-cgt-arm_15.12.1.LTS\lib\</path>
         <kind>archive</kind>
         <file>rtsv7M4_T_le_eabi.lib</file>
         <name>strncpy.obj</name>
      </input_file>
      <input_file id="fl-d5">
         <path>C:\TI\ccsv6\tools\compiler\ti-cgt-arm_15.12.1.LTS\lib\</path>
         <kind>archive</kind>
         <file>rtsv7M4_T_le_eabi.lib</file>
         <name>vsnprintf.obj</name>
      </input_file>
      <input_file id="fl-d6">
         <path>C:\TI\ccsv6\tools\compiler\ti-cgt-arm_15.12.1.LTS\lib\</path>
         <kind>archive</kind>
         <file>rtsv7M4_T_le_eabi.lib</file>
         <name>_lock.obj</name>
      </input_file>
      <input_file id="fl-d7">
         <path>C:\TI\ccsv6\tools\compiler\ti-cgt-arm_15.12.1.LTS\lib\</path>
         <kind>archive</kind>
         <file>rtsv7M4_T_le_eabi.lib</file>
         <name>_printfi.obj</name>
      </input_file>
      <input_file id="fl-d8">
         <path>C:\TI\ccsv6\tools\compiler\ti-cgt-arm_15.12.1.LTS\lib\</path>
         <kind>archive</kind>
         <file>rtsv7M4_T_le_eabi.lib</file>
         <name>args_main.obj</name>
      </input_file>
      <input_file id="fl-d9">
         <path>C:\TI\ccsv6\tools\compiler\ti-cgt-arm_15.12.1.LTS\lib\</path>
         <kind>archive</kind>
         <file>rtsv7M4_T_le_eabi.lib</file>
         <name>atoi.obj</name>
      </input_file>
      <input_file id="fl-da">
         <path>C:\TI\ccsv6\tools\compiler\ti-cgt-arm_15.12.1.LTS\lib\</path>
         <kind>archive</kind>
         <file>rtsv7M4_T_le_eabi.lib</file>
         <name>autoinit.obj</name>
      </input_file>
      <input_file id="fl-db">
         <path>C:\TI\ccsv6\tools\compiler\ti-cgt-arm_15.12.1.LTS\lib\</path>
         <kind>archive</kind>
         <file>rtsv7M4_T_le_eabi.lib</file>
         <name>cpy_tbl.obj</name>
      </input_file>
      <input_file id="fl-dc">
         <path>C:\TI\ccsv6\tools\compiler\ti-cgt-arm_15.12.1.LTS\lib\</path>
         <kind>archive</kind>
         <file>rtsv7M4_T_le_eabi.lib</file>
         <name>ctype.obj</name>
      </input_file>
      <input_file id="fl-dd">
         <path>C:\TI\ccsv6\tools\compiler\ti-cgt-arm_15.12.1.LTS\lib\</path>
         <kind>archive</kind>
         <file>rtsv7M4_T_le_eabi.lib</file>
         <name>fd_add_t2.obj</name>
      </input_file>
      <input_file id="fl-de">
         <path>C:\TI\ccsv6\tools\compiler\ti-cgt-arm_15.12.1.LTS\lib\</path>
         <kind>archive</kind>
         <file>rtsv7M4_T_le_eabi.lib</file>
         <name>fd_cmp_t2.obj</name>
      </input_file>
      <input_file id="fl-df">
         <path>C:\TI\ccsv6\tools\compiler\ti-cgt-arm_15.12.1.LTS\lib\</path>
         <kind>archive</kind>
         <file>rtsv7M4_T_le_eabi.lib</file>
         <name>fd_div_t2.obj</name>
      </input_file>
      <input_file id="fl-e0">
         <path>C:\TI\ccsv6\tools\compiler\ti-cgt-arm_15.12.1.LTS\lib\</path>
         <kind>archive</kind>
         <file>rtsv7M4_T_le_eabi.lib</file>
         <name>fd_mul_t2.obj</name>
      </input_file>
      <input_file id="fl-e1">
         <path>C:\TI\ccsv6\tools\compiler\ti-cgt-arm_15.12.1.LTS\lib\</path>
         <kind>archive</kind>
         <file>rtsv7M4_T_le_eabi.lib</file>
         <name>fd_toi_t2.obj</name>
      </input_file>
      <input_file id="fl-e2">
         <path>C:\TI\ccsv6\tools\compiler\ti-cgt-arm_15.12.1.LTS\lib\</path>
         <kind>archive</kind>
         <file>rtsv7M4_T_le_eabi.lib</file>
         <name>i_tofd_t2.obj</name>
      </input_file>
      <input_file id="fl-e3">
         <path>C:\TI\ccsv6\tools\compiler\ti-cgt-arm_15.12.1.LTS\lib\</path>
         <kind>archive</kind>
         <file>rtsv7M4_T_le_eabi.lib</file>
         <name>ltoa.obj</name>
      </input_file>
      <input_file id="fl-e4">
         <path>C:\TI\ccsv6\tools\compiler\ti-cgt-arm_15.12.1.LTS\lib\</path>
         <kind>archive</kind>
         <file>rtsv7M4_T_le_eabi.lib</file>
         <name>memccpy.obj</name>
      </input_file>
      <input_file id="fl-e5">
         <path>C:\TI\ccsv6\tools\compiler\ti-cgt-arm_15.12.1.LTS\lib\</path>
         <kind>archive</kind>
         <file>rtsv7M4_T_le_eabi.lib</file>
         <name>s_frexp.obj</name>
      </input_file>
      <input_file id="fl-e6">
         <path>C:\TI\ccsv6\tools\compiler\ti-cgt-arm_15.12.1.LTS\lib\</path>
         <kind>archive</kind>
         <file>rtsv7M4_T_le_eabi.lib</file>
         <name>s_scalbn.obj</name>
      </input_file>
      <input_file id="fl-e7">
         <path>C:\TI\ccsv6\tools\compiler\ti-cgt-arm_15.12.1.LTS\lib\</path>
         <kind>archive</kind>
         <file>rtsv7M4_T_le_eabi.lib</file>
         <name>startup.obj</name>
      </input_file>
      <input_file id="fl-e8">
         <path>C:\TI\ccsv6\tools\compiler\ti-cgt-arm_15.12.1.LTS\lib\</path>
         <kind>archive</kind>
         <file>rtsv7M4_T_le_eabi.lib</file>
         <name>strchr.obj</name>
      </input_file>
      <input_file id="fl-e9">
         <path>C:\TI\ccsv6\tools\compiler\ti-cgt-arm_15.12.1.LTS\lib\</path>
         <kind>archive</kind>
         <file>rtsv7M4_T_le_eabi.lib</file>
         <name>ull_div_t2.obj</name>
      </input_file>
      <input_file id="fl-ea">
         <path>C:\TI\ccsv6\tools\compiler\ti-cgt-arm_15.12.1.LTS\lib\</path>
         <kind>archive</kind>
         <file>rtsv7M4_T_le_eabi.lib</file>
         <name>errno.obj</name>
      </input_file>
      <input_file id="fl-eb">
         <path>C:\TI\ccsv6\tools\compiler\ti-cgt-arm_15.12.1.LTS\lib\</path>
         <kind>archive</kind>
         <file>rtsv7M4_T_le_eabi.lib</file>
         <name>s_copysign.obj</name>
      </input_file>
      <input_file id="fl-ec">
         <path>C:\TI\CC3200SDK_1.1.0\cc3200-sdk\example\mqtt_client\ccs\..\..\..\oslib\ccs\ti_rtos\</path>
         <kind>archive</kind>
         <file>ti_rtos.a</file>
         <name>osi_tirtos.obj</name>
      </input_file>
      <input_file id="fl-ed">
         <path>C:\TI\CC3200SDK_1.1.0\cc3200-sdk\example\mqtt_client\ccs\..\..\..\simplelink\ccs\OS\</path>
         <kind>archive</kind>
         <file>simplelink.a</file>
         <name>device.obj</name>
      </input_file>
      <input_file id="fl-ee">
         <path>C:\TI\CC3200SDK_1.1.0\cc3200-sdk\example\mqtt_client\ccs\..\..\..\simplelink\ccs\OS\</path>
         <kind>archive</kind>
         <file>simplelink.a</file>
         <name>driver.obj</name>
      </input_file>
      <input_file id="fl-ef">
         <path>C:\TI\CC3200SDK_1.1.0\cc3200-sdk\example\mqtt_client\ccs\..\..\..\simplelink\ccs\OS\</path>
         <kind>archive</kind>
         <file>simplelink.a</file>
         <name>netapp.obj</name>
      </input_file>
      <input_file id="fl-f0">
         <path>C:\TI\CC3200SDK_1.1.0\cc3200-sdk\example\mqtt_client\ccs\..\..\..\simplelink\ccs\OS\</path>
         <kind>archive</kind>
         <file>simplelink.a</file>
         <name>netcfg.obj</name>
      </input_file>
      <input_file id="fl-f1">
         <path>C:\TI\CC3200SDK_1.1.0\cc3200-sdk\example\mqtt_client\ccs\..\..\..\simplelink\ccs\OS\</path>
         <kind>archive</kind>
         <file>simplelink.a</file>
         <name>socket.obj</name>
      </input_file>
      <input_file id="fl-f2">
         <path>C:\TI\CC3200SDK_1.1.0\cc3200-sdk\example\mqtt_client\ccs\..\..\..\simplelink\ccs\OS\</path>
         <kind>archive</kind>
         <file>simplelink.a</file>
         <name>wlan.obj</name>
      </input_file>
      <input_file id="fl-f3">
         <path>C:\TI\CC3200SDK_1.1.0\cc3200-sdk\example\mqtt_client\ccs\..\..\..\simplelink\ccs\OS\</path>
         <kind>archive</kind>
         <file>simplelink.a</file>
         <name>cc_pal.obj</name>
      </input_file>
      <input_file id="fl-f4">
         <path>C:\TI\CC3200SDK_1.1.0\cc3200-sdk\example\mqtt_client\ccs\..\..\..\netapps\mqtt\ccs\client\</path>
         <kind>archive</kind>
         <file>mqtt.a</file>
         <name>sl_mqtt_client.obj</name>
      </input_file>
      <input_file id="fl-f5">
         <path>C:\TI\CC3200SDK_1.1.0\cc3200-sdk\example\mqtt_client\ccs\..\..\..\netapps\mqtt\ccs\client\</path>
         <kind>archive</kind>
         <file>mqtt.a</file>
         <name>cc31xx_sl_net.obj</name>
      </input_file>
      <input_file id="fl-f6">
         <path>C:\TI\CC3200SDK_1.1.0\cc3200-sdk\example\mqtt_client\ccs\..\..\..\netapps\mqtt\ccs\client\</path>
         <kind>archive</kind>
         <file>mqtt.a</file>
         <name>cc3200_platform.obj</name>
      </input_file>
      <input_file id="fl-f7">
         <path>C:\TI\CC3200SDK_1.1.0\cc3200-sdk\example\mqtt_client\ccs\..\..\..\netapps\mqtt\ccs\client\</path>
         <kind>archive</kind>
         <file>mqtt.a</file>
         <name>mqtt_client.obj</name>
      </input_file>
      <input_file id="fl-f8">
         <path>C:\TI\CC3200SDK_1.1.0\cc3200-sdk\example\mqtt_client\ccs\..\..\..\netapps\mqtt\ccs\client\</path>
         <kind>archive</kind>
         <file>mqtt.a</file>
         <name>mqtt_common.obj</name>
      </input_file>
      <input_file id="fl-f9">
         <path>C:\TI\CC3200SDK_1.1.0\cc3200-sdk\example\mqtt_client\ccs\..\..\..\driverlib\ccs\Release\</path>
         <kind>archive</kind>
         <file>driverlib.a</file>
         <name>gpio.obj</name>
      </input_file>
      <input_file id="fl-fa">
         <path>C:\TI\CC3200SDK_1.1.0\cc3200-sdk\example\mqtt_client\ccs\..\..\..\driverlib\ccs\Release\</path>
         <kind>archive</kind>
         <file>driverlib.a</file>
         <name>interrupt.obj</name>
      </input_file>
      <input_file id="fl-fb">
         <path>C:\TI\CC3200SDK_1.1.0\cc3200-sdk\example\mqtt_client\ccs\..\..\..\driverlib\ccs\Release\</path>
         <kind>archive</kind>
         <file>driverlib.a</file>
         <name>pin.obj</name>
      </input_file>
      <input_file id="fl-fc">
         <path>C:\TI\CC3200SDK_1.1.0\cc3200-sdk\example\mqtt_client\ccs\..\..\..\driverlib\ccs\Release\</path>
         <kind>archive</kind>
         <file>driverlib.a</file>
         <name>prcm.obj</name>
      </input_file>
      <input_file id="fl-fd">
         <path>C:\TI\CC3200SDK_1.1.0\cc3200-sdk\example\mqtt_client\ccs\..\..\..\driverlib\ccs\Release\</path>
         <kind>archive</kind>
         <file>driverlib.a</file>
         <name>spi.obj</name>
      </input_file>
      <input_file id="fl-fe">
         <path>C:\TI\CC3200SDK_1.1.0\cc3200-sdk\example\mqtt_client\ccs\..\..\..\driverlib\ccs\Release\</path>
         <kind>archive</kind>
         <file>driverlib.a</file>
         <name>timer.obj</name>
      </input_file>
      <input_file id="fl-ff">
         <path>C:\TI\CC3200SDK_1.1.0\cc3200-sdk\example\mqtt_client\ccs\..\..\..\driverlib\ccs\Release\</path>
         <kind>archive</kind>
         <file>driverlib.a</file>
         <name>uart.obj</name>
      </input_file>
      <input_file id="fl-100">
         <path>C:\TI\CC3200SDK_1.1.0\cc3200-sdk\example\mqtt_client\ccs\..\..\..\driverlib\ccs\Release\</path>
         <kind>archive</kind>
         <file>driverlib.a</file>
         <name>udma.obj</name>
      </input_file>
      <input_file id="fl-101">
         <path>C:\TI\CC3200SDK_1.1.0\cc3200-sdk\example\mqtt_client\ccs\..\..\..\driverlib\ccs\Release\</path>
         <kind>archive</kind>
         <file>driverlib.a</file>
         <name>utils.obj</name>
      </input_file>
      <input_file id="fl-102">
         <path>C:\TI\CC3200SDK_1.1.0\cc3200-sdk\example\mqtt_client\ccs\..\..\..\driverlib\ccs\Release\</path>
         <kind>archive</kind>
         <file>driverlib.a</file>
         <name>cpu.obj</name>
      </input_file>
      <input_file id="fl-103">
         <path>C:\TI\CC3200SDK_1.1.0\cc3200-sdk\example\mqtt_client\ccs\..\..\..\driverlib\ccs\Release\</path>
         <kind>archive</kind>
         <file>driverlib.a</file>
         <name>flash.obj</name>
      </input_file>
      <input_file id="fl-104">
         <path>C:\TI\ccsv6\tools\compiler\ti-cgt-arm_15.12.1.LTS\lib\</path>
         <kind>archive</kind>
         <file>rtsv7M4_T_le_eabi.lib</file>
         <name>strcpy.obj</name>
      </input_file>
      <input_file id="fl-105">
         <path>C:\TI\ccsv6\tools\compiler\ti-cgt-arm_15.12.1.LTS\lib\</path>
         <kind>archive</kind>
         <file>rtsv7M4_T_le_eabi.lib</file>
         <name>strtok.obj</name>
      </input_file>
      <input_file id="fl-106">
         <path>C:\TI\ccsv6\tools\compiler\ti-cgt-arm_15.12.1.LTS\lib\</path>
         <kind>archive</kind>
         <file>rtsv7M4_T_le_eabi.lib</file>
         <name>strcspn.obj</name>
      </input_file>
      <input_file id="fl-107">
         <path>C:\TI\ccsv6\tools\compiler\ti-cgt-arm_15.12.1.LTS\lib\</path>
         <kind>archive</kind>
         <file>rtsv7M4_T_le_eabi.lib</file>
         <name>strspn.obj</name>
      </input_file>
   </input_file_list>
   <object_component_list>
      <object_component id="oc-1ad">
         <name>.text</name>
         <load_address>0x20004000</load_address>
         <run_address>0x20004000</run_address>
         <size>0x25c4</size>
         <input_file_ref idref="fl-f7"/>
      </object_component>
      <object_component id="oc-11d">
         <name>.text</name>
         <load_address>0x200065c4</load_address>
         <run_address>0x200065c4</run_address>
         <size>0x12c8</size>
         <input_file_ref idref="fl-5"/>
      </object_component>
      <object_component id="oc-388">
         <name>.text</name>
         <load_address>0x2000788c</load_address>
         <run_address>0x2000788c</run_address>
         <size>0x10fc</size>
         <input_file_ref idref="fl-d7"/>
      </object_component>
      <object_component id="oc-9d">
         <name>.text</name>
         <load_address>0x20008988</load_address>
         <run_address>0x20008988</run_address>
         <size>0xb68</size>
         <input_file_ref idref="fl-4"/>
      </object_component>
      <object_component id="oc-3a2">
         <name>.text</name>
         <load_address>0x200094f0</load_address>
         <run_address>0x200094f0</run_address>
         <size>0xa0a</size>
         <input_file_ref idref="fl-f8"/>
      </object_component>
      <object_component id="oc-69a">
         <name>.text:IntDefaultHandler</name>
         <load_address>0x20009efa</load_address>
         <run_address>0x20009efa</run_address>
         <size>0x2</size>
         <input_file_ref idref="fl-fa"/>
      </object_component>
      <object_component id="oc-e3">
         <name>.text</name>
         <load_address>0x20009efc</load_address>
         <run_address>0x20009efc</run_address>
         <size>0x978</size>
         <input_file_ref idref="fl-f4"/>
      </object_component>
      <object_component id="oc-3c9">
         <name>.text</name>
         <load_address>0x2000a874</load_address>
         <run_address>0x2000a874</run_address>
         <size>0x6bc</size>
         <input_file_ref idref="fl-f5"/>
      </object_component>
      <object_component id="oc-843">
         <name>.text:_SlDrvMsgRead</name>
         <load_address>0x2000af30</load_address>
         <run_address>0x2000af30</run_address>
         <size>0x5ec</size>
         <input_file_ref idref="fl-ee"/>
      </object_component>
      <object_component id="oc-e9">
         <name>.text</name>
         <load_address>0x2000b51c</load_address>
         <run_address>0x2000b51c</run_address>
         <size>0x544</size>
         <input_file_ref idref="fl-ec"/>
      </object_component>
      <object_component id="oc-cb">
         <name>.text</name>
         <load_address>0x2000ba60</load_address>
         <run_address>0x2000ba60</run_address>
         <size>0x3dc</size>
         <input_file_ref idref="fl-cd"/>
      </object_component>
      <object_component id="oc-ef">
         <name>.text</name>
         <load_address>0x2000be3c</load_address>
         <run_address>0x2000be3c</run_address>
         <size>0x394</size>
         <input_file_ref idref="fl-3"/>
      </object_component>
      <object_component id="oc-dd">
         <name>.text</name>
         <load_address>0x2000c1d0</load_address>
         <run_address>0x2000c1d0</run_address>
         <size>0x280</size>
         <input_file_ref idref="fl-8"/>
      </object_component>
      <object_component id="oc-8b5">
         <name>.text:_SlDrvRxHdrRead</name>
         <load_address>0x2000c450</load_address>
         <run_address>0x2000c450</run_address>
         <size>0x248</size>
         <input_file_ref idref="fl-ee"/>
      </object_component>
      <object_component id="oc-30d">
         <name>.text:sl_WlanConnect</name>
         <load_address>0x2000c698</load_address>
         <run_address>0x2000c698</run_address>
         <size>0x244</size>
         <input_file_ref idref="fl-f2"/>
      </object_component>
      <object_component id="oc-59f">
         <name>.text</name>
         <load_address>0x2000c8dc</load_address>
         <run_address>0x2000c8dc</run_address>
         <size>0x1f4</size>
         <input_file_ref idref="fl-e9"/>
      </object_component>
      <object_component id="oc-4ec">
         <name>.text:_SlDrvReleasePoolObj</name>
         <load_address>0x2000cad0</load_address>
         <run_address>0x2000cad0</run_address>
         <size>0x1d0</size>
         <input_file_ref idref="fl-ee"/>
      </object_component>
      <object_component id="oc-73a">
         <name>.text:_SlDrvMsgWrite</name>
         <load_address>0x2000cca0</load_address>
         <run_address>0x2000cca0</run_address>
         <size>0x1cc</size>
         <input_file_ref idref="fl-ee"/>
      </object_component>
      <object_component id="oc-101">
         <name>.text</name>
         <load_address>0x2000ce6c</load_address>
         <run_address>0x2000ce6c</run_address>
         <size>0x1c0</size>
         <input_file_ref idref="fl-7"/>
      </object_component>
      <object_component id="oc-5c8">
         <name>.text</name>
         <load_address>0x2000d02c</load_address>
         <run_address>0x2000d02c</run_address>
         <size>0x1b6</size>
         <input_file_ref idref="fl-dd"/>
      </object_component>
      <object_component id="oc-4f">
         <name>.text</name>
         <load_address>0x2000d1e2</load_address>
         <run_address>0x2000d1e2</run_address>
         <size>0x2</size>
         <input_file_ref idref="fl-cf"/>
      </object_component>
      <object_component id="oc-565">
         <name>.text:_SlDrvWaitForPoolObj</name>
         <load_address>0x2000d1e4</load_address>
         <run_address>0x2000d1e4</run_address>
         <size>0x190</size>
         <input_file_ref idref="fl-ee"/>
      </object_component>
      <object_component id="oc-4c2">
         <name>.text:_SlDrvDriverCBInit</name>
         <load_address>0x2000d374</load_address>
         <run_address>0x2000d374</run_address>
         <size>0x174</size>
         <input_file_ref idref="fl-ee"/>
      </object_component>
      <object_component id="oc-8c7">
         <name>.text:_SlFindAndSetActiveObj</name>
         <load_address>0x2000d4e8</load_address>
         <run_address>0x2000d4e8</run_address>
         <size>0x170</size>
         <input_file_ref idref="fl-ee"/>
      </object_component>
      <object_component id="oc-124">
         <name>.text</name>
         <load_address>0x2000d658</load_address>
         <run_address>0x2000d658</run_address>
         <size>0x150</size>
         <input_file_ref idref="fl-2"/>
      </object_component>
      <object_component id="oc-4c8">
         <name>.text:spi_Open</name>
         <load_address>0x2000d7a8</load_address>
         <run_address>0x2000d7a8</run_address>
         <size>0x150</size>
         <input_file_ref idref="fl-f3"/>
      </object_component>
      <object_component id="oc-664">
         <name>.text:sl_Select</name>
         <load_address>0x2000d8f8</load_address>
         <run_address>0x2000d8f8</run_address>
         <size>0x13c</size>
         <input_file_ref idref="fl-f1"/>
      </object_component>
      <object_component id="oc-670">
         <name>.text:sl_Accept</name>
         <load_address>0x2000da34</load_address>
         <run_address>0x2000da34</run_address>
         <size>0x138</size>
         <input_file_ref idref="fl-f1"/>
      </object_component>
      <object_component id="oc-5ae">
         <name>.text</name>
         <load_address>0x2000db6c</load_address>
         <run_address>0x2000db6c</run_address>
         <size>0x136</size>
         <input_file_ref idref="fl-df"/>
      </object_component>
      <object_component id="oc-95">
         <name>.text</name>
         <load_address>0x2000dca2</load_address>
         <run_address>0x2000dca2</run_address>
         <size>0x2</size>
         <input_file_ref idref="fl-e7"/>
      </object_component>
      <object_component id="oc-113">
         <name>.text:PRCMCC3200MCUInit</name>
         <load_address>0x2000dca4</load_address>
         <run_address>0x2000dca4</run_address>
         <size>0x134</size>
         <input_file_ref idref="fl-fc"/>
      </object_component>
      <object_component id="oc-7f0">
         <name>.text:_SlDrvDataReadOp</name>
         <load_address>0x2000ddd8</load_address>
         <run_address>0x2000ddd8</run_address>
         <size>0x128</size>
         <input_file_ref idref="fl-ee"/>
      </object_component>
      <object_component id="oc-676">
         <name>.text:sl_SendTo</name>
         <load_address>0x2000df00</load_address>
         <run_address>0x2000df00</run_address>
         <size>0x118</size>
         <input_file_ref idref="fl-f1"/>
      </object_component>
      <object_component id="oc-67c">
         <name>.text:sl_RecvFrom</name>
         <load_address>0x2000e018</load_address>
         <run_address>0x2000e018</run_address>
         <size>0x10c</size>
         <input_file_ref idref="fl-f1"/>
      </object_component>
      <object_component id="oc-63a">
         <name>.text:sl_Connect</name>
         <load_address>0x2000e124</load_address>
         <run_address>0x2000e124</run_address>
         <size>0x108</size>
         <input_file_ref idref="fl-f1"/>
      </object_component>
      <object_component id="oc-646">
         <name>.text:sl_Send</name>
         <load_address>0x2000e22c</load_address>
         <run_address>0x2000e22c</run_address>
         <size>0x108</size>
         <input_file_ref idref="fl-f1"/>
      </object_component>
      <object_component id="oc-7e9">
         <name>.text:_SlDrvDataWriteOp</name>
         <load_address>0x2000e334</load_address>
         <run_address>0x2000e334</run_address>
         <size>0x104</size>
         <input_file_ref idref="fl-ee"/>
      </object_component>
      <object_component id="oc-31b">
         <name>.text:sl_NetAppDnsGetHostByName</name>
         <load_address>0x2000e438</load_address>
         <run_address>0x2000e438</run_address>
         <size>0x104</size>
         <input_file_ref idref="fl-ef"/>
      </object_component>
      <object_component id="oc-90b">
         <name>.text:_SlDrvNetAppEventHandler</name>
         <load_address>0x2000e53c</load_address>
         <run_address>0x2000e53c</run_address>
         <size>0xfe</size>
         <input_file_ref idref="fl-ef"/>
      </object_component>
      <object_component id="oc-5a9">
         <name>.text</name>
         <load_address>0x2000e63a</load_address>
         <run_address>0x2000e63a</run_address>
         <size>0xfc</size>
         <input_file_ref idref="fl-e0"/>
      </object_component>
      <object_component id="oc-51e">
         <name>.text:_SlDrvDriverCBDeinit</name>
         <load_address>0x2000e738</load_address>
         <run_address>0x2000e738</run_address>
         <size>0xf4</size>
         <input_file_ref idref="fl-ee"/>
      </object_component>
      <object_component id="oc-975">
         <name>.text:uDMAChannelTransferSet</name>
         <load_address>0x2000e82c</load_address>
         <run_address>0x2000e82c</run_address>
         <size>0xf0</size>
         <input_file_ref idref="fl-100"/>
      </object_component>
      <object_component id="oc-8c1">
         <name>.text:spi_Read</name>
         <load_address>0x2000e91c</load_address>
         <run_address>0x2000e91c</run_address>
         <size>0xdc</size>
         <input_file_ref idref="fl-f3"/>
      </object_component>
      <object_component id="oc-8bb">
         <name>.text:_SlDrvClassifyRxMsg</name>
         <load_address>0x2000e9f8</load_address>
         <run_address>0x2000e9f8</run_address>
         <size>0xd8</size>
         <input_file_ref idref="fl-ee"/>
      </object_component>
      <object_component id="oc-2cf">
         <name>.text:sl_Stop</name>
         <load_address>0x2000ead0</load_address>
         <run_address>0x2000ead0</run_address>
         <size>0xd4</size>
         <input_file_ref idref="fl-ed"/>
      </object_component>
      <object_component id="oc-5d3">
         <name>.text</name>
         <load_address>0x2000eba4</load_address>
         <run_address>0x2000eba4</run_address>
         <size>0xd0</size>
         <input_file_ref idref="fl-e6"/>
      </object_component>
      <object_component id="oc-93f">
         <name>.text:_sl_HandleAsync_DnsGetHostByService</name>
         <load_address>0x2000ec74</load_address>
         <run_address>0x2000ec74</run_address>
         <size>0xc8</size>
         <input_file_ref idref="fl-ef"/>
      </object_component>
      <object_component id="oc-713">
         <name>.text:_SlRemoveFromList</name>
         <load_address>0x2000ed3c</load_address>
         <run_address>0x2000ed3c</run_address>
         <size>0xc4</size>
         <input_file_ref idref="fl-ee"/>
      </object_component>
      <object_component id="oc-740">
         <name>.text:_SlDrvMsgReadCmdCtx</name>
         <load_address>0x2000ee00</load_address>
         <run_address>0x2000ee00</run_address>
         <size>0xbc</size>
         <input_file_ref idref="fl-ee"/>
      </object_component>
      <object_component id="oc-2c3">
         <name>.text:sl_Start</name>
         <load_address>0x2000eebc</load_address>
         <run_address>0x2000eebc</run_address>
         <size>0xbc</size>
         <input_file_ref idref="fl-ed"/>
      </object_component>
      <object_component id="oc-849">
         <name>.text:_SlAsyncEventGenericHandler</name>
         <load_address>0x2000ef78</load_address>
         <run_address>0x2000ef78</run_address>
         <size>0xb8</size>
         <input_file_ref idref="fl-ee"/>
      </object_component>
      <object_component id="oc-54d">
         <name>.text:sl_NetAppMDNSRegisterUnregisterService</name>
         <load_address>0x2000f030</load_address>
         <run_address>0x2000f030</run_address>
         <size>0xb4</size>
         <input_file_ref idref="fl-ef"/>
      </object_component>
      <object_component id="oc-346">
         <name>.text:IntDisable</name>
         <load_address>0x2000f0e4</load_address>
         <run_address>0x2000f0e4</run_address>
         <size>0xa8</size>
         <input_file_ref idref="fl-fa"/>
      </object_component>
      <object_component id="oc-10d">
         <name>.text:IntEnable</name>
         <load_address>0x2000f18c</load_address>
         <run_address>0x2000f18c</run_address>
         <size>0xa8</size>
         <input_file_ref idref="fl-fa"/>
      </object_component>
      <object_component id="oc-315">
         <name>.text:sl_NetCfgGet</name>
         <load_address>0x2000f234</load_address>
         <run_address>0x2000f234</run_address>
         <size>0xa8</size>
         <input_file_ref idref="fl-f0"/>
      </object_component>
      <object_component id="oc-6bd">
         <name>.text:SPIConfigSetExpClk</name>
         <load_address>0x2000f2dc</load_address>
         <run_address>0x2000f2dc</run_address>
         <size>0xa0</size>
         <input_file_ref idref="fl-fd"/>
      </object_component>
      <object_component id="oc-726">
         <name>.text:_SlDrvMsgReadSpawnCtx</name>
         <load_address>0x2000f37c</load_address>
         <run_address>0x2000f37c</run_address>
         <size>0x9c</size>
         <input_file_ref idref="fl-ee"/>
      </object_component>
      <object_component id="oc-2a">
         <name>.text</name>
         <load_address>0x2000f418</load_address>
         <run_address>0x2000f418</run_address>
         <size>0x9c</size>
         <input_file_ref idref="fl-cb"/>
      </object_component>
      <object_component id="oc-2d5">
         <name>.text:sl_DevGet</name>
         <load_address>0x2000f4b4</load_address>
         <run_address>0x2000f4b4</run_address>
         <size>0x9c</size>
         <input_file_ref idref="fl-ed"/>
      </object_component>
      <object_component id="oc-139">
         <name>.text</name>
         <load_address>0x2000f550</load_address>
         <run_address>0x2000f550</run_address>
         <size>0x98</size>
         <input_file_ref idref="fl-6"/>
      </object_component>
      <object_component id="oc-174">
         <name>.text:PRCMPeripheralClockGet</name>
         <load_address>0x2000f5e8</load_address>
         <run_address>0x2000f5e8</run_address>
         <size>0x94</size>
         <input_file_ref idref="fl-fc"/>
      </object_component>
      <object_component id="oc-918">
         <name>.text:SetupDMAReceive</name>
         <load_address>0x2000f67c</load_address>
         <run_address>0x2000f67c</run_address>
         <size>0x8c</size>
         <input_file_ref idref="fl-f3"/>
      </object_component>
      <object_component id="oc-8d2">
         <name>.text:SetupDMASend</name>
         <load_address>0x2000f708</load_address>
         <run_address>0x2000f708</run_address>
         <size>0x8c</size>
         <input_file_ref idref="fl-f3"/>
      </object_component>
      <object_component id="oc-939">
         <name>.text:_sl_HandleAsync_DnsGetHostByName</name>
         <load_address>0x2000f794</load_address>
         <run_address>0x2000f794</run_address>
         <size>0x8c</size>
         <input_file_ref idref="fl-ef"/>
      </object_component>
      <object_component id="oc-911">
         <name>.text:_sl_HandleAsync_PingResponse</name>
         <load_address>0x2000f820</load_address>
         <run_address>0x2000f820</run_address>
         <size>0x8c</size>
         <input_file_ref idref="fl-ef"/>
      </object_component>
      <object_component id="oc-851">
         <name>.text:spi_Write</name>
         <load_address>0x2000f8ac</load_address>
         <run_address>0x2000f8ac</run_address>
         <size>0x8c</size>
         <input_file_ref idref="fl-f3"/>
      </object_component>
      <object_component id="oc-58e">
         <name>.text:PinConfigSet</name>
         <load_address>0x2000f938</load_address>
         <run_address>0x2000f938</run_address>
         <size>0x88</size>
         <input_file_ref idref="fl-fb"/>
      </object_component>
      <object_component id="oc-186">
         <name>.text</name>
         <load_address>0x2000f9c0</load_address>
         <run_address>0x2000f9c0</run_address>
         <size>0x88</size>
         <input_file_ref idref="fl-d5"/>
      </object_component>
      <object_component id="oc-62e">
         <name>.text:sl_Bind</name>
         <load_address>0x2000fa48</load_address>
         <run_address>0x2000fa48</run_address>
         <size>0x88</size>
         <input_file_ref idref="fl-f1"/>
      </object_component>
      <object_component id="oc-5a4">
         <name>.text:__aeabi_cdcmple</name>
         <load_address>0x2000fad0</load_address>
         <run_address>0x2000fad0</run_address>
         <size>0x86</size>
         <input_file_ref idref="fl-de"/>
      </object_component>
      <object_component id="oc-5b3">
         <name>.text:__aeabi_cdrcmple</name>
         <load_address>0x2000fb56</load_address>
         <run_address>0x2000fb56</run_address>
         <size>0x86</size>
         <input_file_ref idref="fl-de"/>
      </object_component>
      <object_component id="oc-4bc">
         <name>.text:NwpPowerOnPreamble</name>
         <load_address>0x2000fbdc</load_address>
         <run_address>0x2000fbdc</run_address>
         <size>0x84</size>
         <input_file_ref idref="fl-f3"/>
      </object_component>
      <object_component id="oc-208">
         <name>.text:GPIOIntTypeSet</name>
         <load_address>0x2000fc60</load_address>
         <run_address>0x2000fc60</run_address>
         <size>0x82</size>
         <input_file_ref idref="fl-f9"/>
      </object_component>
      <object_component id="oc-508">
         <name>.text:_SlDrvCmdOp</name>
         <load_address>0x2000fce4</load_address>
         <run_address>0x2000fce4</run_address>
         <size>0x80</size>
         <input_file_ref idref="fl-ee"/>
      </object_component>
      <object_component id="oc-91e">
         <name>.text:spi_Read_CPU</name>
         <load_address>0x2000fd64</load_address>
         <run_address>0x2000fd64</run_address>
         <size>0x80</size>
         <input_file_ref idref="fl-f3"/>
      </object_component>
      <object_component id="oc-8e4">
         <name>.text:spi_Write_CPU</name>
         <load_address>0x2000fde4</load_address>
         <run_address>0x2000fde4</run_address>
         <size>0x80</size>
         <input_file_ref idref="fl-f3"/>
      </object_component>
      <object_component id="oc-7dc">
         <name>.text:PRCMRTCGet</name>
         <load_address>0x2000fe64</load_address>
         <run_address>0x2000fe64</run_address>
         <size>0x7c</size>
         <input_file_ref idref="fl-fc"/>
      </object_component>
      <object_component id="oc-8eb">
         <name>.text:_sl_HandleAsync_InitComplete</name>
         <load_address>0x2000fee0</load_address>
         <run_address>0x2000fee0</run_address>
         <size>0x7c</size>
         <input_file_ref idref="fl-ed"/>
      </object_component>
      <object_component id="oc-43">
         <name>.text</name>
         <load_address>0x2000ff5c</load_address>
         <run_address>0x2000ff5c</run_address>
         <size>0x7a</size>
         <input_file_ref idref="fl-ce"/>
      </object_component>
      <object_component id="oc-95b">
         <name>.text:_sl_HandleAsync_Connect</name>
         <load_address>0x2000ffd8</load_address>
         <run_address>0x2000ffd8</run_address>
         <size>0x78</size>
         <input_file_ref idref="fl-f1"/>
      </object_component>
      <object_component id="oc-518">
         <name>.text:spi_Close</name>
         <load_address>0x20010050</load_address>
         <run_address>0x20010050</run_address>
         <size>0x78</size>
         <input_file_ref idref="fl-f3"/>
      </object_component>
      <object_component id="oc-17a">
         <name>.text:UARTConfigSetExpClk</name>
         <load_address>0x200100c8</load_address>
         <run_address>0x200100c8</run_address>
         <size>0x76</size>
         <input_file_ref idref="fl-ff"/>
      </object_component>
      <object_component id="oc-64c">
         <name>.text:sl_Recv</name>
         <load_address>0x20010140</load_address>
         <run_address>0x20010140</run_address>
         <size>0x74</size>
         <input_file_ref idref="fl-f1"/>
      </object_component>
      <object_component id="oc-5b">
         <name>.text</name>
         <load_address>0x200101b4</load_address>
         <run_address>0x200101b4</run_address>
         <size>0x70</size>
         <input_file_ref idref="fl-da"/>
      </object_component>
      <object_component id="oc-984">
         <name>.text:_SlDrvCmdSend</name>
         <load_address>0x20010224</load_address>
         <run_address>0x20010224</run_address>
         <size>0x6c</size>
         <input_file_ref idref="fl-ee"/>
      </object_component>
      <object_component id="oc-36">
         <name>.text</name>
         <load_address>0x20010290</load_address>
         <run_address>0x20010290</run_address>
         <size>0x6a</size>
         <input_file_ref idref="fl-c8"/>
      </object_component>
      <object_component id="oc-26f">
         <name>.text:TimerIntUnregister</name>
         <load_address>0x200102fc</load_address>
         <run_address>0x200102fc</run_address>
         <size>0x68</size>
         <input_file_ref idref="fl-fe"/>
      </object_component>
      <object_component id="oc-945">
         <name>.text:_sl_NetAppSendTokenValue</name>
         <load_address>0x20010364</load_address>
         <run_address>0x20010364</run_address>
         <size>0x68</size>
         <input_file_ref idref="fl-ef"/>
      </object_component>
      <object_component id="oc-2ed">
         <name>.text:sl_NetCfgSet</name>
         <load_address>0x200103cc</load_address>
         <run_address>0x200103cc</run_address>
         <size>0x68</size>
         <input_file_ref idref="fl-f0"/>
      </object_component>
      <object_component id="oc-610">
         <name>.text:sl_SetSockOpt</name>
         <load_address>0x20010434</load_address>
         <run_address>0x20010434</run_address>
         <size>0x68</size>
         <input_file_ref idref="fl-f1"/>
      </object_component>
      <object_component id="oc-2f3">
         <name>.text:sl_WlanSet</name>
         <load_address>0x2001049c</load_address>
         <run_address>0x2001049c</run_address>
         <size>0x68</size>
         <input_file_ref idref="fl-f2"/>
      </object_component>
      <object_component id="oc-818">
         <name>.text:uDMAChannelAttributeDisable</name>
         <load_address>0x20010504</load_address>
         <run_address>0x20010504</run_address>
         <size>0x64</size>
         <input_file_ref idref="fl-100"/>
      </object_component>
      <object_component id="oc-96f">
         <name>.text:uDMAChannelAttributeEnable</name>
         <load_address>0x20010568</load_address>
         <run_address>0x20010568</run_address>
         <size>0x64</size>
         <input_file_ref idref="fl-100"/>
      </object_component>
      <object_component id="oc-955">
         <name>.text:_sl_HandleAsync_Accept</name>
         <load_address>0x200105cc</load_address>
         <run_address>0x200105cc</run_address>
         <size>0x60</size>
         <input_file_ref idref="fl-f1"/>
      </object_component>
      <object_component id="oc-2db">
         <name>.text:sl_WlanPolicySet</name>
         <load_address>0x2001062c</load_address>
         <run_address>0x2001062c</run_address>
         <size>0x60</size>
         <input_file_ref idref="fl-f2"/>
      </object_component>
      <object_component id="oc-5cd">
         <name>.text</name>
         <load_address>0x2001068c</load_address>
         <run_address>0x2001068c</run_address>
         <size>0x5c</size>
         <input_file_ref idref="fl-e5"/>
      </object_component>
      <object_component id="oc-60a">
         <name>.text:sl_Socket</name>
         <load_address>0x200106e8</load_address>
         <run_address>0x200106e8</run_address>
         <size>0x5c</size>
         <input_file_ref idref="fl-f1"/>
      </object_component>
      <object_component id="oc-33a">
         <name>.text:IntPendClear</name>
         <load_address>0x20010744</load_address>
         <run_address>0x20010744</run_address>
         <size>0x58</size>
         <input_file_ref idref="fl-fa"/>
      </object_component>
      <object_component id="oc-23f">
         <name>.text:PRCMPeripheralReset</name>
         <load_address>0x2001079c</load_address>
         <run_address>0x2001079c</run_address>
         <size>0x58</size>
         <input_file_ref idref="fl-fc"/>
      </object_component>
      <object_component id="oc-5bd">
         <name>.text</name>
         <load_address>0x200107f4</load_address>
         <run_address>0x200107f4</run_address>
         <size>0x56</size>
         <input_file_ref idref="fl-e3"/>
      </object_component>
      <object_component id="oc-961">
         <name>.text:_sl_HandleAsync_Select</name>
         <load_address>0x2001084c</load_address>
         <run_address>0x2001084c</run_address>
         <size>0x54</size>
         <input_file_ref idref="fl-f1"/>
      </object_component>
      <object_component id="oc-67">
         <name>.text</name>
         <load_address>0x200108a0</load_address>
         <run_address>0x200108a0</run_address>
         <size>0x54</size>
         <input_file_ref idref="fl-ca"/>
      </object_component>
      <object_component id="oc-305">
         <name>.text:sl_WlanRxFilterSet</name>
         <load_address>0x200108f4</load_address>
         <run_address>0x200108f4</run_address>
         <size>0x54</size>
         <input_file_ref idref="fl-f2"/>
      </object_component>
      <object_component id="oc-8a1">
         <name>.text:PRCMSlowClkCtrGet</name>
         <load_address>0x20010948</load_address>
         <run_address>0x20010948</run_address>
         <size>0x50</size>
         <input_file_ref idref="fl-fc"/>
      </object_component>
      <object_component id="oc-8f1">
         <name>.text:_sl_HandleAsync_Stop</name>
         <load_address>0x20010998</load_address>
         <run_address>0x20010998</run_address>
         <size>0x50</size>
         <input_file_ref idref="fl-ed"/>
      </object_component>
      <object_component id="oc-6e1">
         <name>.text:SPIIntEnable</name>
         <load_address>0x200109e8</load_address>
         <run_address>0x200109e8</run_address>
         <size>0x4c</size>
         <input_file_ref idref="fl-fd"/>
      </object_component>
      <object_component id="oc-4ce">
         <name>.text:_SlDrvProtectAsyncRespSetting</name>
         <load_address>0x20010a34</load_address>
         <run_address>0x20010a34</run_address>
         <size>0x4c</size>
         <input_file_ref idref="fl-ee"/>
      </object_component>
      <object_component id="oc-4fb">
         <name>.text:_SlDrvRxIrqHandler</name>
         <load_address>0x20010a80</load_address>
         <run_address>0x20010a80</run_address>
         <size>0x4c</size>
         <input_file_ref idref="fl-ee"/>
      </object_component>
      <object_component id="oc-7cd">
         <name>.text:_sl_BuildAddress</name>
         <load_address>0x20010acc</load_address>
         <run_address>0x20010acc</run_address>
         <size>0x4c</size>
         <input_file_ref idref="fl-f1"/>
      </object_component>
      <object_component id="oc-5e5">
         <name>.text</name>
         <load_address>0x20010b18</load_address>
         <run_address>0x20010b18</run_address>
         <size>0x4c</size>
         <input_file_ref idref="fl-d9"/>
      </object_component>
      <object_component id="oc-8f">
         <name>.text</name>
         <load_address>0x20010b64</load_address>
         <run_address>0x20010b64</run_address>
         <size>0x4c</size>
         <input_file_ref idref="fl-db"/>
      </object_component>
      <object_component id="oc-812">
         <name>.text:uDMAChannelAssign</name>
         <load_address>0x20010bb0</load_address>
         <run_address>0x20010bb0</run_address>
         <size>0x4c</size>
         <input_file_ref idref="fl-100"/>
      </object_component>
      <object_component id="oc-82e">
         <name>.text:SPIIntClear</name>
         <load_address>0x20010bfc</load_address>
         <run_address>0x20010bfc</run_address>
         <size>0x48</size>
         <input_file_ref idref="fl-fd"/>
      </object_component>
      <object_component id="oc-53b">
         <name>.text:_SlDrvBasicCmd</name>
         <load_address>0x20010c44</load_address>
         <run_address>0x20010c44</run_address>
         <size>0x48</size>
         <input_file_ref idref="fl-ee"/>
      </object_component>
      <object_component id="oc-5b8">
         <name>.text</name>
         <load_address>0x20010c8c</load_address>
         <run_address>0x20010c8c</run_address>
         <size>0x48</size>
         <input_file_ref idref="fl-e1"/>
      </object_component>
      <object_component id="oc-822">
         <name>.text:SPIDmaMaskGet</name>
         <load_address>0x20010cd4</load_address>
         <run_address>0x20010cd4</run_address>
         <size>0x44</size>
         <input_file_ref idref="fl-fd"/>
      </object_component>
      <object_component id="oc-245">
         <name>.text:TimerConfigure</name>
         <load_address>0x20010d18</load_address>
         <run_address>0x20010d18</run_address>
         <size>0x44</size>
         <input_file_ref idref="fl-fe"/>
      </object_component>
      <object_component id="oc-92b">
         <name>.text:cc_SetupTransfer</name>
         <load_address>0x20010d5c</load_address>
         <run_address>0x20010d5c</run_address>
         <size>0x44</size>
         <input_file_ref idref="fl-f3"/>
      </object_component>
      <object_component id="oc-634">
         <name>.text:sl_Htonl</name>
         <load_address>0x20010da0</load_address>
         <run_address>0x20010da0</run_address>
         <size>0x42</size>
         <input_file_ref idref="fl-f1"/>
      </object_component>
      <object_component id="oc-594">
         <name>.text:PinModeSet</name>
         <load_address>0x20010de4</load_address>
         <run_address>0x20010de4</run_address>
         <size>0x40</size>
         <input_file_ref idref="fl-fb"/>
      </object_component>
      <object_component id="oc-21">
         <name>.text</name>
         <load_address>0x20010e24</load_address>
         <run_address>0x20010e24</run_address>
         <size>0x40</size>
         <input_file_ref idref="fl-c6"/>
      </object_component>
      <object_component id="oc-622">
         <name>.text</name>
         <load_address>0x20010e64</load_address>
         <run_address>0x20010e64</run_address>
         <size>0x40</size>
         <input_file_ref idref="fl-105"/>
      </object_component>
      <object_component id="oc-94c">
         <name>.text:CopyPingResultsToReport</name>
         <load_address>0x20010ea4</load_address>
         <run_address>0x20010ea4</run_address>
         <size>0x3c</size>
         <input_file_ref idref="fl-ef"/>
      </object_component>
      <object_component id="oc-239">
         <name>.text:PRCMPeripheralClkEnable</name>
         <load_address>0x20010ee0</load_address>
         <run_address>0x20010ee0</run_address>
         <size>0x3c</size>
         <input_file_ref idref="fl-fc"/>
      </object_component>
      <object_component id="oc-7e3">
         <name>.text:_sl_TruncatePayloadByProtocol</name>
         <load_address>0x20010f1c</load_address>
         <run_address>0x20010f1c</run_address>
         <size>0x3c</size>
         <input_file_ref idref="fl-f1"/>
      </object_component>
      <object_component id="oc-628">
         <name>.text:sl_Htons</name>
         <load_address>0x20010f58</load_address>
         <run_address>0x20010f58</run_address>
         <size>0x3c</size>
         <input_file_ref idref="fl-f1"/>
      </object_component>
      <object_component id="oc-652">
         <name>.text:sl_Listen</name>
         <load_address>0x20010f94</load_address>
         <run_address>0x20010f94</run_address>
         <size>0x3c</size>
         <input_file_ref idref="fl-f1"/>
      </object_component>
      <object_component id="oc-969">
         <name>.text:uDMAChannelControlSet</name>
         <load_address>0x20010fd0</load_address>
         <run_address>0x20010fd0</run_address>
         <size>0x3c</size>
         <input_file_ref idref="fl-100"/>
      </object_component>
      <object_component id="oc-4d4">
         <name>.text:NwpPowerOff</name>
         <load_address>0x2001100c</load_address>
         <run_address>0x2001100c</run_address>
         <size>0x38</size>
         <input_file_ref idref="fl-f3"/>
      </object_component>
      <object_component id="oc-363">
         <name>.text:GPIODirModeSet</name>
         <load_address>0x20011044</load_address>
         <run_address>0x20011044</run_address>
         <size>0x36</size>
         <input_file_ref idref="fl-f9"/>
      </object_component>
      <object_component id="oc-2f9">
         <name>.text:sl_NetAppMDNSUnRegisterService</name>
         <load_address>0x2001107a</load_address>
         <run_address>0x2001107a</run_address>
         <size>0x36</size>
         <input_file_ref idref="fl-ef"/>
      </object_component>
      <object_component id="oc-6c3">
         <name>.text:PRCMPeripheralStatusGet</name>
         <load_address>0x200110b0</load_address>
         <run_address>0x200110b0</run_address>
         <size>0x34</size>
         <input_file_ref idref="fl-fc"/>
      </object_component>
      <object_component id="oc-6db">
         <name>.text:SPIFIFOLevelSet</name>
         <load_address>0x200110e4</load_address>
         <run_address>0x200110e4</run_address>
         <size>0x34</size>
         <input_file_ref idref="fl-fd"/>
      </object_component>
      <object_component id="oc-35d">
         <name>.text:PinTypeGPIO</name>
         <load_address>0x20011118</load_address>
         <run_address>0x20011118</run_address>
         <size>0x30</size>
         <input_file_ref idref="fl-fb"/>
      </object_component>
      <object_component id="oc-37a">
         <name>.text:UARTDisable</name>
         <load_address>0x20011148</load_address>
         <run_address>0x20011148</run_address>
         <size>0x30</size>
         <input_file_ref idref="fl-ff"/>
      </object_component>
      <object_component id="oc-85c">
         <name>.text:_SlDrvDeviceEventHandler</name>
         <load_address>0x20011178</load_address>
         <run_address>0x20011178</run_address>
         <size>0x30</size>
         <input_file_ref idref="fl-ed"/>
      </object_component>
      <object_component id="oc-d1">
         <name>.text</name>
         <load_address>0x200111a8</load_address>
         <run_address>0x200111a8</run_address>
         <size>0x30</size>
         <input_file_ref idref="fl-d4"/>
      </object_component>
      <object_component id="oc-616">
         <name>.text:sl_Close</name>
         <load_address>0x200111d8</load_address>
         <run_address>0x200111d8</run_address>
         <size>0x30</size>
         <input_file_ref idref="fl-f1"/>
      </object_component>
      <object_component id="oc-2e1">
         <name>.text:sl_WlanProfileDel</name>
         <load_address>0x20011208</load_address>
         <run_address>0x20011208</run_address>
         <size>0x30</size>
         <input_file_ref idref="fl-f2"/>
      </object_component>
      <object_component id="oc-2c9">
         <name>.text:sl_WlanSetMode</name>
         <load_address>0x20011238</load_address>
         <run_address>0x20011238</run_address>
         <size>0x30</size>
         <input_file_ref idref="fl-f2"/>
      </object_component>
      <object_component id="oc-5c3">
         <name>.text</name>
         <load_address>0x20011268</load_address>
         <run_address>0x20011268</run_address>
         <size>0x2e</size>
         <input_file_ref idref="fl-e2"/>
      </object_component>
      <object_component id="oc-6f3">
         <name>.text:DmaSpiSwIntHandler</name>
         <load_address>0x20011298</load_address>
         <run_address>0x20011298</run_address>
         <size>0x2c</size>
         <input_file_ref idref="fl-f3"/>
      </object_component>
      <object_component id="oc-4e0">
         <name>.text:NwpPowerOn</name>
         <load_address>0x200112c4</load_address>
         <run_address>0x200112c4</run_address>
         <size>0x2c</size>
         <input_file_ref idref="fl-f3"/>
      </object_component>
      <object_component id="oc-29a">
         <name>.text:PRCMSysResetCauseGet</name>
         <load_address>0x200112f0</load_address>
         <run_address>0x200112f0</run_address>
         <size>0x2c</size>
         <input_file_ref idref="fl-fc"/>
      </object_component>
      <object_component id="oc-257">
         <name>.text:TimerLoadSet</name>
         <load_address>0x2001131c</load_address>
         <run_address>0x2001131c</run_address>
         <size>0x2a</size>
         <input_file_ref idref="fl-fe"/>
      </object_component>
      <object_component id="oc-24b">
         <name>.text:TimerPrescaleSet</name>
         <load_address>0x20011346</load_address>
         <run_address>0x20011346</run_address>
         <size>0x2a</size>
         <input_file_ref idref="fl-fe"/>
      </object_component>
      <object_component id="oc-7bb">
         <name>.text</name>
         <load_address>0x20011370</load_address>
         <run_address>0x20011370</run_address>
         <size>0x2a</size>
         <input_file_ref idref="fl-107"/>
      </object_component>
      <object_component id="oc-88f">
         <name>.text:IsRTCUsed</name>
         <load_address>0x2001139c</load_address>
         <run_address>0x2001139c</run_address>
         <size>0x28</size>
         <input_file_ref idref="fl-fc"/>
      </object_component>
      <object_component id="oc-294">
         <name>.text:PRCMPeripheralClkDisable</name>
         <load_address>0x200113c4</load_address>
         <run_address>0x200113c4</run_address>
         <size>0x28</size>
         <input_file_ref idref="fl-fc"/>
      </object_component>
      <object_component id="oc-66a">
         <name>.text:SL_FD_ISSET</name>
         <load_address>0x200113ec</load_address>
         <run_address>0x200113ec</run_address>
         <size>0x28</size>
         <input_file_ref idref="fl-f1"/>
      </object_component>
      <object_component id="oc-4da">
         <name>.text:NwpRegisterInterruptHandler</name>
         <load_address>0x20011414</load_address>
         <run_address>0x20011414</run_address>
         <size>0x26</size>
         <input_file_ref idref="fl-f3"/>
      </object_component>
      <object_component id="oc-d7">
         <name>.text</name>
         <load_address>0x2001143a</load_address>
         <run_address>0x2001143a</run_address>
         <size>0x26</size>
         <input_file_ref idref="fl-d3"/>
      </object_component>
      <object_component id="oc-4a1">
         <name>.text:IntUnregister</name>
         <load_address>0x20011460</load_address>
         <run_address>0x20011460</run_address>
         <size>0x24</size>
         <input_file_ref idref="fl-fa"/>
      </object_component>
      <object_component id="oc-89b">
         <name>.text:RTCU16MSecRegRead</name>
         <load_address>0x20011484</load_address>
         <run_address>0x20011484</run_address>
         <size>0x24</size>
         <input_file_ref idref="fl-fc"/>
      </object_component>
      <object_component id="oc-888">
         <name>.text:RTCUseSet</name>
         <load_address>0x200114a8</load_address>
         <run_address>0x200114a8</run_address>
         <size>0x24</size>
         <input_file_ref idref="fl-fc"/>
      </object_component>
      <object_component id="oc-380">
         <name>.text:UARTEnable</name>
         <load_address>0x200114cc</load_address>
         <run_address>0x200114cc</run_address>
         <size>0x24</size>
         <input_file_ref idref="fl-ff"/>
      </object_component>
      <object_component id="oc-56b">
         <name>.text:_SlDrvProtectionObjLockWaitForever</name>
         <load_address>0x200114f0</load_address>
         <run_address>0x200114f0</run_address>
         <size>0x24</size>
         <input_file_ref idref="fl-ee"/>
      </object_component>
      <object_component id="oc-198">
         <name>.text</name>
         <load_address>0x20011514</load_address>
         <run_address>0x20011514</run_address>
         <size>0x24</size>
         <input_file_ref idref="fl-cc"/>
      </object_component>
      <object_component id="oc-7c1">
         <name>.text</name>
         <load_address>0x20011538</load_address>
         <run_address>0x20011538</run_address>
         <size>0x24</size>
         <input_file_ref idref="fl-106"/>
      </object_component>
      <object_component id="oc-334">
         <name>.text:GPIOIntStatus</name>
         <load_address>0x2001155c</load_address>
         <run_address>0x2001155c</run_address>
         <size>0x22</size>
         <input_file_ref idref="fl-f9"/>
      </object_component>
      <object_component id="oc-65e">
         <name>.text:SL_FD_SET</name>
         <load_address>0x2001157e</load_address>
         <run_address>0x2001157e</run_address>
         <size>0x22</size>
         <input_file_ref idref="fl-f1"/>
      </object_component>
      <object_component id="oc-6b7">
         <name>.text:SPIReset</name>
         <load_address>0x200115a0</load_address>
         <run_address>0x200115a0</run_address>
         <size>0x22</size>
         <input_file_ref idref="fl-fd"/>
      </object_component>
      <object_component id="oc-8de">
         <name>.text:SPIWordCountSet</name>
         <load_address>0x200115c2</load_address>
         <run_address>0x200115c2</run_address>
         <size>0x22</size>
         <input_file_ref idref="fl-fd"/>
      </object_component>
      <object_component id="oc-21a">
         <name>.text:GPIOPinWrite</name>
         <load_address>0x200115e4</load_address>
         <run_address>0x200115e4</run_address>
         <size>0x20</size>
         <input_file_ref idref="fl-f9"/>
      </object_component>
      <object_component id="oc-571">
         <name>.text:_SlDrvProtectionObjUnLock</name>
         <load_address>0x20011604</load_address>
         <run_address>0x20011604</run_address>
         <size>0x20</size>
         <input_file_ref idref="fl-ee"/>
      </object_component>
      <object_component id="oc-640">
         <name>.text</name>
         <load_address>0x20011624</load_address>
         <run_address>0x20011624</run_address>
         <size>0x20</size>
         <input_file_ref idref="fl-f6"/>
      </object_component>
      <object_component id="oc-263">
         <name>.text:TimerDisable</name>
         <load_address>0x20011644</load_address>
         <run_address>0x20011644</run_address>
         <size>0x1e</size>
         <input_file_ref idref="fl-fe"/>
      </object_component>
      <object_component id="oc-25d">
         <name>.text:TimerEnable</name>
         <load_address>0x20011662</load_address>
         <run_address>0x20011662</run_address>
         <size>0x1e</size>
         <input_file_ref idref="fl-fe"/>
      </object_component>
      <object_component id="oc-f5">
         <name>.text:TimerIntStatus</name>
         <load_address>0x20011680</load_address>
         <run_address>0x20011680</run_address>
         <size>0x1e</size>
         <input_file_ref idref="fl-fe"/>
      </object_component>
      <object_component id="oc-180">
         <name>.text:UARTCharPut</name>
         <load_address>0x2001169e</load_address>
         <run_address>0x2001169e</run_address>
         <size>0x1e</size>
         <input_file_ref idref="fl-ff"/>
      </object_component>
      <object_component id="oc-6c9">
         <name>.text:cc_UDMAChannelSelect</name>
         <load_address>0x200116bc</load_address>
         <run_address>0x200116bc</run_address>
         <size>0x1e</size>
         <input_file_ref idref="fl-f3"/>
      </object_component>
      <object_component id="oc-275">
         <name>.text:TimerValueGet</name>
         <load_address>0x200116da</load_address>
         <run_address>0x200116da</run_address>
         <size>0x1c</size>
         <input_file_ref idref="fl-fe"/>
      </object_component>
      <object_component id="oc-192">
         <name>.text:UARTCharGetNonBlocking</name>
         <load_address>0x200116f6</load_address>
         <run_address>0x200116f6</run_address>
         <size>0x1c</size>
         <input_file_ref idref="fl-ff"/>
      </object_component>
      <object_component id="oc-734">
         <name>.text:_SlDrvObjLockWaitForever</name>
         <load_address>0x20011712</load_address>
         <run_address>0x20011712</run_address>
         <size>0x1c</size>
         <input_file_ref idref="fl-ee"/>
      </object_component>
      <object_component id="oc-4e6">
         <name>.text:_SlDrvSyncObjWaitForever</name>
         <load_address>0x2001172e</load_address>
         <run_address>0x2001172e</run_address>
         <size>0x1c</size>
         <input_file_ref idref="fl-ee"/>
      </object_component>
      <object_component id="oc-5df">
         <name>.text</name>
         <load_address>0x2001174a</load_address>
         <run_address>0x2001174a</run_address>
         <size>0x1c</size>
         <input_file_ref idref="fl-e4"/>
      </object_component>
      <object_component id="oc-97b">
         <name>.text:uDMAChannelEnable</name>
         <load_address>0x20011768</load_address>
         <run_address>0x20011768</run_address>
         <size>0x1c</size>
         <input_file_ref idref="fl-100"/>
      </object_component>
      <object_component id="oc-340">
         <name>.text:GPIOIntDisable</name>
         <load_address>0x20011784</load_address>
         <run_address>0x20011784</run_address>
         <size>0x1a</size>
         <input_file_ref idref="fl-f9"/>
      </object_component>
      <object_component id="oc-214">
         <name>.text:GPIOIntEnable</name>
         <load_address>0x2001179e</load_address>
         <run_address>0x2001179e</run_address>
         <size>0x1a</size>
         <input_file_ref idref="fl-f9"/>
      </object_component>
      <object_component id="oc-369">
         <name>.text:PinTypeUART</name>
         <load_address>0x200117b8</load_address>
         <run_address>0x200117b8</run_address>
         <size>0x1a</size>
         <input_file_ref idref="fl-fb"/>
      </object_component>
      <object_component id="oc-757">
         <name>.text:SPIDmaDisable</name>
         <load_address>0x200117d2</load_address>
         <run_address>0x200117d2</run_address>
         <size>0x1a</size>
         <input_file_ref idref="fl-fd"/>
      </object_component>
      <object_component id="oc-6d5">
         <name>.text:SPIDmaEnable</name>
         <load_address>0x200117ec</load_address>
         <run_address>0x200117ec</run_address>
         <size>0x1a</size>
         <input_file_ref idref="fl-fd"/>
      </object_component>
      <object_component id="oc-751">
         <name>.text:SPIFIFODisable</name>
         <load_address>0x20011806</load_address>
         <run_address>0x20011806</run_address>
         <size>0x1a</size>
         <input_file_ref idref="fl-fd"/>
      </object_component>
      <object_component id="oc-6cf">
         <name>.text:SPIFIFOEnable</name>
         <load_address>0x20011820</load_address>
         <run_address>0x20011820</run_address>
         <size>0x1a</size>
         <input_file_ref idref="fl-fd"/>
      </object_component>
      <object_component id="oc-220">
         <name>.text:GPIOPinRead</name>
         <load_address>0x2001183a</load_address>
         <run_address>0x2001183a</run_address>
         <size>0x18</size>
         <input_file_ref idref="fl-f9"/>
      </object_component>
      <object_component id="oc-6ab">
         <name>.text:SPICSDisable</name>
         <load_address>0x20011852</load_address>
         <run_address>0x20011852</run_address>
         <size>0x18</size>
         <input_file_ref idref="fl-fd"/>
      </object_component>
      <object_component id="oc-8d8">
         <name>.text:SPICSEnable</name>
         <load_address>0x2001186a</load_address>
         <run_address>0x2001186a</run_address>
         <size>0x18</size>
         <input_file_ref idref="fl-fd"/>
      </object_component>
      <object_component id="oc-6b1">
         <name>.text:SPIDisable</name>
         <load_address>0x20011882</load_address>
         <run_address>0x20011882</run_address>
         <size>0x18</size>
         <input_file_ref idref="fl-fd"/>
      </object_component>
      <object_component id="oc-6e7">
         <name>.text:SPIEnable</name>
         <load_address>0x2001189a</load_address>
         <run_address>0x2001189a</run_address>
         <size>0x18</size>
         <input_file_ref idref="fl-fd"/>
      </object_component>
      <object_component id="oc-269">
         <name>.text:TimerIntDisable</name>
         <load_address>0x200118b2</load_address>
         <run_address>0x200118b2</run_address>
         <size>0x18</size>
         <input_file_ref idref="fl-fe"/>
      </object_component>
      <object_component id="oc-251">
         <name>.text:TimerIntEnable</name>
         <load_address>0x200118ca</load_address>
         <run_address>0x200118ca</run_address>
         <size>0x18</size>
         <input_file_ref idref="fl-fe"/>
      </object_component>
      <object_component id="oc-18c">
         <name>.text:UARTCharsAvail</name>
         <load_address>0x200118e2</load_address>
         <run_address>0x200118e2</run_address>
         <size>0x18</size>
         <input_file_ref idref="fl-ff"/>
      </object_component>
      <object_component id="oc-746">
         <name>.text:_SlDrvObjUnLock</name>
         <load_address>0x200118fa</load_address>
         <run_address>0x200118fa</run_address>
         <size>0x18</size>
         <input_file_ref idref="fl-ee"/>
      </object_component>
      <object_component id="oc-719">
         <name>.text:_SlDrvSyncObjSignal</name>
         <load_address>0x20011912</load_address>
         <run_address>0x20011912</run_address>
         <size>0x18</size>
         <input_file_ref idref="fl-ee"/>
      </object_component>
      <object_component id="oc-4f2">
         <name>.text:_sl_GetStartResponseConvert</name>
         <load_address>0x2001192c</load_address>
         <run_address>0x2001192c</run_address>
         <size>0x18</size>
         <input_file_ref idref="fl-ed"/>
      </object_component>
      <object_component id="oc-61">
         <name>.text</name>
         <load_address>0x20011944</load_address>
         <run_address>0x20011944</run_address>
         <size>0x18</size>
         <input_file_ref idref="fl-d8"/>
      </object_component>
      <object_component id="oc-288">
         <name>.text:PRCMHIBRegRead</name>
         <load_address>0x2001195c</load_address>
         <run_address>0x2001195c</run_address>
         <size>0x16</size>
         <input_file_ref idref="fl-fc"/>
      </object_component>
      <object_component id="oc-28e">
         <name>.text:PRCMHIBRegWrite</name>
         <load_address>0x20011972</load_address>
         <run_address>0x20011972</run_address>
         <size>0x16</size>
         <input_file_ref idref="fl-fc"/>
      </object_component>
      <object_component id="oc-55a">
         <name>.text:_SlDrvMemZero</name>
         <load_address>0x20011988</load_address>
         <run_address>0x20011988</run_address>
         <size>0x16</size>
         <input_file_ref idref="fl-ee"/>
      </object_component>
      <object_component id="oc-5d9">
         <name>.text</name>
         <load_address>0x2001199e</load_address>
         <run_address>0x2001199e</run_address>
         <size>0x16</size>
         <input_file_ref idref="fl-e8"/>
      </object_component>
      <object_component id="oc-27d">
         <name>.text:CPUcpsie</name>
         <load_address>0x200119b4</load_address>
         <run_address>0x200119b4</run_address>
         <size>0x14</size>
         <input_file_ref idref="fl-102"/>
      </object_component>
      <object_component id="oc-20e">
         <name>.text:GPIOIntClear</name>
         <load_address>0x200119c8</load_address>
         <run_address>0x200119c8</run_address>
         <size>0x14</size>
         <input_file_ref idref="fl-f9"/>
      </object_component>
      <object_component id="oc-159">
         <name>.text</name>
         <load_address>0x200119dc</load_address>
         <run_address>0x200119dc</run_address>
         <size>0x14</size>
         <input_file_ref idref="fl-d6"/>
      </object_component>
      <object_component id="oc-61c">
         <name>.text</name>
         <load_address>0x200119f0</load_address>
         <run_address>0x200119f0</run_address>
         <size>0x14</size>
         <input_file_ref idref="fl-104"/>
      </object_component>
      <object_component id="oc-12a">
         <name>.text</name>
         <load_address>0x20011a04</load_address>
         <run_address>0x20011a04</run_address>
         <size>0x14</size>
         <input_file_ref idref="fl-d2"/>
      </object_component>
      <object_component id="oc-fb">
         <name>.text:TimerIntClear</name>
         <load_address>0x20011a18</load_address>
         <run_address>0x20011a18</run_address>
         <size>0x12</size>
         <input_file_ref idref="fl-fe"/>
      </object_component>
      <object_component id="oc-895">
         <name>.text:RTCU32SecRegRead</name>
         <load_address>0x20011a2c</load_address>
         <run_address>0x20011a2c</run_address>
         <size>0x10</size>
         <input_file_ref idref="fl-fc"/>
      </object_component>
      <object_component id="oc-658">
         <name>.text:SL_FD_ZERO</name>
         <load_address>0x20011a3c</load_address>
         <run_address>0x20011a3c</run_address>
         <size>0x10</size>
         <input_file_ref idref="fl-f1"/>
      </object_component>
      <object_component id="oc-52d">
         <name>.text:_SlDrvResetCmdExt</name>
         <load_address>0x20011a4c</load_address>
         <run_address>0x20011a4c</run_address>
         <size>0xe</size>
         <input_file_ref idref="fl-ee"/>
      </object_component>
      <object_component id="oc-f">
         <name>.text:decompress:none</name>
         <load_address>0x20011a5a</load_address>
         <run_address>0x20011a5a</run_address>
         <size>0xe</size>
         <input_file_ref idref="fl-c7"/>
      </object_component>
      <object_component id="oc-703">
         <name>.text:NwpMaskInterrupt</name>
         <load_address>0x20011a68</load_address>
         <run_address>0x20011a68</run_address>
         <size>0xc</size>
         <input_file_ref idref="fl-f3"/>
      </object_component>
      <object_component id="oc-70b">
         <name>.text:NwpUnMaskInterrupt</name>
         <load_address>0x20011a74</load_address>
         <run_address>0x20011a74</run_address>
         <size>0xc</size>
         <input_file_ref idref="fl-f3"/>
      </object_component>
      <object_component id="oc-2e7">
         <name>.text:sl_WlanDisconnect</name>
         <load_address>0x20011a80</load_address>
         <run_address>0x20011a80</run_address>
         <size>0xc</size>
         <input_file_ref idref="fl-f2"/>
      </object_component>
      <object_component id="oc-107">
         <name>.text:IntMasterEnable</name>
         <load_address>0x20011a8c</load_address>
         <run_address>0x20011a8c</run_address>
         <size>0xa</size>
         <input_file_ref idref="fl-fa"/>
      </object_component>
      <object_component id="oc-7d6">
         <name>.text:PRCMRTCInUseSet</name>
         <load_address>0x20011a96</load_address>
         <run_address>0x20011a96</run_address>
         <size>0x8</size>
         <input_file_ref idref="fl-fc"/>
      </object_component>
      <object_component id="oc-790">
         <name>.text</name>
         <load_address>0x20011a9e</load_address>
         <run_address>0x20011a9e</run_address>
         <size>0x8</size>
         <input_file_ref idref="fl-eb"/>
      </object_component>
      <object_component id="oc-123">
         <name>.text:UtilsDelay</name>
         <load_address>0x20011aa6</load_address>
         <run_address>0x20011aa6</run_address>
         <size>0x6</size>
         <input_file_ref idref="fl-101"/>
      </object_component>
      <object_component id="oc-15">
         <name>.text:decompress:rle24</name>
         <load_address>0x20011aac</load_address>
         <run_address>0x20011aac</run_address>
         <size>0x6</size>
         <input_file_ref idref="fl-c8"/>
      </object_component>
      <object_component id="oc-55">
         <name>.text</name>
         <load_address>0x20011ab2</load_address>
         <run_address>0x20011ab2</run_address>
         <size>0x4</size>
         <input_file_ref idref="fl-d0"/>
      </object_component>
      <object_component id="oc-353">
         <name>.const:.string</name>
         <load_address>0x20011ab8</load_address>
         <run_address>0x20011ab8</run_address>
         <size>0x114</size>
         <input_file_ref idref="fl-4"/>
      </object_component>
      <object_component id="oc-79f">
         <name>.const:.string:_ctypes_</name>
         <load_address>0x20011bcc</load_address>
         <run_address>0x20011bcc</run_address>
         <size>0x101</size>
         <input_file_ref idref="fl-dc"/>
      </object_component>
      <object_component id="oc-1c8">
         <name>.const</name>
         <load_address>0x20011ccd</load_address>
         <run_address>0x20011ccd</run_address>
         <size>0x3</size>
         <input_file_ref idref="fl-f4"/>
      </object_component>
      <object_component id="oc-77a">
         <name>.const:g_ulPinToPadMap</name>
         <load_address>0x20011cd0</load_address>
         <run_address>0x20011cd0</run_address>
         <size>0x100</size>
         <input_file_ref idref="fl-fb"/>
      </object_component>
      <object_component id="oc-560">
         <name>.const:$P$T0$1</name>
         <load_address>0x20011dd0</load_address>
         <run_address>0x20011dd0</run_address>
         <size>0xb0</size>
         <input_file_ref idref="fl-f2"/>
      </object_component>
      <object_component id="oc-494">
         <name>.const:PRCM_PeriphRegsList</name>
         <load_address>0x20011e80</load_address>
         <run_address>0x20011e80</run_address>
         <size>0xa8</size>
         <input_file_ref idref="fl-fc"/>
      </object_component>
      <object_component id="oc-284">
         <name>.const</name>
         <load_address>0x20011f28</load_address>
         <run_address>0x20011f28</run_address>
         <size>0x80</size>
         <input_file_ref idref="fl-fa"/>
      </object_component>
      <object_component id="oc-8ce">
         <name>.const:OpcodeTranslateTable</name>
         <load_address>0x20011fa8</load_address>
         <run_address>0x20011fa8</run_address>
         <size>0x3c</size>
         <input_file_ref idref="fl-ee"/>
      </object_component>
      <object_component id="oc-50e">
         <name>.const</name>
         <load_address>0x20011fe4</load_address>
         <run_address>0x20011fe4</run_address>
         <size>0x3c</size>
         <input_file_ref idref="fl-f2"/>
      </object_component>
      <object_component id="oc-925">
         <name>.const:_SlActionLookupTable</name>
         <load_address>0x20012020</load_address>
         <run_address>0x20012020</run_address>
         <size>0x38</size>
         <input_file_ref idref="fl-ee"/>
      </object_component>
      <object_component id="oc-762">
         <name>.const</name>
         <load_address>0x20012058</load_address>
         <run_address>0x20012058</run_address>
         <size>0x34</size>
         <input_file_ref idref="fl-ee"/>
      </object_component>
      <object_component id="oc-7ad">
         <name>.const</name>
         <load_address>0x2001208c</load_address>
         <run_address>0x2001208c</run_address>
         <size>0x34</size>
         <input_file_ref idref="fl-f1"/>
      </object_component>
      <object_component id="oc-2ff">
         <name>.const:$P$T1$2</name>
         <load_address>0x200120c0</load_address>
         <run_address>0x200120c0</run_address>
         <size>0x2c</size>
         <input_file_ref idref="fl-5"/>
      </object_component>
      <object_component id="oc-577">
         <name>.const</name>
[...]
         <object_component_ref idref="oc-1ad"/>
      </symbol>
      <symbol id="sm-14cf">
         <name>mqtt_client_buffers_register</name>
         <value>0x200060e1</value>
         <object_component_ref idref="oc-1ad"/>
      </symbol>
      <symbol id="sm-1553">
         <name>mqp_free</name>
         <value>0x200095c7</value>
         <object_component_ref idref="oc-3a2"/>
      </symbol>
      <symbol id="sm-1554">
         <name>qos2_pub_cq_unlog</name>
         <value>0x20009d11</value>
         <object_component_ref idref="oc-3a2"/>
      </symbol>
      <symbol id="sm-1555">
         <name>mqp_ack_wlist_append</name>
         <value>0x200099c3</value>
         <object_component_ref idref="oc-3a2"/>
      </symbol>
      <symbol id="sm-1556">
         <name>cl_ctx_remove</name>
         <value>0x20009e65</value>
         <object_component_ref idref="oc-3a2"/>
      </symbol>
      <symbol id="sm-1557">
         <name>mqp_init</name>
         <value>0x20009613</value>
         <object_component_ref idref="oc-3a2"/>
      </symbol>
      <symbol id="sm-1558">
         <name>mqp_pub_append_data</name>
         <value>0x2000980f</value>
         <object_component_ref idref="oc-3a2"/>
      </symbol>
      <symbol id="sm-1559">
         <name>secure_conn_struct_init</name>
         <value>0x20009a9b</value>
         <object_component_ref idref="oc-3a2"/>
      </symbol>
      <symbol id="sm-155a">
         <name>mqp_ack_wlist_remove</name>
         <value>0x200099f9</value>
         <object_component_ref idref="oc-3a2"/>
      </symbol>
      <symbol id="sm-155b">
         <name>mqp_buf_wr_utf8</name>
         <value>0x2000966d</value>
         <object_component_ref idref="oc-3a2"/>
      </symbol>
      <symbol id="sm-155c">
         <name>qos2_pub_cq_reset</name>
         <value>0x20009cb1</value>
         <object_component_ref idref="oc-3a2"/>
      </symbol>
      <symbol id="sm-155d">
         <name>cl_ctx_timeout_insert</name>
         <value>0x20009df5</value>
         <object_component_ref idref="oc-3a2"/>
      </symbol>
      <symbol id="sm-155e">
         <name>mqp_buf_rd_remlen</name>
         <value>0x2000974f</value>
         <object_component_ref idref="oc-3a2"/>
      </symbol>
      <symbol id="sm-155f">
         <name>mqp_prep_fh</name>
         <value>0x20009abb</value>
         <object_component_ref idref="oc-3a2"/>
      </symbol>
      <symbol id="sm-1560">
         <name>mqp_reset</name>
         <value>0x20009607</value>
         <object_component_ref idref="oc-3a2"/>
      </symbol>
      <symbol id="sm-1561">
         <name>mqp_ack_wlist_purge</name>
         <value>0x20009a69</value>
         <object_component_ref idref="oc-3a2"/>
      </symbol>
      <symbol id="sm-1562">
         <name>mqp_buf_tail_wr_remlen</name>
         <value>0x200096df</value>
         <object_component_ref idref="oc-3a2"/>
      </symbol>
      <symbol id="sm-1563">
         <name>mqp_proc_pub_rx</name>
         <value>0x20009921</value>
         <object_component_ref idref="oc-3a2"/>
      </symbol>
      <symbol id="sm-1564">
         <name>mqp_recv</name>
         <value>0x20009b31</value>
         <object_component_ref idref="oc-3a2"/>
      </symbol>
      <symbol id="sm-1565">
         <name>cl_ctx_timeout_update</name>
         <value>0x20009ebb</value>
         <object_component_ref idref="oc-3a2"/>
      </symbol>
      <symbol id="sm-1566">
         <name>mqp_pub_append_topic</name>
         <value>0x2000975f</value>
         <object_component_ref idref="oc-3a2"/>
      </symbol>
      <symbol id="sm-1567">
         <name>mqp_proc_msg_id_ack_rx</name>
         <value>0x200098eb</value>
         <object_component_ref idref="oc-3a2"/>
      </symbol>
      <symbol id="sm-1568">
         <name>mqp_proc_vh_msg_id_rx</name>
         <value>0x200098df</value>
         <object_component_ref idref="oc-3a2"/>
      </symbol>
      <symbol id="sm-1569">
         <name>qos2_pub_cq_logup</name>
         <value>0x20009cd3</value>
         <object_component_ref idref="oc-3a2"/>
      </symbol>
      <symbol id="sm-156a">
         <name>cl_ctx_reset</name>
         <value>0x20009dc5</value>
         <object_component_ref idref="oc-3a2"/>
      </symbol>
      <symbol id="sm-156b">
         <name>qos2_pub_cq_check</name>
         <value>0x20009d55</value>
         <object_component_ref idref="oc-3a2"/>
      </symbol>
      <symbol id="sm-15b7">
         <name>GPIOIntDisable</name>
         <value>0x20011785</value>
         <object_component_ref idref="oc-340"/>
      </symbol>
      <symbol id="sm-15b8">
         <name>GPIOIntEnable</name>
         <value>0x2001179f</value>
         <object_component_ref idref="oc-214"/>
      </symbol>
      <symbol id="sm-15b9">
         <name>GPIOIntTypeSet</name>
         <value>0x2000fc61</value>
         <object_component_ref idref="oc-208"/>
      </symbol>
      <symbol id="sm-15ba">
         <name>GPIOIntClear</name>
         <value>0x200119c9</value>
         <object_component_ref idref="oc-20e"/>
      </symbol>
      <symbol id="sm-15bb">
         <name>GPIOIntStatus</name>
         <value>0x2001155d</value>
         <object_component_ref idref="oc-334"/>
      </symbol>
      <symbol id="sm-15bc">
         <name>GPIOPinRead</name>
         <value>0x2001183b</value>
         <object_component_ref idref="oc-220"/>
      </symbol>
      <symbol id="sm-15bd">
         <name>GPIODirModeSet</name>
         <value>0x20011045</value>
         <object_component_ref idref="oc-363"/>
      </symbol>
      <symbol id="sm-15be">
         <name>GPIOPinWrite</name>
         <value>0x200115e5</value>
         <object_component_ref idref="oc-21a"/>
      </symbol>
      <symbol id="sm-161f">
         <name>IntPendClear</name>
         <value>0x20010745</value>
         <object_component_ref idref="oc-33a"/>
      </symbol>
      <symbol id="sm-1620">
         <name>IntEnable</name>
         <value>0x2000f18d</value>
         <object_component_ref idref="oc-10d"/>
      </symbol>
      <symbol id="sm-1621">
         <name>IntDisable</name>
         <value>0x2000f0e5</value>
         <object_component_ref idref="oc-346"/>
      </symbol>
      <symbol id="sm-1622">
         <name>IntUnregister</name>
         <value>0x20011461</value>
         <object_component_ref idref="oc-4a1"/>
      </symbol>
      <symbol id="sm-1623">
         <name>IntMasterEnable</name>
         <value>0x20011a8d</value>
         <object_component_ref idref="oc-107"/>
      </symbol>
      <symbol id="sm-165a">
         <name>PinTypeUART</name>
         <value>0x200117b9</value>
         <object_component_ref idref="oc-369"/>
      </symbol>
      <symbol id="sm-165b">
         <name>PinTypeGPIO</name>
         <value>0x20011119</value>
         <object_component_ref idref="oc-35d"/>
      </symbol>
      <symbol id="sm-165c">
         <name>PinConfigSet</name>
         <value>0x2000f939</value>
         <object_component_ref idref="oc-58e"/>
      </symbol>
      <symbol id="sm-165d">
         <name>PinModeSet</name>
         <value>0x20010de5</value>
         <object_component_ref idref="oc-594"/>
      </symbol>
      <symbol id="sm-1737">
         <name>PRCMSlowClkCtrGet</name>
         <value>0x20010949</value>
         <object_component_ref idref="oc-8a1"/>
      </symbol>
      <symbol id="sm-1738">
         <name>PRCMPeripheralReset</name>
         <value>0x2001079d</value>
         <object_component_ref idref="oc-23f"/>
      </symbol>
      <symbol id="sm-1739">
         <name>PRCMRTCInUseSet</name>
         <value>0x20011a97</value>
         <object_component_ref idref="oc-7d6"/>
      </symbol>
      <symbol id="sm-173a">
         <name>PRCMPeripheralClkEnable</name>
         <value>0x20010ee1</value>
         <object_component_ref idref="oc-239"/>
      </symbol>
      <symbol id="sm-173b">
         <name>PRCMPeripheralClockGet</name>
         <value>0x2000f5e9</value>
         <object_component_ref idref="oc-174"/>
      </symbol>
      <symbol id="sm-173c">
         <name>PRCMCC3200MCUInit</name>
         <value>0x2000dca5</value>
         <object_component_ref idref="oc-113"/>
      </symbol>
      <symbol id="sm-173d">
         <name>PRCMHIBRegWrite</name>
         <value>0x20011973</value>
         <object_component_ref idref="oc-28e"/>
      </symbol>
      <symbol id="sm-173e">
         <name>PRCMSysResetCauseGet</name>
         <value>0x200112f1</value>
         <object_component_ref idref="oc-29a"/>
      </symbol>
      <symbol id="sm-173f">
         <name>PRCMRTCGet</name>
         <value>0x2000fe65</value>
         <object_component_ref idref="oc-7dc"/>
      </symbol>
      <symbol id="sm-1740">
         <name>PRCMPeripheralStatusGet</name>
         <value>0x200110b1</value>
         <object_component_ref idref="oc-6c3"/>
      </symbol>
      <symbol id="sm-1741">
         <name>PRCMPeripheralClkDisable</name>
         <value>0x200113c5</value>
         <object_component_ref idref="oc-294"/>
      </symbol>
      <symbol id="sm-1742">
         <name>PRCMHIBRegRead</name>
         <value>0x2001195d</value>
         <object_component_ref idref="oc-288"/>
      </symbol>
      <symbol id="sm-17de">
         <name>SPIFIFODisable</name>
         <value>0x20011807</value>
         <object_component_ref idref="oc-751"/>
      </symbol>
      <symbol id="sm-17df">
         <name>SPICSEnable</name>
         <value>0x2001186b</value>
         <object_component_ref idref="oc-8d8"/>
      </symbol>
      <symbol id="sm-17e0">
         <name>SPIDisable</name>
         <value>0x20011883</value>
         <object_component_ref idref="oc-6b1"/>
      </symbol>
      <symbol id="sm-17e1">
         <name>SPIFIFOEnable</name>
         <value>0x20011821</value>
         <object_component_ref idref="oc-6cf"/>
      </symbol>
      <symbol id="sm-17e2">
         <name>SPIWordCountSet</name>
         <value>0x200115c3</value>
         <object_component_ref idref="oc-8de"/>
      </symbol>
      <symbol id="sm-17e3">
         <name>SPIEnable</name>
         <value>0x2001189b</value>
         <object_component_ref idref="oc-6e7"/>
      </symbol>
      <symbol id="sm-17e4">
         <name>SPIDmaEnable</name>
         <value>0x200117ed</value>
         <object_component_ref idref="oc-6d5"/>
      </symbol>
      <symbol id="sm-17e5">
         <name>SPIConfigSetExpClk</name>
         <value>0x2000f2dd</value>
         <object_component_ref idref="oc-6bd"/>
      </symbol>
      <symbol id="sm-17e6">
         <name>SPIFIFOLevelSet</name>
         <value>0x200110e5</value>
         <object_component_ref idref="oc-6db"/>
      </symbol>
      <symbol id="sm-17e7">
         <name>SPIDmaDisable</name>
         <value>0x200117d3</value>
         <object_component_ref idref="oc-757"/>
      </symbol>
      <symbol id="sm-17e8">
         <name>SPIReset</name>
         <value>0x200115a1</value>
         <object_component_ref idref="oc-6b7"/>
      </symbol>
      <symbol id="sm-17e9">
         <name>SPIIntEnable</name>
         <value>0x200109e9</value>
         <object_component_ref idref="oc-6e1"/>
      </symbol>
      <symbol id="sm-17ea">
         <name>SPIIntClear</name>
         <value>0x20010bfd</value>
         <object_component_ref idref="oc-82e"/>
      </symbol>
      <symbol id="sm-17eb">
         <name>SPICSDisable</name>
         <value>0x20011853</value>
         <object_component_ref idref="oc-6ab"/>
      </symbol>
      <symbol id="sm-185a">
         <name>TimerLoadSet</name>
         <value>0x2001131d</value>
         <object_component_ref idref="oc-257"/>
      </symbol>
      <symbol id="sm-185b">
         <name>TimerDisable</name>
         <value>0x20011645</value>
         <object_component_ref idref="oc-263"/>
      </symbol>
      <symbol id="sm-185c">
         <name>TimerEnable</name>
         <value>0x20011663</value>
         <object_component_ref idref="oc-25d"/>
      </symbol>
      <symbol id="sm-185d">
         <name>TimerIntUnregister</name>
         <value>0x200102fd</value>
         <object_component_ref idref="oc-26f"/>
      </symbol>
      <symbol id="sm-185e">
         <name>TimerIntStatus</name>
         <value>0x20011681</value>
         <object_component_ref idref="oc-f5"/>
      </symbol>
      <symbol id="sm-185f">
         <name>TimerIntDisable</name>
         <value>0x200118b3</value>
         <object_component_ref idref="oc-269"/>
      </symbol>
      <symbol id="sm-1860">
         <name>TimerValueGet</name>
         <value>0x200116db</value>
         <object_component_ref idref="oc-275"/>
      </symbol>
      <symbol id="sm-1861">
         <name>TimerPrescaleSet</name>
         <value>0x20011347</value>
         <object_component_ref idref="oc-24b"/>
      </symbol>
      <symbol id="sm-1862">
         <name>TimerIntEnable</name>
         <value>0x200118cb</value>
         <object_component_ref idref="oc-251"/>
      </symbol>
      <symbol id="sm-1863">
         <name>TimerConfigure</name>
         <value>0x20010d19</value>
         <object_component_ref idref="oc-245"/>
      </symbol>
      <symbol id="sm-1864">
         <name>TimerIntClear</name>
         <value>0x20011a19</value>
         <object_component_ref idref="oc-fb"/>
      </symbol>
      <symbol id="sm-18a0">
         <name>UARTConfigSetExpClk</name>
         <value>0x200100c9</value>
         <object_component_ref idref="oc-17a"/>
      </symbol>
      <symbol id="sm-18a1">
         <name>UARTDisable</name>
         <value>0x20011149</value>
         <object_component_ref idref="oc-37a"/>
      </symbol>
      <symbol id="sm-18a2">
         <name>UARTCharsAvail</name>
         <value>0x200118e3</value>
         <object_component_ref idref="oc-18c"/>
      </symbol>
      <symbol id="sm-18a3">
         <name>UARTCharGetNonBlocking</name>
         <value>0x200116f7</value>
         <object_component_ref idref="oc-192"/>
      </symbol>
      <symbol id="sm-18a4">
         <name>UARTCharPut</name>
         <value>0x2001169f</value>
         <object_component_ref idref="oc-180"/>
      </symbol>
      <symbol id="sm-18a5">
         <name>UARTEnable</name>
         <value>0x200114cd</value>
         <object_component_ref idref="oc-380"/>
      </symbol>
      <symbol id="sm-18fc">
         <name>uDMAChannelControlSet</name>
         <value>0x20010fd1</value>
         <object_component_ref idref="oc-969"/>
      </symbol>
      <symbol id="sm-18fd">
         <name>uDMAChannelAttributeEnable</name>
         <value>0x20010569</value>
         <object_component_ref idref="oc-96f"/>
      </symbol>
      <symbol id="sm-18fe">
         <name>uDMAChannelTransferSet</name>
         <value>0x2000e82d</value>
         <object_component_ref idref="oc-975"/>
      </symbol>
      <symbol id="sm-18ff">
         <name>uDMAChannelAssign</name>
         <value>0x20010bb1</value>
         <object_component_ref idref="oc-812"/>
      </symbol>
      <symbol id="sm-1900">
         <name>uDMAChannelAttributeDisable</name>
         <value>0x20010505</value>
         <object_component_ref idref="oc-818"/>
      </symbol>
      <symbol id="sm-1901">
         <name>uDMAChannelEnable</name>
         <value>0x20011769</value>
         <object_component_ref idref="oc-97b"/>
      </symbol>
      <symbol id="sm-1905">
         <name>UtilsDelay</name>
         <value>0x20011aa7</value>
         <object_component_ref idref="oc-123"/>
      </symbol>
      <symbol id="sm-190f">
         <name>CPUcpsie</name>
         <value>0x200119b5</value>
         <object_component_ref idref="oc-27d"/>
      </symbol>
      <symbol id="sm-191e">
         <name>strcpy</name>
         <value>0x200119f1</value>
         <object_component_ref idref="oc-61c"/>
      </symbol>
      <symbol id="sm-1936">
         <name>strtok</name>
         <value>0x20010e65</value>
         <object_component_ref idref="oc-622"/>
      </symbol>
      <symbol id="sm-1947">
         <name>strcspn</name>
         <value>0x20011539</value>
         <object_component_ref idref="oc-7c1"/>
      </symbol>
      <symbol id="sm-1959">
         <name>strspn</name>
         <value>0x20011371</value>
         <object_component_ref idref="oc-7bb"/>
      </symbol>
      <symbol id="sm-195a">
         <name>__TI_static_base__</name>
         <value>0x20012240</value>
      </symbol>
      <symbol id="sm-195d">
         <name>SHT$$INIT_ARRAY$$Limit</name>
         <value>0x0</value>
      </symbol>
      <symbol id="sm-195e">
         <name>SHT$$INIT_ARRAY$$Base</name>
         <value>0x0</value>
      </symbol>
      <symbol id="sm-195f">
         <name>ti_sysbios_family_arm_m3_Hwi_Params__init__S</name>
         <value>0x0</value>
      </symbol>
      <symbol id="sm-1960">
         <name>ti_sysbios_knl_Task_Params__init__S</name>
         <value>0x0</value>
      </symbol>
      <symbol id="sm-1961">
         <name>ti_sysbios_knl_Semaphore_Params__init__S</name>
         <value>0x0</value>
      </symbol>
      <symbol id="sm-1962">
         <name>xdc_runtime_Error_init__E</name>
         <value>0x0</value>
      </symbol>
      <symbol id="sm-1963">
         <name>ti_sysbios_family_arm_m3_Hwi_create</name>
         <value>0x0</value>
      </symbol>
      <symbol id="sm-1964">
         <name>ti_sysbios_family_arm_m3_Hwi_setPriority__E</name>
         <value>0x0</value>
      </symbol>
      <symbol id="sm-1965">
         <name>ti_sysbios_family_arm_m3_Hwi_getHandle__E</name>
         <value>0x0</value>
      </symbol>
      <symbol id="sm-1966">
         <name>ti_sysbios_family_arm_m3_Hwi_delete</name>
         <value>0x0</value>
      </symbol>
      <symbol id="sm-1967">
         <name>ti_sysbios_knl_Semaphore_create</name>
         <value>0x0</value>
      </symbol>
      <symbol id="sm-1968">
         <name>ti_sysbios_knl_Semaphore_delete</name>
         <value>0x0</value>
      </symbol>
      <symbol id="sm-1969">
         <name>ti_sysbios_knl_Semaphore_post__E</name>
         <value>0x0</value>
      </symbol>
      <symbol id="sm-196a">
         <name>ti_sysbios_knl_Semaphore_pend__E</name>
         <value>0x0</value>
      </symbol>
      <symbol id="sm-196b">
         <name>ti_sysbios_knl_Task_create</name>
         <value>0x0</value>
      </symbol>
      <symbol id="sm-196c">
         <name>ti_sysbios_knl_Task_delete</name>
         <value>0x0</value>
      </symbol>
      <symbol id="sm-196d">
         <name>ti_sysbios_knl_Mailbox_post__E</name>
         <value>0x0</value>
      </symbol>
      <symbol id="sm-196e">
         <name>ti_sysbios_knl_Mailbox_pend__E</name>
         <value>0x0</value>
      </symbol>
      <symbol id="sm-196f">
         <name>ti_sysbios_knl_Mailbox_create</name>
         <value>0x0</value>
      </symbol>
      <symbol id="sm-1970">
         <name>ti_sysbios_knl_Mailbox_delete</name>
         <value>0x0</value>
      </symbol>
      <symbol id="sm-1971">
         <name>ti_sysbios_family_arm_m3_Hwi_disableFxn__E</name>
         <value>0x0</value>
      </symbol>
      <symbol id="sm-1972">
         <name>ti_sysbios_knl_Clock_tickPeriod__C</name>
         <value>0x0</value>
      </symbol>
      <symbol id="sm-1973">
         <name>ti_sysbios_family_arm_m3_Hwi_restoreFxn__E</name>
         <value>0x0</value>
      </symbol>
      <symbol id="sm-1974">
         <name>ti_sysbios_knl_Task_yield__E</name>
         <value>0x0</value>
      </symbol>
      <symbol id="sm-1975">
         <name>ti_sysbios_knl_Task_sleep__E</name>
         <value>0x0</value>
      </symbol>
      <symbol id="sm-1976">
         <name>ti_sysbios_knl_Task_disable__E</name>
         <value>0x0</value>
      </symbol>
      <symbol id="sm-1977">
         <name>ti_sysbios_knl_Task_restore__E</name>
         <value>0x0</value>
      </symbol>
      <symbol id="sm-1978">
         <name>ti_sysbios_BIOS_start__E</name>
         <value>0x0</value>
      </symbol>
   </symbol_table>
   <title>Link errors: red sections failed placement</title>
</link_info>
