******************************************************************************
                  TI ARM Linker PC v15.12.3                    
******************************************************************************
>> Linked Tue Mar 14 17:57:58 2017

OUTPUT FILE NAME:   <DomoticaMqtt.out>
ENTRY POINT SYMBOL: "_c_int00"  address: 20018fbd


MEMORY CONFIGURATION

         name            origin    length      used     unused   attr    fill
----------------------  --------  ---------  --------  --------  ----  --------
  SRAM_CODE             20004000   00016fff  00016ad4  0000052b  RW X
  SRAM_DATA             2001b000   00015000  0000ef79  00006087  RW X


SEGMENT ALLOCATION MAP

run origin  load origin   length   init length attrs members
----------  ----------- ---------- ----------- ----- -------
20004000    20004000    00016ad4   00016ad4    r-x
  20004000    20004000    00000400   00000400    r-- .intvecs
  20004400    20004400    00015b00   00015b00    r-x .text
  20019f00    20019f00    00000a90   00000a90    r-- .const
  2001a990    2001a990    00000144   00000144    r-- .cinit
2001b000    2001b000    00009f7c   00000000    rw-
  2001b000    2001b000    00008000   00000000    rw- .sysmem
  20023000    20023000    00001c21   00000000    rw- .bss
  20024c24    20024c24    00000358   00000000    rw- .data
2002b000    2002b000    00005000   00000000    rw-
  2002b000    2002b000    00005000   00000000    rw- .stack


SECTION ALLOCATION MAP

 output                                  attributes/
section   page    origin      length       input sections
--------  ----  ----------  ----------   ----------------
.intvecs   0    20004000    00000400     
                  20004000    00000400     startup_ccs.obj (.intvecs)

.init_array 
*          0    20004000    00000000     UNINITIALIZED

.text      0    20004400    00015b00     
                  20004400    000025cc     mqtt.a : mqtt_client.obj (.text)
                  200069cc    0000138c     network_if.obj (.text)
                  20007d58    0000125c     free_rtos.a : tasks.obj (.text)
                  20008fb4    000010fc     rtsv7M4_T_le_eabi.lib : _printfi.obj (.text)
                  2000a0b0    00000ee4     CThreadMqttClient.obj (.text)
                  2000af94    00000b24     free_rtos.a : queue.obj (.text)
                  2000bab8    00000a68     mqtt.a : sl_mqtt_client.obj (.text)
                  2000c520    00000a20     CThreadHTTPServer.obj (.text)
                  2000cf40    00000a0c     CThreadDefinitions.obj (.text)
                  2000d94c    00000a0c     mqtt.a : mqtt_common.obj (.text)
                  2000e358    000009a4     rtsv7M4_T_le_eabi.lib : e_pow.obj (.text)
                  2000ecfc    000006d0     mqtt.a : cc31xx_sl_net.obj (.text)
                  2000f3cc    00000590     simplelink.a : driver.obj (.text:_SlDrvMsgRead)
                  2000f95c    00000522     spawner.obj (.text)
                  2000fe7e    00000002     driverlib.a : interrupt.obj (.text:IntDefaultHandler)
                  2000fe80    0000045c     free_rtos.a : osi_freertos.obj (.text)
                  200102dc    0000041c     tmp006drv.obj (.text)
                  200106f8    000003dc     rtsv7M4_T_le_eabi.lib : memory.obj (.text)
                  20010ad4    00000394     gpio_if.obj (.text)
                  20010e68    00000324     rtsv7M4_T_le_eabi.lib : trgdrv.obj (.text)
                  2001118c    0000030c                           : lowlev.obj (.text)
                  20011498    000002a4     ini.obj (.text)
                  2001173c    000002a0     CThreadTCPServer.obj (.text)
                  200119dc    000002a0     main.obj (.text)
                  20011c7c    00000290     i2c_if.obj (.text)
                  20011f0c    00000290     uart_if.obj (.text)
                  2001219c    00000260     simplelink.a : wlan.obj (.text:sl_WlanConnect)
                  200123fc    000001fc                  : driver.obj (.text:_SlDrvRxHdrRead)
                  200125f8    000001f4     rtsv7M4_T_le_eabi.lib : ull_div_t2.obj (.text)
                  200127ec    000001ec     bma222drv.obj (.text)
                  200129d8    000001e0     simplelink.a : driver.obj (.text:_SlDrvDataReadOp)
                  20012bb8    000001d0                  : driver.obj (.text:_SlDrvReleasePoolObj)
                  20012d88    000001c4     rtsv7M4_T_le_eabi.lib : fopen.obj (.text)
                  20012f4c    000001c0     timer_if.obj (.text)
                  2001310c    000001bc     CThreadUDP.obj (.text)
                  200132c8    000001b6     rtsv7M4_T_le_eabi.lib : fd_add_t2.obj (.text)
                  2001347e    00000002                           : mpu_init.obj (.text)
                  20013480    000001a0     simplelink.a : socket.obj (.text:sl_Accept)
                  20013620    0000019c                  : driver.obj (.text:_SlDrvMsgWrite)
                  200137bc    00000190                  : driver.obj (.text:_SlDrvDriverCBInit)
                  2001394c    00000190                  : driver.obj (.text:_SlDrvWaitForPoolObj)
                  20013adc    00000178     driverlib.a : prcm.obj (.text:PRCMCC3200MCUInit)
                  20013c54    00000170     simplelink.a : driver.obj (.text:_SlFindAndSetActiveObj)
                  20013dc4    00000170     rtsv7M4_T_le_eabi.lib : e_sqrt.obj (.text)
                  20013f34    0000016c     simplelink.a : socket.obj (.text:sl_Connect)
                  200140a0    00000168     CThreadTCPClient.obj (.text)
                  20014208    0000015c     simplelink.a : socket.obj (.text:sl_Select)
                  20014364    00000154     rtsv7M4_T_le_eabi.lib : fgets.obj (.text)
                  200144b8    00000150     button_if.obj (.text)
                  20014608    00000150     simplelink.a : cc_pal.obj (.text:spi_Open)
                  20014758    0000014c                  : driver.obj (.text:_SlDrvDataWriteOp)
                  200148a4    00000144     CThreadI2C.obj (.text)
                  200149e8    00000136     rtsv7M4_T_le_eabi.lib : fd_div_t2.obj (.text)
                  20014b1e    00000002                           : newhandler.obj (.text)
                  20014b20    00000134                           : fputs.obj (.text)
                  20014c54    0000012c     simplelink.a : netapp.obj (.text:sl_NetAppDnsGetHostByName)
                  20014d80    0000012a     free_rtos.a : list.obj (.text)
                  20014eaa    00000002     rtsv7M4_T_le_eabi.lib : startup.obj (.text)
                  20014eac    00000128     simplelink.a : socket.obj (.text:sl_SendTo)
                  20014fd4    00000120                  : driver.obj (.text:_SlDrvMsgReadCmdCtx)
                  200150f4    00000120                  : socket.obj (.text:sl_RecvFrom)
                  20015214    00000118                  : driver.obj (.text:_SlDrvDriverCBDeinit)
                  2001532c    00000118                  : socket.obj (.text:sl_Send)
                  20015444    00000110     free_rtos.a : port.obj (.text)
                  20015554    00000104     simplelink.a : netapp.obj (.text:_SlDrvNetAppEventHandler)
                  20015658    00000104                  : fs.obj (.text:sl_FsRead)
                  2001575c    00000100                  : fs.obj (.text:sl_FsWrite)
                  2001585c    000000fc     rtsv7M4_T_le_eabi.lib : fd_mul_t2.obj (.text)
                  20015958    000000f0     driverlib.a : udma.obj (.text:uDMAChannelTransferSet)
                  20015a48    000000e8     simplelink.a : driver.obj (.text:_SlAsyncEventGenericHandler)
                  20015b30    000000e4                  : device.obj (.text:sl_Start)
                  20015c14    000000e4                  : device.obj (.text:sl_Stop)
                  20015cf8    000000dc                  : driver.obj (.text:_SlDrvClassifyRxMsg)
                  20015dd4    000000dc     rtsv7M4_T_le_eabi.lib : setvbuf.obj (.text)
                  20015eb0    000000dc     simplelink.a : cc_pal.obj (.text:spi_Read)
                  20015f8c    000000d4                  : driver.obj (.text:_SlDrvMsgReadSpawnCtx)
                  20016060    000000d0     rtsv7M4_T_le_eabi.lib : s_scalbn.obj (.text)
                  20016130    000000cc     simplelink.a : netapp.obj (.text:_sl_HandleAsync_DnsGetHostByService)
                  200161fc    000000c8     rtsv7M4_T_le_eabi.lib : fflush.obj (.text)
                  200162c4    000000c8     simplelink.a : netapp.obj (.text:sl_NetAppMDNSRegisterUnregisterService)
                  2001638c    000000c4                  : driver.obj (.text:_SlRemoveFromList)
                  20016450    000000c0                  : driver.obj (.text:_SlDrvCmdOp)
                  20016510    000000c0                  : netcfg.obj (.text:sl_NetCfgGet)
                  200165d0    000000bc     rtsv7M4_T_le_eabi.lib : typeinfo_.obj (.text)
                  2001668c    000000ba     free_rtos.a : portasm.obj (.text)
                  20016746    00000002     --HOLE-- [fill = 0]
                  20016748    000000b4     simplelink.a : device.obj (.text:sl_DevGet)
                  200167fc    000000ac     rtsv7M4_T_le_eabi.lib : _io_perm.obj (.text)
                  200168a8    000000a8     driverlib.a : interrupt.obj (.text:IntDisable)
                  20016950    000000a8                 : interrupt.obj (.text:IntEnable)
                  200169f8    000000a8     pinmux.obj (.text)
                  20016aa0    000000a0     driverlib.a : spi.obj (.text:SPIConfigSetExpClk)
                  20016b40    000000a0     simplelink.a : driver.obj (.text:_SlDriverHandleError)
                  20016be0    000000a0     rtsv7M4_T_le_eabi.lib : _bufread.obj (.text)
                  20016c80    0000009c     CThreadIO.obj (.text)
                  20016d1c    0000009c     rtsv7M4_T_le_eabi.lib : memcpy_t2.obj (.text)
                  20016db8    0000009c     simplelink.a : socket.obj (.text:sl_Bind)
                  20016e54    0000009a                  : device.obj (.text:_SlDrvDeviceEventHandler)
                  20016eee    00000002     --HOLE-- [fill = 0]
                  20016ef0    00000098                  : fs.obj (.text:_sl_GetCreateFsMode)
                  20016f88    00000098     rtsv7M4_T_le_eabi.lib : fclose.obj (.text)
                  20017020    00000098                           : fputc.obj (.text)
                  200170b8    00000098     simplelink.a : fs.obj (.text:sl_FsClose)
                  20017150    00000094     driverlib.a : prcm.obj (.text:PRCMPeripheralClockGet)
                  200171e4    00000090     simplelink.a : netapp.obj (.text:_sl_HandleAsync_DnsGetHostByName)
                  20017274    00000090                  : netapp.obj (.text:_sl_HandleAsync_PingResponse)
                  20017304    0000008c                  : cc_pal.obj (.text:SetupDMAReceive)
                  20017390    0000008c                  : cc_pal.obj (.text:SetupDMASend)
                  2001741c    0000008c                  : fs.obj (.text:sl_FsOpen)
                  200174a8    0000008c                  : cc_pal.obj (.text:spi_Write)
                  20017534    00000088     driverlib.a : pin.obj (.text:PinConfigSet)
                  200175bc    00000088     rtsv7M4_T_le_eabi.lib : vsnprintf.obj (.text)
                  20017644    00000088     simplelink.a : socket.obj (.text:sl_Recv)
                  200176cc    00000086     rtsv7M4_T_le_eabi.lib : fd_cmp_t2.obj (.text:__aeabi_cdcmple)
                  20017752    00000086                           : fd_cmp_t2.obj (.text:__aeabi_cdrcmple)
                  200177d8    00000084     driverlib.a : i2c.obj (.text:I2CMasterInitExpClk)
                  2001785c    00000084     simplelink.a : cc_pal.obj (.text:NwpPowerOnPreamble)
                  200178e0    00000082     driverlib.a : gpio.obj (.text:GPIOIntTypeSet)
                  20017962    00000002     --HOLE-- [fill = 0]
                  20017964    00000080     simplelink.a : socket.obj (.text:_sl_HandleAsync_Connect)
                  200179e4    00000080                  : device.obj (.text:_sl_HandleAsync_InitComplete)
                  20017a64    00000080                  : cc_pal.obj (.text:spi_Read_CPU)
                  20017ae4    00000080                  : cc_pal.obj (.text:spi_Write_CPU)
                  20017b64    0000007c     driverlib.a : prcm.obj (.text:PRCMRTCGet)
                  20017be0    0000007c     simplelink.a : netcfg.obj (.text:sl_NetCfgSet)
                  20017c5c    0000007c                  : socket.obj (.text:sl_SetSockOpt)
                  20017cd8    0000007c                  : wlan.obj (.text:sl_WlanSet)
                  20017d54    0000007a     rtsv7M4_T_le_eabi.lib : memset_t2.obj (.text)
                  20017dce    00000002     --HOLE-- [fill = 0]
                  20017dd0    00000078     simplelink.a : wlan.obj (.text:sl_WlanPolicySet)
                  20017e48    00000078                  : cc_pal.obj (.text:spi_Close)
                  20017ec0    00000076     driverlib.a : uart.obj (.text:UARTConfigSetExpClk)
                  20017f36    00000002     --HOLE-- [fill = 0]
                  20017f38    00000070     rtsv7M4_T_le_eabi.lib : autoinit.obj (.text)
                  20017fa8    00000070                           : printf.obj (.text)
                  20018018    00000070     simplelink.a : socket.obj (.text:sl_Socket)
                  20018088    0000006e     rtsv7M4_T_le_eabi.lib : fd_tos_t2.obj (.text)
                  200180f6    00000002     --HOLE-- [fill = 0]
                  200180f8    0000006c     CThread.obj (.text)
                  20018164    0000006c     simplelink.a : driver.obj (.text:_SlDrvCmdSend)
                  200181d0    0000006c                  : netapp.obj (.text:_sl_NetAppSendTokenValue)
                  2001823c    0000006c                  : wlan.obj (.text:sl_WlanRxFilterSet)
                  200182a8    0000006a     rtsv7M4_T_le_eabi.lib : copy_decompress_rle.obj (.text)
                  20018312    00000002     --HOLE-- [fill = 0]
                  20018314    00000068     driverlib.a : timer.obj (.text:TimerIntUnregister)
                  2001837c    00000068     rtsv7M4_T_le_eabi.lib : trgmsg.obj (.text)
                  200183e4    00000064     simplelink.a : socket.obj (.text:_sl_HandleAsync_Accept)
                  20018448    00000064     rtsv7M4_T_le_eabi.lib : fseek.obj (.text)
                  200184ac    00000064     driverlib.a : udma.obj (.text:uDMAChannelAttributeDisable)
                  20018510    00000064                 : udma.obj (.text:uDMAChannelAttributeEnable)
                  20018574    00000060     rtsv7M4_T_le_eabi.lib : sprintf.obj (.text)
                  200185d4    0000005c                           : s_frexp.obj (.text)
                  20018630    00000058     driverlib.a : interrupt.obj (.text:IntPendClear)
                  20018688    00000058                 : prcm.obj (.text:PRCMPeripheralReset)
                  200186e0    00000056     rtsv7M4_T_le_eabi.lib : ltoa.obj (.text)
                  20018736    00000002     --HOLE-- [fill = 0]
                  20018738    00000054     driverlib.a : interrupt.obj (.text:IntPrioritySet)
                  2001878c    00000054     simplelink.a : socket.obj (.text:_sl_HandleAsync_Select)
                  200187e0    00000054     rtsv7M4_T_le_eabi.lib : exit.obj (.text)
                  20018834    00000050     driverlib.a : prcm.obj (.text:PRCMSlowClkCtrGet)
                  20018884    00000050     simplelink.a : driver.obj (.text:_SlDrvRxIrqHandler)
                  200188d4    00000050                  : device.obj (.text:_sl_HandleAsync_Stop)
                  20018924    00000050                  : socket.obj (.text:sl_Listen)
                  20018974    0000004c     driverlib.a : spi.obj (.text:SPIIntEnable)
                  200189c0    0000004c     simplelink.a : driver.obj (.text:_SlDrvProtectAsyncRespSetting)
                  20018a0c    0000004c                  : socket.obj (.text:_sl_BuildAddress)
                  20018a58    0000004c     rtsv7M4_T_le_eabi.lib : atoi.obj (.text)
                  20018aa4    0000004c                           : cpy_tbl.obj (.text)
                  20018af0    0000004c     driverlib.a : udma.obj (.text:uDMAChannelAssign)
                  20018b3c    00000048                 : spi.obj (.text:SPIIntClear)
                  20018b84    00000048     simplelink.a : driver.obj (.text:_SlDrvBasicCmd)
                  20018bcc    00000048     rtsv7M4_T_le_eabi.lib : fd_toi_t2.obj (.text)
                  20018c14    00000048     simplelink.a : netapp.obj (.text:sl_NetAppMDNSUnRegisterService)
                  20018c5c    00000044     driverlib.a : spi.obj (.text:SPIDmaMaskGet)
                  20018ca0    00000044                 : timer.obj (.text:TimerConfigure)
                  20018ce4    00000044     simplelink.a : driver.obj (.text:_SlDrvHandleHttpServerEvents)
                  20018d28    00000044                  : cc_pal.obj (.text:cc_SetupTransfer)
                  20018d6c    00000044                  : socket.obj (.text:sl_Close)
                  20018db0    00000044                  : wlan.obj (.text:sl_WlanProfileDel)
                  20018df4    00000044                  : wlan.obj (.text:sl_WlanSetMode)
                  20018e38    00000042                  : socket.obj (.text:sl_Htonl)
                  20018e7a    00000002     --HOLE-- [fill = 0]
                  20018e7c    00000040     driverlib.a : pin.obj (.text:PinModeSet)
                  20018ebc    00000040     simplelink.a : driver.obj (.text:_SlDrvHandleNetAppEvents)
                  20018efc    00000040                  : driver.obj (.text:_SlDrvHandleWlanEvents)
                  20018f3c    00000040                  : driver.obj (.text:_SlDrvSyncObjWaitTimeout)
                  20018f7c    00000040                  : socket.obj (.text:_sl_TruncatePayloadByProtocol)
                  20018fbc    00000040     rtsv7M4_T_le_eabi.lib : boot.obj (.text)
                  20018ffc    00000040                           : strtok.obj (.text)
                  2001903c    00000040     simplelink.a : netapp.obj (.text:sl_NetAppStart)
                  2001907c    00000040                  : netapp.obj (.text:sl_NetAppStop)
                  200190bc    0000003c                  : netapp.obj (.text:CopyPingResultsToReport)
                  200190f8    0000003c     driverlib.a : prcm.obj (.text:PRCMPeripheralClkEnable)
                  20019134    0000003c     simplelink.a : socket.obj (.text:sl_Htons)
                  20019170    0000003c     driverlib.a : udma.obj (.text:uDMAChannelControlSet)
                  200191ac    00000038     simplelink.a : cc_pal.obj (.text:NwpPowerOff)
                  200191e4    00000038     free_rtos.a : heap_3.obj (.text)
                  2001921c    00000038     rtsv7M4_T_le_eabi.lib : fs_tod_t2.obj (.text)
                  20019254    00000036     driverlib.a : gpio.obj (.text:GPIODirModeSet)
                  2001928a    00000002     --HOLE-- [fill = 0]
                  2001928c    00000034                 : prcm.obj (.text:PRCMPeripheralStatusGet)
                  200192c0    00000034                 : spi.obj (.text:SPIFIFOLevelSet)
                  200192f4    00000030                 : pin.obj (.text:PinTypeGPIO)
                  20019324    00000030                 : uart.obj (.text:UARTDisable)
                  20019354    00000030     simplelink.a : fs.obj (.text:_sl_Strlen)
                  20019384    00000030     rtsv7M4_T_le_eabi.lib : new_.obj (.text)
                  200193b4    00000030                           : strncpy.obj (.text)
                  200193e4    0000002e                           : i_tofd_t2.obj (.text)
                  20019412    00000002     --HOLE-- [fill = 0]
                  20019414    0000002c     simplelink.a : cc_pal.obj (.text:DmaSpiSwIntHandler)
                  20019440    0000002c     driverlib.a : i2c.obj (.text:I2CMasterErr)
                  2001946c    0000002c     simplelink.a : cc_pal.obj (.text:NwpPowerOn)
                  20019498    0000002c     driverlib.a : prcm.obj (.text:PRCMSysResetCauseGet)
                  200194c4    0000002a                 : timer.obj (.text:TimerLoadSet)
                  200194ee    0000002a                 : timer.obj (.text:TimerPrescaleSet)
                  20019518    0000002a     rtsv7M4_T_le_eabi.lib : strspn.obj (.text)
                  20019542    00000002     --HOLE-- [fill = 0]
                  20019544    00000028     driverlib.a : prcm.obj (.text:IsRTCUsed)
                  2001956c    00000028                 : prcm.obj (.text:PRCMPeripheralClkDisable)
                  20019594    00000028     simplelink.a : socket.obj (.text:SL_FD_ISSET)
                  200195bc    00000028                  : driver.obj (.text:_SlDrvObjGlobalLockWaitForever)
                  200195e4    00000028                  : driver.obj (.text:_SlDrvProtectionObjLockWaitForever)
                  2001960c    00000026                  : cc_pal.obj (.text:NwpRegisterInterruptHandler)
                  20019632    00000026     network_common.obj (.text)
                  20019658    00000026     rtsv7M4_T_le_eabi.lib : strncmp.obj (.text)
                  2001967e    00000002     --HOLE-- [fill = 0]
                  20019680    00000024     driverlib.a : interrupt.obj (.text:IntUnregister)
                  200196a4    00000024                 : prcm.obj (.text:RTCU16MSecRegRead)
                  200196c8    00000024                 : prcm.obj (.text:RTCUseSet)
                  200196ec    00000024                 : uart.obj (.text:UARTEnable)
                  20019710    00000024     simplelink.a : driver.obj (.text:_SlDrvGlobalObjUnLock)
                  20019734    00000024                  : driver.obj (.text:_SlDrvProtectionObjUnLock)
                  20019758    00000024                  : driver.obj (.text:_SlDrvSyncObjWaitForever)
                  2001977c    00000024     rtsv7M4_T_le_eabi.lib : memmov.obj (.text)
                  200197a0    00000024                           : strcspn.obj (.text)
                  200197c4    00000022     driverlib.a : gpio.obj (.text:GPIOIntStatus)
                  200197e6    00000022                 : i2c.obj (.text:I2CMasterSlaveAddrSet)
                  20019808    00000022     simplelink.a : socket.obj (.text:SL_FD_SET)
                  2001982a    00000022     driverlib.a : spi.obj (.text:SPIReset)
                  2001984c    00000022                 : spi.obj (.text:SPIWordCountSet)
                  2001986e    00000022     simplelink.a : driver.obj (.text:_SlDrvObjLockWaitForever)
                  20019890    00000022     rtsv7M4_T_le_eabi.lib : memcmp.obj (.text)
                  200198b2    00000020     driverlib.a : gpio.obj (.text:GPIOPinWrite)
                  200198d2    00000002     --HOLE-- [fill = 0]
                  200198d4    00000020                 : interrupt.obj (.text:IntRegister)
                  200198f4    00000020     mqtt.a : cc3200_platform.obj (.text)
                  20019914    00000020     rtsv7M4_T_le_eabi.lib : memchr.obj (.text)
                  20019934    00000020     simplelink.a : wlan.obj (.text:sl_WlanDisconnect)
                  20019954    0000001e     driverlib.a : i2c.obj (.text:I2CMasterIntStatusEx)
                  20019972    0000001e                 : timer.obj (.text:TimerDisable)
                  20019990    0000001e                 : timer.obj (.text:TimerEnable)
                  200199ae    0000001e                 : timer.obj (.text:TimerIntStatus)
                  200199cc    0000001e                 : uart.obj (.text:UARTCharPut)
                  200199ea    0000001e     simplelink.a : driver.obj (.text:_SlDrvObjUnLock)
                  20019a08    0000001e                  : driver.obj (.text:_SlDrvSyncObjSignal)
                  20019a26    0000001e                  : cc_pal.obj (.text:cc_UDMAChannelSelect)
                  20019a44    0000001c     driverlib.a : pin.obj (.text:PinTypeI2C)
                  20019a60    0000001c                 : timer.obj (.text:TimerValueGet)
                  20019a7c    0000001c                 : uart.obj (.text:UARTCharGetNonBlocking)
                  20019a98    0000001c     rtsv7M4_T_le_eabi.lib : memccpy.obj (.text)
                  20019ab4    0000001c     driverlib.a : udma.obj (.text:uDMAChannelEnable)
                  20019ad0    0000001a                 : gpio.obj (.text:GPIOIntDisable)
                  20019aea    0000001a                 : gpio.obj (.text:GPIOIntEnable)
                  20019b04    0000001a                 : pin.obj (.text:PinTypeUART)
                  20019b1e    0000001a                 : spi.obj (.text:SPIDmaDisable)
                  20019b38    0000001a                 : spi.obj (.text:SPIDmaEnable)
                  20019b52    0000001a                 : spi.obj (.text:SPIFIFODisable)
                  20019b6c    0000001a                 : spi.obj (.text:SPIFIFOEnable)
                  20019b86    00000018                 : gpio.obj (.text:GPIOPinRead)
                  20019b9e    00000018                 : spi.obj (.text:SPICSDisable)
                  20019bb6    00000018                 : spi.obj (.text:SPICSEnable)
                  20019bce    00000018                 : spi.obj (.text:SPIDisable)
                  20019be6    00000018                 : spi.obj (.text:SPIEnable)
                  20019bfe    00000018                 : timer.obj (.text:TimerIntDisable)
                  20019c16    00000018                 : timer.obj (.text:TimerIntEnable)
                  20019c2e    00000018                 : uart.obj (.text:UARTCharsAvail)
                  20019c46    00000002     --HOLE-- [fill = 0]
                  20019c48    00000018     simplelink.a : device.obj (.text:_sl_GetStartResponseConvert)
                  20019c60    00000018     rtsv7M4_T_le_eabi.lib : args_main.obj (.text)
                  20019c78    00000018                           : strcmp.obj (.text)
                  20019c90    00000016     driverlib.a : i2c.obj (.text:I2CMasterDataPut)
                  20019ca6    00000016                 : i2c.obj (.text:I2CMasterEnable)
                  20019cbc    00000016                 : prcm.obj (.text:PRCMHIBRegRead)
                  20019cd2    00000016                 : prcm.obj (.text:PRCMHIBRegWrite)
                  20019ce8    00000016     simplelink.a : driver.obj (.text:_SlDrvMemZero)
                  20019cfe    00000016     CThreadTCPServer.obj (.text:_ZN16CThreadTCPClient7SetFreeEb)
                  20019d14    00000016     rtsv7M4_T_le_eabi.lib : strchr.obj (.text)
                  20019d2a    00000014     driverlib.a : cpu.obj (.text:CPUcpsie)
                  20019d3e    00000014                 : gpio.obj (.text:GPIOIntClear)
                  20019d52    00000002     --HOLE-- [fill = 0]
                  20019d54    00000014                 : interrupt.obj (.text:IntVTableBaseSet)
                  20019d68    00000014     CThreadTCPServer.obj (.text:_ZN16CThreadTCPClient18SetSemaphoreHandleEPv)
                  20019d7c    00000014     rtsv7M4_T_le_eabi.lib : _lock.obj (.text)
                  20019d90    00000014                           : strcpy.obj (.text)
                  20019da4    00000014                           : strlen.obj (.text)
                  20019db8    00000012     driverlib.a : i2c.obj (.text:I2CMasterControl)
                  20019dca    00000012                 : i2c.obj (.text:I2CMasterIntClearEx)
                  20019ddc    00000012                 : i2c.obj (.text:I2CMasterTimeoutSet)
                  20019dee    00000012                 : timer.obj (.text:TimerIntClear)
                  20019e00    00000012     CThreadTCPServer.obj (.text:_ZN16CThreadTCPClient9SetSocketEi)
                  20019e12    00000012     spawner.obj (.text:_ZN7CThread6CreateEPv)
                  20019e24    00000010     driverlib.a : prcm.obj (.text:RTCU32SecRegRead)
                  20019e34    00000010     simplelink.a : socket.obj (.text:SL_FD_ZERO)
                  20019e44    00000010                  : driver.obj (.text:_SlDrvDispatchHttpServerEvents)
                  20019e54    00000010     rtsv7M4_T_le_eabi.lib : isspace.obj (.text)
                  20019e64    0000000e     driverlib.a : i2c.obj (.text:I2CMasterDataGet)
                  20019e72    0000000e     simplelink.a : driver.obj (.text:_SlDrvResetCmdExt)
                  20019e80    0000000e     CThreadTCPServer.obj (.text:_ZN16CThreadTCPClient6IsFreeEv)
                  20019e8e    0000000e     rtsv7M4_T_le_eabi.lib : copy_decompress_none.obj (.text:decompress:none)
                  20019e9c    0000000e     startup_ccs.obj (.text)
                  20019eaa    00000002     --HOLE-- [fill = 0]
                  20019eac    0000000c     simplelink.a : cc_pal.obj (.text:NwpMaskInterrupt)
                  20019eb8    0000000c                  : cc_pal.obj (.text:NwpUnMaskInterrupt)
                  20019ec4    0000000a     driverlib.a : interrupt.obj (.text:IntMasterEnable)
                  20019ece    00000008                 : prcm.obj (.text:PRCMRTCInUseSet)
                  20019ed6    00000002     --HOLE-- [fill = 0]
                  20019ed8    00000008     spawner.obj (.text:_ZN7CThread16GetConfigurationEv)
                  20019ee0    00000008     rtsv7M4_T_le_eabi.lib : delete.obj (.text)
                  20019ee8    00000008                           : s_copysign.obj (.text)
                  20019ef0    00000006     driverlib.a : utils.obj (.text:UtilsDelay)
                  20019ef6    00000006     rtsv7M4_T_le_eabi.lib : copy_decompress_rle.obj (.text:decompress:rle24)
                  20019efc    00000004                           : pre_init.obj (.text)

.const     0    20019f00    00000a90     
                  20019f00    00000101     rtsv7M4_T_le_eabi.lib : ctype.obj (.const:.string:_ctypes_)
                  2001a001    00000003     mqtt.a : sl_mqtt_client.obj (.const)
                  2001a004    00000100     driverlib.a : pin.obj (.const:g_ulPinToPadMap)
                  2001a104    000000d4                 : interrupt.obj (.const:g_pulRegs)
                  2001a1d8    000000a8                 : prcm.obj (.const:PRCM_PeriphRegsList)
                  2001a280    00000080                 : interrupt.obj (.const)
                  2001a300    00000058     CThreadMqttClient.obj (.const:.string)
                  2001a358    0000003c     simplelink.a : driver.obj (.const:OpcodeTranslateTable)
                  2001a394    00000038                  : driver.obj (.const:_SlActionLookupTable)
                  2001a3cc    00000004                  : socket.obj (.const:$P$T0$1)
                  2001a3d0    00000030     rtsv7M4_T_le_eabi.lib : e_pow.obj (.const:$O1$$)
                  2001a400    0000002c     network_if.obj (.const:$P$T1$2)
                  2001a42c    00000028     rtsv7M4_T_le_eabi.lib : typeinfo_.obj (.const:.typeinfo:_ZTSN10__cxxabiv123__fundamental_type_infoE)
                  2001a454    00000025                           : typeinfo_.obj (.const:.typeinfo:_ZTSN10__cxxabiv120__si_class_type_infoE)
                  2001a479    00000024                           : typeinfo_.obj (.const:.typeinfo:_ZTSN10__cxxabiv119__pointer_type_infoE)
                  2001a49d    00000022     network_if.obj (.const:.string:$P$T0$1)
                  2001a4bf    00000022     rtsv7M4_T_le_eabi.lib : typeinfo_.obj (.const:.typeinfo:_ZTSN10__cxxabiv117__class_type_infoE)
                  2001a4e1    00000022                           : typeinfo_.obj (.const:.typeinfo:_ZTSN10__cxxabiv117__pbase_type_infoE)
                  2001a503    00000001     --HOLE-- [fill = 0]
                  2001a504    00000020     simplelink.a : driver.obj (.const:RxMsgClassLUT)
                  2001a524    00000020     mqtt.a : cc31xx_sl_net.obj (.const)
                  2001a544    0000001c     CThreadI2C.obj (.const:_ZTV10CThreadI2C)
                  2001a560    0000001c     CThreadUDP.obj (.const:_ZTV10CThreadUDP)
                  2001a57c    0000001c     CThreadTCPClient.obj (.const:_ZTV16CThreadTCPClient)
                  2001a598    0000001c     CThreadTCPServer.obj (.const:_ZTV16CThreadTCPServer)
                  2001a5b4    0000001c     CThreadHTTPServer.obj (.const:_ZTV17CThreadHTTPServer)
                  2001a5d0    0000001c     CThreadMqttClient.obj (.const:_ZTV17CThreadMqttClient)
                  2001a5ec    0000001c     CThreadDefinitions.obj (.const:_ZTV18CThreadDefinitions)
                  2001a608    0000001c     CThread.obj (.const:_ZTV7CThread)
                  2001a624    0000001c     CThreadIO.obj (.const:_ZTV9CThreadIO)
                  2001a640    00000018     driverlib.a : spi.obj (.const)
                  2001a658    00000017     network_if.obj (.const:.string:$P$T6$7)
                  2001a66f    00000016     network_if.obj (.const:.string:$P$T3$4)
                  2001a685    00000015     network_if.obj (.const:.string:$P$T5$6)
                  2001a69a    00000015     network_if.obj (.const:.string:$P$T8$9)
                  2001a6af    00000015     CThreadDefinitions.obj (.const:.typeinfo:_ZTS18CThreadDefinitions)
                  2001a6c4    00000014     simplelink.a : fs.obj (.const:$P$T0$1)
                  2001a6d8    00000014     network_if.obj (.const:$P$T2$3)
                  2001a6ec    00000014     CThreadHTTPServer.obj (.const:.typeinfo:_ZTS17CThreadHTTPServer)
                  2001a700    00000014     CThreadMqttClient.obj (.const:.typeinfo:_ZTS17CThreadMqttClient)
                  2001a714    00000013     CThreadTCPClient.obj (.const:.typeinfo:_ZTS16CThreadTCPClient)
                  2001a727    00000013     CThreadTCPServer.obj (.const:.typeinfo:_ZTS16CThreadTCPServer)
                  2001a73a    00000002     rtsv7M4_T_le_eabi.lib : typeinfo_.obj (.const:.typeinfo:_ZTSe)
                  2001a73c    00000010     network_if.obj (.const:$P$T4$5)
                  2001a74c    00000010     network_if.obj (.const:$P$T7$8)
                  2001a75c    00000010     simplelink.a : socket.obj (.const:.string:_SlPayloadByProtocolLUT)
                  2001a76c    00000010     rtsv7M4_T_le_eabi.lib : typeinfo_.obj (.const:.typeinfo:_ZTIPKe)
                  2001a77c    00000010                           : typeinfo_.obj (.const:_ZTVN10__cxxabiv117__class_type_infoE)
                  2001a78c    00000010                           : typeinfo_.obj (.const:_ZTVN10__cxxabiv119__pointer_type_infoE)
                  2001a79c    00000010                           : typeinfo_.obj (.const:_ZTVN10__cxxabiv120__si_class_type_infoE)
                  2001a7ac    00000010                           : typeinfo_.obj (.const:_ZTVN10__cxxabiv123__fundamental_type_infoE)
                  2001a7bc    0000000e     network_if.obj (.const:.string:$P$T9$10)
                  2001a7ca    0000000d     CThreadDefinitions.obj (.const:.string:$P$T0$1)
                  2001a7d7    0000000d     CThreadI2C.obj (.const:.typeinfo:_ZTS10CThreadI2C)
                  2001a7e4    0000000d     CThreadUDP.obj (.const:.typeinfo:_ZTS10CThreadUDP)
                  2001a7f1    0000000d     rtsv7M4_T_le_eabi.lib : typeinfo_.obj (.const:.typeinfo:_ZTSSt9type_info)
                  2001a7fe    0000000c     CThreadDefinitions.obj (.const:.string:$P$T1$2)
                  2001a80a    00000002     --HOLE-- [fill = 0]
                  2001a80c    0000000c     CThreadI2C.obj (.const:.typeinfo:_ZTI10CThreadI2C)
                  2001a818    0000000c     CThreadUDP.obj (.const:.typeinfo:_ZTI10CThreadUDP)
                  2001a824    0000000c     CThreadTCPClient.obj (.const:.typeinfo:_ZTI16CThreadTCPClient)
                  2001a830    0000000c     CThreadTCPServer.obj (.const:.typeinfo:_ZTI16CThreadTCPServer)
                  2001a83c    0000000c     CThreadHTTPServer.obj (.const:.typeinfo:_ZTI17CThreadHTTPServer)
                  2001a848    0000000c     CThreadMqttClient.obj (.const:.typeinfo:_ZTI17CThreadMqttClient)
                  2001a854    0000000c     CThreadDefinitions.obj (.const:.typeinfo:_ZTI18CThreadDefinitions)
                  2001a860    0000000c     CThreadIO.obj (.const:.typeinfo:_ZTI9CThreadIO)
                  2001a86c    0000000c     rtsv7M4_T_le_eabi.lib : typeinfo_.obj (.const:.typeinfo:_ZTIN10__cxxabiv117__class_type_infoE)
                  2001a878    0000000c                           : typeinfo_.obj (.const:.typeinfo:_ZTIN10__cxxabiv117__pbase_type_infoE)
                  2001a884    0000000c                           : typeinfo_.obj (.const:.typeinfo:_ZTIN10__cxxabiv119__pointer_type_infoE)
                  2001a890    0000000c                           : typeinfo_.obj (.const:.typeinfo:_ZTIN10__cxxabiv120__si_class_type_infoE)
                  2001a89c    0000000c                           : typeinfo_.obj (.const:.typeinfo:_ZTIN10__cxxabiv123__fundamental_type_infoE)
                  2001a8a8    0000000b     mqtt.a : mqtt_client.obj (.const:.string)
                  2001a8b3    0000000b     network_if.obj (.const:.string:pcDigits)
                  2001a8be    0000000b     CThreadIO.obj (.const:.typeinfo:_ZTS9CThreadIO)
                  2001a8c9    00000009     CThread.obj (.const:.typeinfo:_ZTS7CThread)
                  2001a8d2    00000002     --HOLE-- [fill = 0]
                  2001a8d4    00000008     CThread.obj (.const:.typeinfo:_ZTI7CThread)
                  2001a8dc    00000008     rtsv7M4_T_le_eabi.lib : typeinfo_.obj (.const:.typeinfo:_ZTISt9type_info)
                  2001a8e4    00000008                           : typeinfo_.obj (.const:.typeinfo:_ZTIe)
                  2001a8ec    00000008     simplelink.a : device.obj (.const:StartResponseLUT)
                  2001a8f4    00000008                  : driver.obj (.const:g_H2NCnysPattern)
                  2001a8fc    00000008                  : driver.obj (.const:g_H2NSyncPattern)
                  2001a904    00000005     main.obj (.const:.string:$P$T0$1)
                  2001a909    00000001     --HOLE-- [fill = 0]
                  2001a90a    00000004     simplelink.a : wlan.obj (.const:$P$T0$1)
                  2001a90e    00000004                  : socket.obj (.const:$P$T1$2)
                  2001a912    00000004                  : socket.obj (.const:$P$T2$3)
                  2001a916    00000004     rtsv7M4_T_le_eabi.lib : typeinfo_.obj (.const:.typeinfo:_ZTSPKe)
                  2001a91a    00000004     simplelink.a : socket.obj (.const:_SlAcceptCmdCtrl)
                  2001a91e    00000004                  : device.obj (.const:_SlDeviceGetCmdCtrl)
                  2001a922    00000004                  : fs.obj (.const:_SlFsCloseCmdCtrl)
                  2001a926    00000004                  : fs.obj (.const:_SlFsOpenCmdCtrl)
                  2001a92a    00000004                  : fs.obj (.const:_SlFsReadCmdCtrl)
                  2001a92e    00000004                  : fs.obj (.const:_SlFsWriteCmdCtrl)
                  2001a932    00000004                  : netapp.obj (.const:_SlGetHostByNameCtrl)
                  2001a936    00000004                  : socket.obj (.const:_SlListenCmdCtrl)
                  2001a93a    00000004                  : netapp.obj (.const:_SlNetAppSendTokenValueCmdCtrl)
                  2001a93e    00000004                  : netapp.obj (.const:_SlNetAppStartCtrl)
                  2001a942    00000004                  : netapp.obj (.const:_SlNetAppStopCtrl)
                  2001a946    00000004                  : netcfg.obj (.const:_SlNetCfgGetCmdCtrl)
                  2001a94a    00000004                  : netcfg.obj (.const:_SlNetCfgSetCmdCtrl)
                  2001a94e    00000004                  : wlan.obj (.const:_SlPolicySetCmdCtrl)
                  2001a952    00000004                  : wlan.obj (.const:_SlProfileDelCmdCtrl)
                  2001a956    00000004                  : socket.obj (.const:_SlRecvCmdCtrl)
                  2001a95a    00000004                  : socket.obj (.const:_SlRecvfomCmdCtrl)
                  2001a95e    00000004                  : netapp.obj (.const:_SlRegisterServiceCtrl)
                  2001a962    00000004                  : wlan.obj (.const:_SlRxFilterSetCmdCtrl)
                  2001a966    00000004                  : socket.obj (.const:_SlSelectCmdCtrl)
                  2001a96a    00000004                  : socket.obj (.const:_SlSendCmdCtrl)
                  2001a96e    00000004                  : socket.obj (.const:_SlSetSockOptCmdCtrl)
                  2001a972    00000004                  : socket.obj (.const:_SlSockCloseCmdCtrl)
                  2001a976    00000004                  : socket.obj (.const:_SlSockSocketCmdCtrl)
                  2001a97a    00000004                  : device.obj (.const:_SlStopCmdCtrl)
                  2001a97e    00000004                  : wlan.obj (.const:_SlWlanCfgSetCmdCtrl)
                  2001a982    00000004                  : wlan.obj (.const:_SlWlanSetModeCmdCtrl)
                  2001a986    00000002     --HOLE-- [fill = 0]
                  2001a988    00000004                  : driver.obj (.const:httpServer_callbacks)
                  2001a98c    00000004                  : driver.obj (.const:netApp_callbacks)

.cinit     0    2001a990    00000144     
                  2001a990    0000011c     (.cinit..data.load) [load image, compression = rle]
                  2001aaac    00000004     --HOLE-- [fill = 0]
                  2001aab0    0000000b     (.cinit..bss.load) [load image, compression = rle]
                  2001aabb    00000001     --HOLE-- [fill = 0]
                  2001aabc    00000008     (__TI_handler_table)
                  2001aac4    00000010     (__TI_cinit_table)

.sysmem    0    2001b000    00008000     UNINITIALIZED
                  2001b000    00000008     rtsv7M4_T_le_eabi.lib : memory.obj (.sysmem)
                  2001b008    00007ff8     --HOLE--

.bss       0    20023000    00001c21     UNINITIALIZED
                  20023000    00000800     mqtt.a : sl_mqtt_client.obj (.bss:buf_vec)
                  20023800    00000800     (.common:gaucCmpBuf)
                  20024000    000002d0            : mqtt_client.obj (.bss:clients)
                  200242d0    000001a4     (.common:_ZN7CThread6configE)
                  20024474    00000178     simplelink.a : driver.obj (.bss:g_StatMem)
                  200245ec    00000120     rtsv7M4_T_le_eabi.lib : trgmsg.obj (.bss:_CIOBUF_)
                  2002470c    000000f0     mqtt.a : sl_mqtt_client.obj (.bss:sl_cli_ctx)
                  200247fc    000000c8     free_rtos.a : tasks.obj (.bss:pxReadyTasksLists)
                  200248c4    000000c8     (.common:_ZN17CThreadMqttClient18usr_connect_configE)
                  2002498c    000000a0     (.common:__TI_tmpnams)
                  20024a2c    00000050                 : queue.obj (.bss:xQueueRegistry)
                  20024a7c    00000050     (.common:g_ucDinDout)
                  20024acc    00000048     mqtt.a : sl_mqtt_client.obj (.bss:mqp_vec)
                  20024b14    00000024     (.common:g_ucConnectionSSID)
                  20024b38    00000018     (.common:recv_hvec)
                  20024b50    00000014     (.common:xDelayedTaskList1)
                  20024b64    00000014     (.common:xDelayedTaskList2)
                  20024b78    00000014     (.common:xPendingReadyList)
                  20024b8c    00000014     (.common:xSuspendedTaskList)
                  20024ba0    00000014     (.common:xTasksWaitingTermination)
                  20024bb4    00000008     rtsv7M4_T_le_eabi.lib : trgdrv.obj (.bss:parmbuf)
                  20024bbc    00000008     (.common:g_ucConnectionBSSID)
                  20024bc4    00000004     uart_if.obj (.bss)
                  20024bc8    00000004     (.common:DMAMsgQ)
                  20024bcc    00000004     (.common:_ZN7CThread12fAmbientTempE)
                  20024bd0    00000004     (.common:_ZN7CThread12fCurrentTempE)
                  20024bd4    00000004     (.common:_ZSt16__dummy_typeinfo)
                  20024bd8    00000004     (.common:g_S2InterruptHdl)
                  20024bdc    00000004     (.common:g_S3InterruptHdl)
                  20024be0    00000004     (.common:g_cDummy)
                  20024be4    00000004     (.common:g_rx_task_hndl)
                  20024be8    00000004     (.common:g_rx_tx_sync_obj)
                  20024bec    00000004     (.common:g_wait_secs)
                  20024bf0    00000004     (.common:httpServerThread)
                  20024bf4    00000004     (.common:i2cThread)
                  20024bf8    00000004     (.common:ioThread)
                  20024bfc    00000004     (.common:mqttThread)
                  20024c00    00000004     (.common:mqtt_lib_lockobj)
                  20024c04    00000004     (.common:mt_lock)
                  20024c08    00000004     (.common:pxDelayedTaskList)
                  20024c0c    00000004     (.common:pxOverflowDelayedTaskList)
                  20024c10    00000004     (.common:tcpServerThread)
                  20024c14    00000004     (.common:udpThread)
                  20024c18    00000002     (.common:g_usConnectIndex)
                  20024c1a    00000002     (.common:g_usTimerInts)
                  20024c1c    00000001     (.common:RxIrqCnt)
                  20024c1d    00000001     (.common:g_bDeviceRestartIsRequired)
                  20024c1e    00000001     (.common:g_ucLED1Pin)
                  20024c1f    00000001     (.common:g_ucLED2Pin)
                  20024c20    00000001     (.common:g_ucLED3Pin)

.data      0    20024c24    00000358     UNINITIALIZED
                  20024c24    000000f0     rtsv7M4_T_le_eabi.lib : defs.obj (.data:_ftable)
                  20024d14    000000d0                           : lowlev.obj (.data:$O1$$)
                  20024de4    0000004c     mqtt.a : mqtt_client.obj (.data)
                  20024e30    00000034     free_rtos.a : tasks.obj (.data)
                  20024e64    00000028     mqtt.a : sl_mqtt_client.obj (.data:net)
                  20024e8c    00000020     CThreadMqttClient.obj (.data)
                  20024eac    00000014     CThreadMqttClient.obj (.data:_ZN17CThreadMqttClient11Mqtt_ClientE)
                  20024ec0    00000014     gpio_if.obj (.data:ulReg)
                  20024ed4    00000010     CThread.obj (.data)
                  20024ee4    00000010     rtsv7M4_T_le_eabi.lib : defs.obj (.data)
                  20024ef4    0000000c                           : exit.obj (.data:$O1$$)
                  20024f00    0000000c                           : memory.obj (.data:$O1$$)
                  20024f0c    0000000c     main.obj (.data:SecurityParams)
                  20024f18    0000000c     free_rtos.a : osi_freertos.obj (.data)
                  20024f24    0000000c     gpio_if.obj (.data)
                  20024f30    0000000c     network_if.obj (.data)
                  20024f3c    00000009     simplelink.a : cc_pal.obj (.data)
                  20024f45    00000001     mqtt.a : sl_mqtt_client.obj (.data)
                  20024f46    00000002     --HOLE--
                  20024f48    00000009     simplelink.a : driver.obj (.data)
                  20024f51    00000003     --HOLE--
                  20024f54    00000008     rtsv7M4_T_le_eabi.lib : _lock.obj (.data:$O1$$)
                  20024f5c    00000004     CThreadHTTPServer.obj (.data)
                  20024f60    00000004     free_rtos.a : port.obj (.data)
                  20024f64    00000004     rtsv7M4_T_le_eabi.lib : errno.obj (.data)
                  20024f68    00000004                           : fopen.obj (.data)
                  20024f6c    00000004                           : stkdepth_vars.obj (.data)
                  20024f70    00000004                           : strtok.obj (.data)
                  20024f74    00000004                           : vars.obj (.data)
                  20024f78    00000004     simplelink.a : driver.obj (.data:wlan_callbacks)

.stack     0    2002b000    00005000     UNINITIALIZED
                  2002b000    00005000     --HOLE--

MODULE SUMMARY

       Module                     code    ro data   rw data
       ------                     ----    -------   -------
    .\
       network_if.obj             5004    242       58     
       CThreadDefinitions.obj     2572    86        2048   
       CThreadMqttClient.obj      3812    148       252    
       CThreadHTTPServer.obj      2592    60        28     
       spawner.obj                1340    0         0      
       tmp006drv.obj              1052    0         0      
       startup_ccs.obj            14      1024      0      
       gpio_if.obj                916     0         35     
       CThreadTCPServer.obj       746     59        0      
       main.obj                   672     5         14     
       ini.obj                    676     0         0      
       uart_if.obj                656     0         4      
       i2c_if.obj                 656     0         0      
       CThread.obj                108     45        444    
       CThreadUDP.obj             444     53        0      
       bma222drv.obj              492     0         0      
       timer_if.obj               448     0         0      
       CThreadTCPClient.obj       360     59        0      
       CThreadI2C.obj             324     53        0      
       button_if.obj              336     0         8      
       CThreadIO.obj              156     51        0      
       pinmux.obj                 168     0         0      
       network_common.obj         38      0         0      
    +--+--------------------------+-------+---------+---------+
       Total:                     23582   1885      2891   
                                                           
    C:/ti/CC3200SDK_1.2.0/cc3200-sdk/driverlib/ccs/Release/driverlib.a
       prcm.obj                   1192    168       0      
       interrupt.obj              608     340       0      
       spi.obj                    696     24        0      
       udma.obj                   604     0         0      
       pin.obj                    302     256       0      
       timer.obj                  440     0         0      
       i2c.obj                    352     0         0      
       gpio.obj                   346     0         0      
       uart.obj                   284     0         0      
       cpu.obj                    20      0         0      
       utils.obj                  6       0         0      
    +--+--------------------------+-------+---------+---------+
       Total:                     4850    788       0      
                                                           
    C:/ti/CC3200SDK_1.2.0/cc3200-sdk/netapps/mqtt/ccs/client/mqtt.a
       mqtt_client.obj            9676    11        820    
       sl_mqtt_client.obj         2664    3         2421   
       mqtt_common.obj            2572    0         0      
       cc31xx_sl_net.obj          1744    32        0      
       cc3200_platform.obj        32      0         0      
    +--+--------------------------+-------+---------+---------+
       Total:                     16688   46        3241   
                                                           
    C:/ti/CC3200SDK_1.2.0/cc3200-sdk/oslib/ccs/free_rtos/free_rtos.a
       tasks.obj                  4700    0         360    
       queue.obj                  2852    0         80     
       osi_freertos.obj           1116    0         12     
       list.obj                   298     0         0      
       port.obj                   272     0         4      
       portasm.obj                186     0         0      
       heap_3.obj                 56      0         0      
    +--+--------------------------+-------+---------+---------+
       Total:                     9480    0         456    
                                                           
    C:/ti/CC3200SDK_1.2.0/cc3200-sdk/simplelink/ccs/OS_debug/simplelink.a
       driver.obj                 7498    172       391    
       socket.obj                 3336    64        0      
       cc_pal.obj                 1788    0         97     
       netapp.obj                 1620    20        0      
       wlan.obj                   1128    24        0      
       fs.obj                     1008    36        0      
       device.obj                 1022    16        0      
       netcfg.obj                 316     8         0      
    +--+--------------------------+-------+---------+---------+
       Total:                     17716   340       488    
                                                           
    C:\ti\ccsv6\tools\compiler\arm_15.12.3.LTS\lib\rtsv7M4_T_le_eabi.lib
       _printfi.obj               4348    0         0      
       e_pow.obj                  2468    48        0      
       memory.obj                 988     0         12     
       lowlev.obj                 780     0         208    
       trgdrv.obj                 804     0         8      
       typeinfo_.obj              188     356       4      
       ull_div_t2.obj             500     0         0      
       fopen.obj                  452     0         4      
       fd_add_t2.obj              438     0         0      
       defs.obj                   0       0         416    
       trgmsg.obj                 104     0         288    
       e_sqrt.obj                 368     0         0      
       fgets.obj                  340     0         0      
       fd_div_t2.obj              310     0         0      
       fputs.obj                  308     0         0      
       fd_cmp_t2.obj              268     0         0      
       ctype.obj                  0       257       0      
       fd_mul_t2.obj              252     0         0      
       setvbuf.obj                220     0         0      
       s_scalbn.obj               208     0         0      
       fflush.obj                 200     0         0      
       _io_perm.obj               172     0         0      
       _bufread.obj               160     0         0      
       memcpy_t2.obj              156     0         0      
       fclose.obj                 152     0         0      
       fputc.obj                  152     0         0      
       vsnprintf.obj              136     0         0      
       memset_t2.obj              122     0         0      
       autoinit.obj               112     0         0      
       copy_decompress_rle.obj    112     0         0      
       printf.obj                 112     0         0      
       fd_tos_t2.obj              110     0         0      
       fseek.obj                  100     0         0      
       exit.obj                   84      0         12     
       sprintf.obj                96      0         0      
       s_frexp.obj                92      0         0      
       ltoa.obj                   86      0         0      
       atoi.obj                   76      0         0      
       cpy_tbl.obj                76      0         0      
       fd_toi_t2.obj              72      0         0      
       strtok.obj                 64      0         4      
       boot.obj                   64      0         0      
       fs_tod_t2.obj              56      0         0      
       new_.obj                   48      0         0      
       strncpy.obj                48      0         0      
       i_tofd_t2.obj              46      0         0      
       strspn.obj                 42      0         0      
       strncmp.obj                38      0         0      
       memmov.obj                 36      0         0      
       strcspn.obj                36      0         0      
       memcmp.obj                 34      0         0      
       memchr.obj                 32      0         0      
       _lock.obj                  20      0         8      
       memccpy.obj                28      0         0      
       args_main.obj              24      0         0      
       strcmp.obj                 24      0         0      
       strchr.obj                 22      0         0      
       strcpy.obj                 20      0         0      
       strlen.obj                 20      0         0      
       isspace.obj                16      0         0      
       copy_decompress_none.obj   14      0         0      
       delete.obj                 8       0         0      
       s_copysign.obj             8       0         0      
       errno.obj                  0       0         4      
       pre_init.obj               4       0         0      
       stkdepth_vars.obj          0       0         4      
       vars.obj                   0       0         4      
       mpu_init.obj               2       0         0      
       newhandler.obj             2       0         0      
       startup.obj                2       0         0      
    +--+--------------------------+-------+---------+---------+
       Total:                     16480   661       976    
                                                           
       Heap:                      0       0         32768  
       Stack:                     0       0         20480  
       Linker Generated:          0       319       0      
    +--+--------------------------+-------+---------+---------+
       Grand Total:               88796   4039      61300  


LINKER GENERATED COPY TABLES

__TI_cinit_table @ 2001aac4 records: 2, size/record: 8, table size: 16
	.data: load addr=2001a990, load size=0000011c bytes, run addr=20024c24, run size=00000358 bytes, compression=rle
	.bss: load addr=2001aab0, load size=0000000b bytes, run addr=20023000, run size=00001c21 bytes, compression=rle


LINKER GENERATED HANDLER TABLE

__TI_handler_table @ 2001aabc records: 2, size/record: 4, table size: 8
	index: 0, handler: __TI_decompress_rle24
	index: 1, handler: __TI_decompress_none


GLOBAL SYMBOLS: SORTED ALPHABETICALLY BY Name 

address   name                                              
-------   ----                                              
200128a9  BMA222Close                                       
20012887  BMA222Open                                        
200128ad  BMA222Read                                        
20012929  BMA222ReadNew                                     
20012851  BlockRead                                         
20011a4d  BoardInit                                         
200145ad  Button_IF_DisableInterrupt                        
2001455d  Button_IF_EnableInterrupt                         
200144f9  Button_IF_Init                                    
200187e1  C$$EXIT                                           
200183ab  C$$IO$$                                           
20019d2b  CPUcpsie                                          
20011f4d  ClearTerm                                         
20007c69  ConfigureMode                                     
200070f9  ConfigureSimpleLinkToDefaultState                 
20024bc8  DMAMsgQ                                           
20019415  DmaSpiSwIntHandler                                
20011f57  Error                                             
20019255  GPIODirModeSet                                    
20019d3f  GPIOIntClear                                      
20019ad1  GPIOIntDisable                                    
20019aeb  GPIOIntEnable                                     
200197c5  GPIOIntStatus                                     
200178e1  GPIOIntTypeSet                                    
20019b87  GPIOPinRead                                       
200198b3  GPIOPinWrite                                      
20010d95  GPIO_IF_ConfigureNIntEnable                       
20010e11  GPIO_IF_Get                                       
20010d4f  GPIO_IF_GetPortNPin                               
20010b11  GPIO_IF_LedConfigure                              
20010c03  GPIO_IF_LedOff                                    
20010b4f  GPIO_IF_LedOn                                     
20010cb7  GPIO_IF_LedStatus                                 
20010d21  GPIO_IF_LedToggle                                 
20010dd7  GPIO_IF_Set                                       
200144d9  GPIOs2IntHandler                                  
200144b9  GPIOs3IntHandler                                  
2000fc09  GetBrokerAddress                                  
2000fc47  GetBrokerPassword                                 
2000fcfd  GetBrokerPort                                     
2000fc65  GetBrokerPublishEntry                             
2000fc7d  GetBrokerSubscribeEntry                           
2000fc29  GetBrokerUserId                                   
20011f8f  GetCmd                                            
200127ed  GetRegisterValue                                  
2000fbd5  GetSSIDName                                       
2000fb6f  GetSecurityKey                                    
2000fba1  GetSecurityKeyLen                                 
2000fbaf  GetSecurityType                                   
2001113f  HOSTclock                                         
20011107  HOSTclose                                         
200110c9  HOSTgetenv                                        
2001106d  HOSTlseek                                         
2001101b  HOSTopen                                          
20010fcf  HOSTread                                          
20010f71  HOSTrename                                        
20010f37  HOSTtime                                          
20010eed  HOSTtime64                                        
20010eb5  HOSTunlink                                        
20010e69  HOSTwrite                                         
20019db9  I2CMasterControl                                  
20019e65  I2CMasterDataGet                                  
20019c91  I2CMasterDataPut                                  
20019ca7  I2CMasterEnable                                   
20019441  I2CMasterErr                                      
200177d9  I2CMasterInitExpClk                               
20019dcb  I2CMasterIntClearEx                               
20019955  I2CMasterIntStatusEx                              
200197e7  I2CMasterSlaveAddrSet                             
20019ddd  I2CMasterTimeoutSet                               
20011ef5  I2C_IF_Close                                      
20011ead  I2C_IF_Open                                       
20011da7  I2C_IF_Read                                       
20011e63  I2C_IF_ReadFrom                                   
20011cf1  I2C_IF_Write                                      
20011f0d  InitTerm                                          
200070bf  InitializeAppVariables                            
200168a9  IntDisable                                        
20016951  IntEnable                                         
20019ec5  IntMasterEnable                                   
20018631  IntPendClear                                      
20018739  IntPrioritySet                                    
200198d5  IntRegister                                       
20019681  IntUnregister                                     
20019d55  IntVTableBaseSet                                  
20011a11  LedTimerConfigNStart                              
20011a39  LedTimerDeinitStop                                
20011f2b  Message                                           
200077b5  Network_IF_ConnectAP                              
20007ab9  Network_IF_CurrentMCUState                        
200075e9  Network_IF_DeInitDriver                           
20007991  Network_IF_DisconnectFromAP                       
20007a45  Network_IF_GetHostIP                              
20007499  Network_IF_InitDriver                             
200079cd  Network_IF_IpConfigGet                            
20007ab1  Network_IF_ResetMCUStateMachine                   
20007abf  Network_IF_SetMCUMachineState                     
20007adb  Network_IF_UnsetMCUMachineState                   
20019ead  NwpMaskInterrupt                                  
200191ad  NwpPowerOff                                       
2001946d  NwpPowerOn                                        
2001785d  NwpPowerOnPreamble                                
2001960d  NwpRegisterInterruptHandler                       
20019eb9  NwpUnMaskInterrupt                                
2001a358  OpcodeTranslateTable                              
20013add  PRCMCC3200MCUInit                                 
20019cbd  PRCMHIBRegRead                                    
20019cd3  PRCMHIBRegWrite                                   
2001956d  PRCMPeripheralClkDisable                          
200190f9  PRCMPeripheralClkEnable                           
20017151  PRCMPeripheralClockGet                            
20018689  PRCMPeripheralReset                               
2001928d  PRCMPeripheralStatusGet                           
20017b65  PRCMRTCGet                                        
20019ecf  PRCMRTCInUseSet                                   
20018835  PRCMSlowClkCtrGet                                 
20019499  PRCMSysResetCauseGet                              
20017535  PinConfigSet                                      
20018e7d  PinModeSet                                        
200169f9  PinMuxConfig                                      
200192f5  PinTypeGPIO                                       
20019a45  PinTypeI2C                                        
20019b05  PinTypeUART                                       
20011a65  ReadDeviceConfiguration                           
200120dd  Report                                            
20019e9d  ResetISR                                          
20024c1c  RxIrqCnt                                          
UNDEFED   SHT$$INIT_ARRAY$$Base                             
UNDEFED   SHT$$INIT_ARRAY$$Limit                            
20019595  SL_FD_ISSET                                       
20019809  SL_FD_SET                                         
20019e35  SL_FD_ZERO                                        
20019b9f  SPICSDisable                                      
20019bb7  SPICSEnable                                       
20016aa1  SPIConfigSetExpClk                                
20019bcf  SPIDisable                                        
20019b1f  SPIDmaDisable                                     
20019b39  SPIDmaEnable                                      
20019be7  SPIEnable                                         
20019b53  SPIFIFODisable                                    
20019b6d  SPIFIFOEnable                                     
200192c1  SPIFIFOLevelSet                                   
20018b3d  SPIIntClear                                       
20018975  SPIIntEnable                                      
2001982b  SPIReset                                          
2001984d  SPIWordCountSet                                   
20024f0c  SecurityParams                                    
2000fd27  SetBrokerAddress                                  
2000fdfd  SetBrokerPassword                                 
2000fe53  SetBrokerPort                                     
2000fc89  SetBrokerPublishEntry                             
2000fccd  SetBrokerSubscribeEntry                           
2000fd91  SetBrokerUserId                                   
20012817  SetRegisterValue                                  
2000fbe5  SetSSIDName                                       
2000fb79  SetSecurityKey                                    
2000fbb9  SetSecurityType                                   
20006c21  SimpleLinkGeneralEventHandler                     
2000c521  SimpleLinkHttpServerCallback                      
20006ba9  SimpleLinkNetAppEventHandler                      
20006c41  SimpleLinkSockEventHandler                        
200069e5  SimpleLinkWlanEventHandler                        
20011a91  SpawnThread                                       
200105b5  TMP006DrvGetTemp                                  
2001031d  TMP006DrvOpen                                     
20018ca1  TimerConfigure                                    
20019973  TimerDisable                                      
20019991  TimerEnable                                       
20019def  TimerIntClear                                     
20019bff  TimerIntDisable                                   
20019c17  TimerIntEnable                                    
200199af  TimerIntStatus                                    
20018315  TimerIntUnregister                                
200194c5  TimerLoadSet                                      
200119dd  TimerPeriodicIntHandler                           
200194ef  TimerPrescaleSet                                  
20019a61  TimerValueGet                                     
200130b9  Timer_IF_DeInit                                   
200130eb  Timer_IF_GetCount                                 
20012fcd  Timer_IF_Init                                     
20012fff  Timer_IF_IntSetup                                 
20013071  Timer_IF_InterruptClear                           
200130d3  Timer_IF_ReLoad                                   
20013089  Timer_IF_Start                                    
200130a9  Timer_IF_Stop                                     
20012045  TrimSpace                                         
20019a7d  UARTCharGetNonBlocking                            
200199cd  UARTCharPut                                       
20019c2f  UARTCharsAvail                                    
20017ec1  UARTConfigSetExpClk                               
20019325  UARTDisable                                       
200196ed  UARTEnable                                        
20019ef1  UtilsDelay                                        
20010149  VDeleteSimpleLinkSpawnTask                        
2000bc9d  VMqttRecvTask                                     
200100f9  VStartSimpleLinkSpawnTask                         
2001a394  _SlActionLookupTable                              
20016b41  _SlDriverHandleError                              
20018b85  _SlDrvBasicCmd                                    
20016451  _SlDrvCmdOp                                       
20018165  _SlDrvCmdSend                                     
200129d9  _SlDrvDataReadOp                                  
20014759  _SlDrvDataWriteOp                                 
20016e55  _SlDrvDeviceEventHandler                          
20019e45  _SlDrvDispatchHttpServerEvents                    
20015215  _SlDrvDriverCBDeinit                              
200137bd  _SlDrvDriverCBInit                                
20019711  _SlDrvGlobalObjUnLock                             
20018ce5  _SlDrvHandleHttpServerEvents                      
20018ebd  _SlDrvHandleNetAppEvents                          
20018efd  _SlDrvHandleWlanEvents                            
20019ce9  _SlDrvMemZero                                     
20015f8d  _SlDrvMsgReadSpawnCtx                             
20015555  _SlDrvNetAppEventHandler                          
2001986f  _SlDrvObjLockWaitForever                          
200199eb  _SlDrvObjUnLock                                   
200189c1  _SlDrvProtectAsyncRespSetting                     
200195e5  _SlDrvProtectionObjLockWaitForever                
20019735  _SlDrvProtectionObjUnLock                         
20012bb9  _SlDrvReleasePoolObj                              
20019e73  _SlDrvResetCmdExt                                 
20018885  _SlDrvRxIrqHandler                                
20019a09  _SlDrvSyncObjSignal                               
20019759  _SlDrvSyncObjWaitForever                          
20018f3d  _SlDrvSyncObjWaitTimeout                          
2001394d  _SlDrvWaitForPoolObj                              
2001a93a  _SlNetAppSendTokenValueCmdCtrl                    
20014b1f  _Z21__default_new_handlerv                        
20014911  _ZN10CThreadI2C13ReadAccSensorEv                  
200148dd  _ZN10CThreadI2C3RunEv                             
200148a5  _ZN10CThreadI2CC1Ev                               
200148a5  _ZN10CThreadI2CC2Ev                               
200148c7  _ZN10CThreadI2CD0Ev                               
200148b9  _ZN10CThreadI2CD1Ev                               
200148b9  _ZN10CThreadI2CD2Ev                               
2001314d  _ZN10CThreadUDP3RunEv                             
2001310d  _ZN10CThreadUDPC1Ei                               
2001310d  _ZN10CThreadUDPC2Ei                               
20013137  _ZN10CThreadUDPD0Ev                               
20013129  _ZN10CThreadUDPD1Ev                               
20013129  _ZN10CThreadUDPD2Ev                               
2001667d  _ZN10__cxxabiv116__enum_type_infoD0Ev             
2001667b  _ZN10__cxxabiv116__enum_type_infoD1Ev             
2001667b  _ZN10__cxxabiv116__enum_type_infoD2Ev             
20016673  _ZN10__cxxabiv117__array_type_infoD0Ev            
20016671  _ZN10__cxxabiv117__array_type_infoD1Ev            
20016671  _ZN10__cxxabiv117__array_type_infoD2Ev            
20016669  _ZN10__cxxabiv117__class_type_infoD0Ev            
20016667  _ZN10__cxxabiv117__class_type_infoD1Ev            
20016667  _ZN10__cxxabiv117__class_type_infoD2Ev            
2001665f  _ZN10__cxxabiv117__pbase_type_infoD0Ev            
2001665d  _ZN10__cxxabiv117__pbase_type_infoD1Ev            
2001665d  _ZN10__cxxabiv117__pbase_type_infoD2Ev            
20016655  _ZN10__cxxabiv119__pointer_type_infoD0Ev          
20016653  _ZN10__cxxabiv119__pointer_type_infoD1Ev          
20016653  _ZN10__cxxabiv119__pointer_type_infoD2Ev          
2001664b  _ZN10__cxxabiv120__function_type_infoD0Ev         
20016649  _ZN10__cxxabiv120__function_type_infoD1Ev         
20016649  _ZN10__cxxabiv120__function_type_infoD2Ev         
20016641  _ZN10__cxxabiv120__si_class_type_infoD0Ev         
2001663f  _ZN10__cxxabiv120__si_class_type_infoD1Ev         
2001663f  _ZN10__cxxabiv120__si_class_type_infoD2Ev         
20016637  _ZN10__cxxabiv121__vmi_class_type_infoD0Ev        
20016635  _ZN10__cxxabiv121__vmi_class_type_infoD1Ev        
20016635  _ZN10__cxxabiv121__vmi_class_type_infoD2Ev        
2001662d  _ZN10__cxxabiv123__fundamental_type_infoD0Ev      
2001662b  _ZN10__cxxabiv123__fundamental_type_infoD1Ev      
2001662b  _ZN10__cxxabiv123__fundamental_type_infoD2Ev      
20016623  _ZN10__cxxabiv129__pointer_to_member_type_infoD0Ev
20016621  _ZN10__cxxabiv129__pointer_to_member_type_infoD1Ev
20016621  _ZN10__cxxabiv129__pointer_to_member_type_infoD2Ev
20019d69  _ZN16CThreadTCPClient18SetSemaphoreHandleEPv      
200140fb  _ZN16CThreadTCPClient3RunEv                       
20019e81  _ZN16CThreadTCPClient6IsFreeEv                    
20019cff  _ZN16CThreadTCPClient7SetFreeEb                   
20019e01  _ZN16CThreadTCPClient9SetSocketEi                 
2001419b  _ZN16CThreadTCPClient9TerminateEv                 
200140a1  _ZN16CThreadTCPClientC1Eii                        
200140a1  _ZN16CThreadTCPClientC2Eii                        
200140e5  _ZN16CThreadTCPClientD0Ev                         
200140cb  _ZN16CThreadTCPClientD1Ev                         
200140cb  _ZN16CThreadTCPClientD2Ev                         
200117c9  _ZN16CThreadTCPServer3RunEv                       
2001193f  _ZN16CThreadTCPServer9TerminateEv                 
2001173d  _ZN16CThreadTCPServerC1Ei                         
2001173d  _ZN16CThreadTCPServerC2Ei                         
200117b3  _ZN16CThreadTCPServerD0Ev                         
200117a5  _ZN16CThreadTCPServerD1Ev                         
200117a5  _ZN16CThreadTCPServerD2Ev                         
2000ce85  _ZN17CThreadHTTPServer3RunEv                      
2000ced1  _ZN17CThreadHTTPServer9TerminateEv                
2000ce25  _ZN17CThreadHTTPServerC1Ev                        
2000ce25  _ZN17CThreadHTTPServerC2Ev                        
2000ce61  _ZN17CThreadHTTPServerD0Ev                        
2000ce45  _ZN17CThreadHTTPServerD1Ev                        
2000ce45  _ZN17CThreadHTTPServerD2Ev                        
2000a8ed  _ZN17CThreadMqttClient10sl_MqttEvtEPvlPKvm        
20024eac  _ZN17CThreadMqttClient11Mqtt_ClientE              
20024e8c  _ZN17CThreadMqttClient13pub_topic_sw2E            
20024e90  _ZN17CThreadMqttClient13pub_topic_sw3E            
20024e94  _ZN17CThreadMqttClient13pub_topic_sw4E            
20024e98  _ZN17CThreadMqttClient13pub_topic_sw5E            
2000a9c1  _ZN17CThreadMqttClient14ToggleLedStateE7ledEnum   
2000a97f  _ZN17CThreadMqttClient17sl_MqttDisconnectEPv      
200248c4  _ZN17CThreadMqttClient18usr_connect_configE       
2000ab49  _ZN17CThreadMqttClient21InitUserConnectConfigEv   
2000a0fd  _ZN17CThreadMqttClient3RunEv                      
20024e9c  _ZN17CThreadMqttClient8data_sw2E                  
20024ea0  _ZN17CThreadMqttClient8data_sw3E                  
20024ea4  _ZN17CThreadMqttClient8data_sw4E                  
20024ea8  _ZN17CThreadMqttClient8data_sw5E                  
2000a7d5  _ZN17CThreadMqttClient9Mqtt_RecvEPvPKclPKvlbhb    
2000a6e9  _ZN17CThreadMqttClient9TerminateEv                
2000a0b1  _ZN17CThreadMqttClientC1Ev                        
2000a0b1  _ZN17CThreadMqttClientC2Ev                        
2000a0df  _ZN17CThreadMqttClientD0Ev                        
2000a0d1  _ZN17CThreadMqttClientD1Ev                        
2000a0d1  _ZN17CThreadMqttClientD2Ev                        
2000d619  _ZN18CThreadDefinitions10outputFileEv             
2000d029  _ZN18CThreadDefinitions11WriteToFileEPmPl         
2000cf8d  _ZN18CThreadDefinitions12ReadFromFileEml          
2000d141  _ZN18CThreadDefinitions17ini_buffer_readerEPciPv  
2000cf79  _ZN18CThreadDefinitions3RunEv                     
2000d285  _ZN18CThreadDefinitions7handlerEPvPKcS2_S2_       
2000cf83  _ZN18CThreadDefinitions9TerminateEv               
2000d553  _ZN18CThreadDefinitions9parseFileEv               
2000cf41  _ZN18CThreadDefinitionsC1Ev                       
2000cf41  _ZN18CThreadDefinitionsC2Ev                       
2000cf63  _ZN18CThreadDefinitionsD0Ev                       
2000cf55  _ZN18CThreadDefinitionsD1Ev                       
2000cf55  _ZN18CThreadDefinitionsD2Ev                       
20024ee0  _ZN7CThread10g_I2CQueueE                          
20024bcc  _ZN7CThread12fAmbientTempE                        
20024bd0  _ZN7CThread12fCurrentTempE                        
20024ed8  _ZN7CThread15g_FileReadQueueE                     
20019ed9  _ZN7CThread16GetConfigurationEv                   
20024edc  _ZN7CThread16g_FileWriteQueueE                    
20018133  _ZN7CThread3RunEv                                 
20018145  _ZN7CThread4ExitEv                                
20019e13  _ZN7CThread6CreateEPv                             
200242d0  _ZN7CThread6configE                               
2001814f  _ZN7CThread9TerminateEv                           
20024ed4  _ZN7CThread9g_PBQueueE                            
200180f9  _ZN7CThreadC1Ev                                   
200180f9  _ZN7CThreadC2Ev                                   
2001811d  _ZN7CThreadD0Ev                                   
20018111  _ZN7CThreadD1Ev                                   
20018111  _ZN7CThreadD2Ev                                   
20016cdb  _ZN9CThreadIO27pushButtonInterruptHandler2Ev      
[...]
20018019  sl_Socket                                         
20018089  __aeabi_d2f                                       
200180f9  _ZN7CThreadC1Ev                                   
200180f9  _ZN7CThreadC2Ev                                   
20018111  _ZN7CThreadD1Ev                                   
20018111  _ZN7CThreadD2Ev                                   
2001811d  _ZN7CThreadD0Ev                                   
20018133  _ZN7CThread3RunEv                                 
20018145  _ZN7CThread4ExitEv                                
2001814f  _ZN7CThread9TerminateEv                           
20018165  _SlDrvCmdSend                                     
200181d1  _sl_NetAppSendTokenValue                          
2001823d  sl_WlanRxFilterSet                                
20018315  TimerIntUnregister                                
2001837d  __TI_writemsg                                     
200183ab  C$$IO$$                                           
200183af  __TI_readmsg                                      
200183e5  _sl_HandleAsync_Accept                            
20018449  fseek                                             
200184ad  uDMAChannelAttributeDisable                       
20018511  uDMAChannelAttributeEnable                        
20018575  sprintf                                           
200185d5  frexp                                             
200185d5  frexpl                                            
20018631  IntPendClear                                      
20018689  PRCMPeripheralReset                               
200186e1  ltoa                                              
20018739  IntPrioritySet                                    
2001878d  _sl_HandleAsync_Select                            
200187e1  C$$EXIT                                           
200187e5  abort                                             
200187ed  exit                                              
20018835  PRCMSlowClkCtrGet                                 
20018885  _SlDrvRxIrqHandler                                
200188d5  _sl_HandleAsync_Stop                              
20018925  sl_Listen                                         
20018975  SPIIntEnable                                      
200189c1  _SlDrvProtectAsyncRespSetting                     
20018a59  atoi                                              
20018aa5  copy_in                                           
20018af1  uDMAChannelAssign                                 
20018b3d  SPIIntClear                                       
20018b85  _SlDrvBasicCmd                                    
20018bcd  __aeabi_d2iz                                      
20018c15  sl_NetAppMDNSUnRegisterService                    
20018ca1  TimerConfigure                                    
20018ce5  _SlDrvHandleHttpServerEvents                      
20018d6d  sl_Close                                          
20018db1  sl_WlanProfileDel                                 
20018df5  sl_WlanSetMode                                    
20018e39  sl_Htonl                                          
20018e7d  PinModeSet                                        
20018ebd  _SlDrvHandleNetAppEvents                          
20018efd  _SlDrvHandleWlanEvents                            
20018f3d  _SlDrvSyncObjWaitTimeout                          
20018fbd  _c_int00                                          
20018ffd  strtok                                            
2001903d  sl_NetAppStart                                    
2001907d  sl_NetAppStop                                     
200190f9  PRCMPeripheralClkEnable                           
20019135  sl_Htons                                          
20019171  uDMAChannelControlSet                             
200191ad  NwpPowerOff                                       
200191e5  pvPortMalloc                                      
20019205  vPortFree                                         
2001921d  __aeabi_f2d                                       
20019255  GPIODirModeSet                                    
2001928d  PRCMPeripheralStatusGet                           
200192c1  SPIFIFOLevelSet                                   
200192f5  PinTypeGPIO                                       
20019325  UARTDisable                                       
20019385  _Znaj                                             
20019385  _Znwj                                             
200193b5  strncpy                                           
200193e5  __aeabi_i2d                                       
20019415  DmaSpiSwIntHandler                                
20019441  I2CMasterErr                                      
2001946d  NwpPowerOn                                        
20019499  PRCMSysResetCauseGet                              
200194c5  TimerLoadSet                                      
200194ef  TimerPrescaleSet                                  
20019519  strspn                                            
2001956d  PRCMPeripheralClkDisable                          
20019595  SL_FD_ISSET                                       
200195e5  _SlDrvProtectionObjLockWaitForever                
2001960d  NwpRegisterInterruptHandler                       
20019633  sl_Provisioning_HttpServerEventHdl                
20019641  sl_Provisioning_NetAppEventHdl                    
2001964d  sl_Provisioning_WlanEventHdl                      
20019659  strncmp                                           
20019681  IntUnregister                                     
200196ed  UARTEnable                                        
20019711  _SlDrvGlobalObjUnLock                             
20019735  _SlDrvProtectionObjUnLock                         
20019759  _SlDrvSyncObjWaitForever                          
2001977d  memmove                                           
200197a1  strcspn                                           
200197c5  GPIOIntStatus                                     
200197e7  I2CMasterSlaveAddrSet                             
20019809  SL_FD_SET                                         
2001982b  SPIReset                                          
2001984d  SPIWordCountSet                                   
2001986f  _SlDrvObjLockWaitForever                          
20019891  memcmp                                            
200198b3  GPIOPinWrite                                      
200198d5  IntRegister                                       
200198f5  platform_timer_init                               
200198fd  platform_get_time_in_secs                         
20019915  memchr                                            
20019935  sl_WlanDisconnect                                 
20019955  I2CMasterIntStatusEx                              
20019973  TimerDisable                                      
20019991  TimerEnable                                       
200199af  TimerIntStatus                                    
200199cd  UARTCharPut                                       
200199eb  _SlDrvObjUnLock                                   
20019a09  _SlDrvSyncObjSignal                               
20019a45  PinTypeI2C                                        
20019a61  TimerValueGet                                     
20019a7d  UARTCharGetNonBlocking                            
20019a99  memccpy                                           
20019ab5  uDMAChannelEnable                                 
20019ad1  GPIOIntDisable                                    
20019aeb  GPIOIntEnable                                     
20019b05  PinTypeUART                                       
20019b1f  SPIDmaDisable                                     
20019b39  SPIDmaEnable                                      
20019b53  SPIFIFODisable                                    
20019b6d  SPIFIFOEnable                                     
20019b87  GPIOPinRead                                       
20019b9f  SPICSDisable                                      
20019bb7  SPICSEnable                                       
20019bcf  SPIDisable                                        
20019be7  SPIEnable                                         
20019bff  TimerIntDisable                                   
20019c17  TimerIntEnable                                    
20019c2f  UARTCharsAvail                                    
20019c61  _args_main                                        
20019c79  strcmp                                            
20019c91  I2CMasterDataPut                                  
20019ca7  I2CMasterEnable                                   
20019cbd  PRCMHIBRegRead                                    
20019cd3  PRCMHIBRegWrite                                   
20019ce9  _SlDrvMemZero                                     
20019cff  _ZN16CThreadTCPClient7SetFreeEb                   
20019d15  strchr                                            
20019d2b  CPUcpsie                                          
20019d3f  GPIOIntClear                                      
20019d55  IntVTableBaseSet                                  
20019d69  _ZN16CThreadTCPClient18SetSemaphoreHandleEPv      
20019d7d  _register_unlock                                  
20019d83  _register_lock                                    
20019d8b  _nop                                              
20019d91  strcpy                                            
20019da5  strlen                                            
20019db9  I2CMasterControl                                  
20019dcb  I2CMasterIntClearEx                               
20019ddd  I2CMasterTimeoutSet                               
20019def  TimerIntClear                                     
20019e01  _ZN16CThreadTCPClient9SetSocketEi                 
20019e13  _ZN7CThread6CreateEPv                             
20019e35  SL_FD_ZERO                                        
20019e45  _SlDrvDispatchHttpServerEvents                    
20019e55  isspace                                           
20019e65  I2CMasterDataGet                                  
20019e73  _SlDrvResetCmdExt                                 
20019e81  _ZN16CThreadTCPClient6IsFreeEv                    
20019e8f  __TI_decompress_none                              
20019e9d  ResetISR                                          
20019ead  NwpMaskInterrupt                                  
20019eb9  NwpUnMaskInterrupt                                
20019ec5  IntMasterEnable                                   
20019ecf  PRCMRTCInUseSet                                   
20019ed9  _ZN7CThread16GetConfigurationEv                   
20019ee1  _ZdlPv                                            
20019ee9  copysign                                          
20019ee9  copysignl                                         
20019ef1  UtilsDelay                                        
20019ef7  __TI_decompress_rle24                             
20019efd  _system_pre_init                                  
20019f00  _ctypes_                                          
2001a358  OpcodeTranslateTable                              
2001a394  _SlActionLookupTable                              
2001a42c  _ZTSN10__cxxabiv123__fundamental_type_infoE       
2001a454  _ZTSN10__cxxabiv120__si_class_type_infoE          
2001a479  _ZTSN10__cxxabiv119__pointer_type_infoE           
2001a4bf  _ZTSN10__cxxabiv117__class_type_infoE             
2001a4e1  _ZTSN10__cxxabiv117__pbase_type_infoE             
2001a544  _ZTV10CThreadI2C                                  
2001a560  _ZTV10CThreadUDP                                  
2001a57c  _ZTV16CThreadTCPClient                            
2001a598  _ZTV16CThreadTCPServer                            
2001a5b4  _ZTV17CThreadHTTPServer                           
2001a5d0  _ZTV17CThreadMqttClient                           
2001a5ec  _ZTV18CThreadDefinitions                          
2001a608  _ZTV7CThread                                      
2001a624  _ZTV9CThreadIO                                    
2001a6af  _ZTS18CThreadDefinitions                          
2001a6ec  _ZTS17CThreadHTTPServer                           
2001a700  _ZTS17CThreadMqttClient                           
2001a714  _ZTS16CThreadTCPClient                            
2001a727  _ZTS16CThreadTCPServer                            
2001a73a  _ZTSe                                             
2001a76c  _ZTIPKe                                           
2001a77c  _ZTVN10__cxxabiv117__class_type_infoE             
2001a78c  _ZTVN10__cxxabiv119__pointer_type_infoE           
2001a79c  _ZTVN10__cxxabiv120__si_class_type_infoE          
2001a7ac  _ZTVN10__cxxabiv123__fundamental_type_infoE       
2001a7d7  _ZTS10CThreadI2C                                  
2001a7e4  _ZTS10CThreadUDP                                  
2001a7f1  _ZTSSt9type_info                                  
2001a80c  _ZTI10CThreadI2C                                  
2001a818  _ZTI10CThreadUDP                                  
2001a824  _ZTI16CThreadTCPClient                            
2001a830  _ZTI16CThreadTCPServer                            
2001a83c  _ZTI17CThreadHTTPServer                           
2001a848  _ZTI17CThreadMqttClient                           
2001a854  _ZTI18CThreadDefinitions                          
2001a860  _ZTI9CThreadIO                                    
2001a86c  _ZTIN10__cxxabiv117__class_type_infoE             
2001a878  _ZTIN10__cxxabiv117__pbase_type_infoE             
2001a884  _ZTIN10__cxxabiv119__pointer_type_infoE           
2001a890  _ZTIN10__cxxabiv120__si_class_type_infoE          
2001a89c  _ZTIN10__cxxabiv123__fundamental_type_infoE       
2001a8b3  pcDigits                                          
2001a8be  _ZTS9CThreadIO                                    
2001a8c9  _ZTS7CThread                                      
2001a8d4  _ZTI7CThread                                      
2001a8dc  _ZTISt9type_info                                  
2001a8e4  _ZTIe                                             
2001a916  _ZTSPKe                                           
2001a93a  _SlNetAppSendTokenValueCmdCtrl                    
2001a990  __TI_static_base__                                
2001aabc  __TI_Handler_Table_Base                           
2001aac4  __TI_CINIT_Base                                   
2001aac4  __TI_Handler_Table_Limit                          
2001aad4  __TI_CINIT_Limit                                  
2001b000  _sys_memory                                       
20023800  gaucCmpBuf                                        
200242d0  _ZN7CThread6configE                               
200245ec  __CIOBUF_                                         
200248c4  _ZN17CThreadMqttClient18usr_connect_configE       
2002498c  __TI_tmpnams                                      
20024a2c  xQueueRegistry                                    
20024a7c  g_ucDinDout                                       
20024b14  g_ucConnectionSSID                                
20024bbc  g_ucConnectionBSSID                               
20024bc8  DMAMsgQ                                           
20024bcc  _ZN7CThread12fAmbientTempE                        
20024bd0  _ZN7CThread12fCurrentTempE                        
20024bd4  _ZSt16__dummy_typeinfo                            
20024bd8  g_S2InterruptHdl                                  
20024bdc  g_S3InterruptHdl                                  
20024be0  g_cDummy                                          
20024be4  g_rx_task_hndl                                    
20024be8  g_rx_tx_sync_obj                                  
20024bec  g_wait_secs                                       
20024bf0  httpServerThread                                  
20024bf4  i2cThread                                         
20024bf8  ioThread                                          
20024bfc  mqttThread                                        
20024c00  mqtt_lib_lockobj                                  
20024c10  tcpServerThread                                   
20024c14  udpThread                                         
20024c18  g_usConnectIndex                                  
20024c1a  g_usTimerInts                                     
20024c1c  RxIrqCnt                                          
20024c1d  g_bDeviceRestartIsRequired                        
20024c1e  g_ucLED1Pin                                       
20024c1f  g_ucLED2Pin                                       
20024c20  g_ucLED3Pin                                       
20024c24  _ftable                                           
20024df4  debug_printf                                      
20024e30  pxCurrentTCB                                      
20024e64  net                                               
20024e8c  _ZN17CThreadMqttClient13pub_topic_sw2E            
20024e90  _ZN17CThreadMqttClient13pub_topic_sw3E            
20024e94  _ZN17CThreadMqttClient13pub_topic_sw4E            
20024e98  _ZN17CThreadMqttClient13pub_topic_sw5E            
20024e9c  _ZN17CThreadMqttClient8data_sw2E                  
20024ea0  _ZN17CThreadMqttClient8data_sw3E                  
20024ea4  _ZN17CThreadMqttClient8data_sw4E                  
20024ea8  _ZN17CThreadMqttClient8data_sw5E                  
20024eac  _ZN17CThreadMqttClient11Mqtt_ClientE              
20024ed4  _ZN7CThread9g_PBQueueE                            
20024ed8  _ZN7CThread15g_FileReadQueueE                     
20024edc  _ZN7CThread16g_FileWriteQueueE                    
20024ee0  _ZN7CThread10g_I2CQueueE                          
20024ee4  __TI_ft_end                                       
20024ee8  __aeabi_stdin                                     
20024eec  __aeabi_stdout                                    
20024ef0  __aeabi_stderr                                    
20024ef4  __TI_cleanup_ptr                                  
20024ef8  __TI_dtors_ptr                                    
20024efc  __TI_enable_exit_profile_output                   
20024f0c  SecurityParams                                    
20024f18  xHigherPriorityTaskWoken                          
20024f1c  xSimpleLinkSpawnQueue                             
20024f20  xSimpleLinkSpawnTaskHndl                          
20024f24  g_uiLED1Port                                      
20024f28  g_uiLED2Port                                      
20024f2c  g_uiLED3Port                                      
20024f30  g_ulStatus                                        
20024f34  g_ulStaIp                                         
20024f38  g_ulGatewayIP                                     
20024f3c  g_SpiFd                                           
20024f40  g_pHostIntHdl                                     
20024f44  g_ucDMAEnabled                                    
20024f45  g_multi_srvr_conn                                 
20024f48  g_pCB                                             
20024f4c  pPingCallBackFunc                                 
20024f54  _lock                                             
20024f58  _unlock                                           
20024f5c  triggerPost                                       
20024f64  errno                                             
20024f6c  main_func_sp                                      
20024f74  _new_handler                                      
2002b000  __stack                                           
20030000  __STACK_END                                       
ffffffff  __TI_pprof_out_hndl                               
ffffffff  __TI_prof_data_size                               
ffffffff  __TI_prof_data_start                              
ffffffff  __binit__                                         
ffffffff  __c_args__                                        
ffffffff  binit                                             
UNDEFED   SHT$$INIT_ARRAY$$Base                             
UNDEFED   SHT$$INIT_ARRAY$$Limit                            

[864 symbols]
