******************************************************************************
                  TI ARM Linker PC v15.12.3                    
******************************************************************************
>> Linked Mon Mar 20 20:21:38 2017

OUTPUT FILE NAME:   <DomoticaMqtt.out>
ENTRY POINT SYMBOL: "_c_int00"  address: 20018f59


MEMORY CONFIGURATION

         name            origin    length      used     unused   attr    fill
----------------------  --------  ---------  --------  --------  ----  --------
  SRAM_CODE             20004000   00016fff  00016aa4  0000055b  RW X
  SRAM_DATA             2001b000   00015000  0000ef87  00006079  RW X


SEGMENT ALLOCATION MAP

run origin  load origin   length   init length attrs members
----------  ----------- ---------- ----------- ----- -------
20004000    20004000    00016aac   00016aac    r-x
  20004000    20004000    00000400   00000400    r-- .intvecs
  20004400    20004400    00015a9c   00015a9c    r-x .text
  20019ea0    20019ea0    00000ac4   00000ac4    r-- .const
  2001a968    2001a968    00000144   00000144    r-- .cinit
2001b000    2001b000    00009f88   00000000    rw-
  2001b000    2001b000    00008000   00000000    rw- .sysmem
  20023000    20023000    00001c2b   00000000    rw- .bss
  20024c2c    20024c2c    0000035c   00000000    rw- .data
2002b000    2002b000    00005000   00000000    rw-
  2002b000    2002b000    00005000   00000000    rw- .stack


SECTION ALLOCATION MAP

 output                                  attributes/
section   page    origin      length       input sections
--------  ----  ----------  ----------   ----------------
.intvecs   0    20004000    00000400     
                  20004000    00000400     startup_ccs.obj (.intvecs)

.init_array 
*          0    20004000    00000000     UNINITIALIZED

.text      0    20004400    00015a9c     
                  20004400    000025cc     mqtt.a : mqtt_client.obj (.text)
                  200069cc    0000126c     network_if.obj (.text)
                  20007c38    0000125c     free_rtos.a : tasks.obj (.text)
                  20008e94    000010fc     rtsv7M4_T_le_eabi.lib : _printfi.obj (.text)
                  20009f90    00000f34     CThreadMqttClient.obj (.text)
                  2000aec4    00000b24     free_rtos.a : queue.obj (.text)
                  2000b9e8    00000a68     mqtt.a : sl_mqtt_client.obj (.text)
                  2000c450    00000a20     CThreadHTTPServer.obj (.text)
                  2000ce70    00000a0c     CThreadDefinitions.obj (.text)
                  2000d87c    00000a0c     mqtt.a : mqtt_common.obj (.text)
                  2000e288    000009a4     rtsv7M4_T_le_eabi.lib : e_pow.obj (.text)
                  2000ec2c    000006d0     mqtt.a : cc31xx_sl_net.obj (.text)
                  2000f2fc    00000590     simplelink.a : driver.obj (.text:_SlDrvMsgRead)
                  2000f88c    0000056a     spawner.obj (.text)
                  2000fdf6    00000002     driverlib.a : interrupt.obj (.text:IntDefaultHandler)
                  2000fdf8    0000045c     free_rtos.a : osi_freertos.obj (.text)
                  20010254    0000041c     tmp006drv.obj (.text)
                  20010670    000003dc     rtsv7M4_T_le_eabi.lib : memory.obj (.text)
                  20010a4c    00000394     gpio_if.obj (.text)
                  20010de0    00000324     rtsv7M4_T_le_eabi.lib : trgdrv.obj (.text)
                  20011104    0000030c                           : lowlev.obj (.text)
                  20011410    000002a4     ini.obj (.text)
                  200116b4    000002a0     CThreadTCPServer.obj (.text)
                  20011954    00000290     i2c_if.obj (.text)
                  20011be4    00000290     uart_if.obj (.text)
                  20011e74    00000260     simplelink.a : wlan.obj (.text:sl_WlanConnect)
                  200120d4    000001fc                  : driver.obj (.text:_SlDrvRxHdrRead)
                  200122d0    000001f4     rtsv7M4_T_le_eabi.lib : ull_div_t2.obj (.text)
                  200124c4    000001ec     bma222drv.obj (.text)
                  200126b0    000001e0     simplelink.a : driver.obj (.text:_SlDrvDataReadOp)
                  20012890    000001d0                  : driver.obj (.text:_SlDrvReleasePoolObj)
                  20012a60    000001c4     rtsv7M4_T_le_eabi.lib : fopen.obj (.text)
                  20012c24    000001c0     timer_if.obj (.text)
                  20012de4    000001bc     CThreadUDP.obj (.text)
                  20012fa0    000001b6     rtsv7M4_T_le_eabi.lib : fd_add_t2.obj (.text)
                  20013156    00000002                           : mpu_init.obj (.text)
                  20013158    000001a0     simplelink.a : socket.obj (.text:sl_Accept)
                  200132f8    0000019c                  : driver.obj (.text:_SlDrvMsgWrite)
                  20013494    00000190                  : driver.obj (.text:_SlDrvDriverCBInit)
                  20013624    00000190                  : driver.obj (.text:_SlDrvWaitForPoolObj)
                  200137b4    00000178     driverlib.a : prcm.obj (.text:PRCMCC3200MCUInit)
                  2001392c    00000170     simplelink.a : driver.obj (.text:_SlFindAndSetActiveObj)
                  20013a9c    00000170     rtsv7M4_T_le_eabi.lib : e_sqrt.obj (.text)
                  20013c0c    0000016c     simplelink.a : socket.obj (.text:sl_Connect)
                  20013d78    00000168     CThreadTCPClient.obj (.text)
                  20013ee0    0000015c     simplelink.a : socket.obj (.text:sl_Select)
                  2001403c    00000154     rtsv7M4_T_le_eabi.lib : fgets.obj (.text)
                  20014190    00000150     button_if.obj (.text)
                  200142e0    00000150     simplelink.a : cc_pal.obj (.text:spi_Open)
                  20014430    0000014c                  : driver.obj (.text:_SlDrvDataWriteOp)
                  2001457c    00000144     CThreadI2C.obj (.text)
                  200146c0    00000136     rtsv7M4_T_le_eabi.lib : fd_div_t2.obj (.text)
                  200147f6    00000002                           : newhandler.obj (.text)
                  200147f8    00000134     CThreadMain.obj (.text)
                  2001492c    00000134     rtsv7M4_T_le_eabi.lib : fputs.obj (.text)
                  20014a60    0000012c     simplelink.a : netapp.obj (.text:sl_NetAppDnsGetHostByName)
                  20014b8c    0000012a     free_rtos.a : list.obj (.text)
                  20014cb6    00000002     rtsv7M4_T_le_eabi.lib : startup.obj (.text)
                  20014cb8    00000128     simplelink.a : socket.obj (.text:sl_SendTo)
                  20014de0    00000120                  : driver.obj (.text:_SlDrvMsgReadCmdCtx)
                  20014f00    00000120                  : socket.obj (.text:sl_RecvFrom)
                  20015020    00000118                  : driver.obj (.text:_SlDrvDriverCBDeinit)
                  20015138    00000118                  : socket.obj (.text:sl_Send)
                  20015250    00000114     main.obj (.text)
                  20015364    00000110     free_rtos.a : port.obj (.text)
                  20015474    00000104     simplelink.a : netapp.obj (.text:_SlDrvNetAppEventHandler)
                  20015578    00000104                  : fs.obj (.text:sl_FsRead)
                  2001567c    00000100                  : fs.obj (.text:sl_FsWrite)
                  2001577c    000000fc     rtsv7M4_T_le_eabi.lib : fd_mul_t2.obj (.text)
                  20015878    000000f0     driverlib.a : udma.obj (.text:uDMAChannelTransferSet)
                  20015968    000000e8     CThread.obj (.text)
                  20015a50    000000e8     simplelink.a : driver.obj (.text:_SlAsyncEventGenericHandler)
                  20015b38    000000e4                  : device.obj (.text:sl_Start)
                  20015c1c    000000e4                  : device.obj (.text:sl_Stop)
                  20015d00    000000dc                  : driver.obj (.text:_SlDrvClassifyRxMsg)
                  20015ddc    000000dc     rtsv7M4_T_le_eabi.lib : setvbuf.obj (.text)
                  20015eb8    000000dc     simplelink.a : cc_pal.obj (.text:spi_Read)
                  20015f94    000000d4                  : driver.obj (.text:_SlDrvMsgReadSpawnCtx)
                  20016068    000000d0     rtsv7M4_T_le_eabi.lib : s_scalbn.obj (.text)
                  20016138    000000cc     simplelink.a : netapp.obj (.text:_sl_HandleAsync_DnsGetHostByService)
                  20016204    000000c8     rtsv7M4_T_le_eabi.lib : fflush.obj (.text)
                  200162cc    000000c8     simplelink.a : netapp.obj (.text:sl_NetAppMDNSRegisterUnregisterService)
                  20016394    000000c4                  : driver.obj (.text:_SlRemoveFromList)
                  20016458    000000c0                  : driver.obj (.text:_SlDrvCmdOp)
                  20016518    000000c0                  : netcfg.obj (.text:sl_NetCfgGet)
                  200165d8    000000bc     rtsv7M4_T_le_eabi.lib : typeinfo_.obj (.text)
                  20016694    000000ba     free_rtos.a : portasm.obj (.text)
                  2001674e    00000002     --HOLE-- [fill = 0]
                  20016750    000000b4     simplelink.a : device.obj (.text:sl_DevGet)
                  20016804    000000ac     rtsv7M4_T_le_eabi.lib : _io_perm.obj (.text)
                  200168b0    000000a8     driverlib.a : interrupt.obj (.text:IntDisable)
                  20016958    000000a8                 : interrupt.obj (.text:IntEnable)
                  20016a00    000000a8     pinmux.obj (.text)
                  20016aa8    000000a0     driverlib.a : spi.obj (.text:SPIConfigSetExpClk)
                  20016b48    000000a0     simplelink.a : driver.obj (.text:_SlDriverHandleError)
                  20016be8    000000a0     rtsv7M4_T_le_eabi.lib : _bufread.obj (.text)
                  20016c88    0000009c     CThreadIO.obj (.text)
                  20016d24    0000009c     rtsv7M4_T_le_eabi.lib : memcpy_t2.obj (.text)
                  20016dc0    0000009c     simplelink.a : socket.obj (.text:sl_Bind)
                  20016e5c    0000009a                  : device.obj (.text:_SlDrvDeviceEventHandler)
                  20016ef6    00000002     --HOLE-- [fill = 0]
                  20016ef8    00000098                  : fs.obj (.text:_sl_GetCreateFsMode)
                  20016f90    00000098     rtsv7M4_T_le_eabi.lib : fclose.obj (.text)
                  20017028    00000098                           : fputc.obj (.text)
                  200170c0    00000098     simplelink.a : fs.obj (.text:sl_FsClose)
                  20017158    00000094     driverlib.a : prcm.obj (.text:PRCMPeripheralClockGet)
                  200171ec    00000090     simplelink.a : netapp.obj (.text:_sl_HandleAsync_DnsGetHostByName)
                  2001727c    00000090                  : netapp.obj (.text:_sl_HandleAsync_PingResponse)
                  2001730c    0000008c                  : cc_pal.obj (.text:SetupDMAReceive)
                  20017398    0000008c                  : cc_pal.obj (.text:SetupDMASend)
                  20017424    0000008c                  : fs.obj (.text:sl_FsOpen)
                  200174b0    0000008c                  : cc_pal.obj (.text:spi_Write)
                  2001753c    00000088     driverlib.a : pin.obj (.text:PinConfigSet)
                  200175c4    00000088     rtsv7M4_T_le_eabi.lib : vsnprintf.obj (.text)
                  2001764c    00000088     simplelink.a : socket.obj (.text:sl_Recv)
                  200176d4    00000086     rtsv7M4_T_le_eabi.lib : fd_cmp_t2.obj (.text:__aeabi_cdcmple)
                  2001775a    00000086                           : fd_cmp_t2.obj (.text:__aeabi_cdrcmple)
                  200177e0    00000084     driverlib.a : i2c.obj (.text:I2CMasterInitExpClk)
                  20017864    00000084     simplelink.a : cc_pal.obj (.text:NwpPowerOnPreamble)
                  200178e8    00000082     driverlib.a : gpio.obj (.text:GPIOIntTypeSet)
                  2001796a    00000002     --HOLE-- [fill = 0]
                  2001796c    00000080     simplelink.a : socket.obj (.text:_sl_HandleAsync_Connect)
                  200179ec    00000080                  : device.obj (.text:_sl_HandleAsync_InitComplete)
                  20017a6c    00000080                  : cc_pal.obj (.text:spi_Read_CPU)
                  20017aec    00000080                  : cc_pal.obj (.text:spi_Write_CPU)
                  20017b6c    0000007c     driverlib.a : prcm.obj (.text:PRCMRTCGet)
                  20017be8    0000007c     simplelink.a : netcfg.obj (.text:sl_NetCfgSet)
                  20017c64    0000007c                  : socket.obj (.text:sl_SetSockOpt)
                  20017ce0    0000007c                  : wlan.obj (.text:sl_WlanSet)
                  20017d5c    0000007a     rtsv7M4_T_le_eabi.lib : memset_t2.obj (.text)
                  20017dd6    00000002     --HOLE-- [fill = 0]
                  20017dd8    00000078     simplelink.a : wlan.obj (.text:sl_WlanPolicySet)
                  20017e50    00000078                  : cc_pal.obj (.text:spi_Close)
                  20017ec8    00000076     driverlib.a : uart.obj (.text:UARTConfigSetExpClk)
                  20017f3e    00000002     --HOLE-- [fill = 0]
                  20017f40    00000070     rtsv7M4_T_le_eabi.lib : autoinit.obj (.text)
                  20017fb0    00000070                           : printf.obj (.text)
                  20018020    00000070     simplelink.a : socket.obj (.text:sl_Socket)
                  20018090    0000006e     rtsv7M4_T_le_eabi.lib : fd_tos_t2.obj (.text)
                  200180fe    00000002     --HOLE-- [fill = 0]
                  20018100    0000006c     simplelink.a : driver.obj (.text:_SlDrvCmdSend)
                  2001816c    0000006c                  : netapp.obj (.text:_sl_NetAppSendTokenValue)
                  200181d8    0000006c                  : wlan.obj (.text:sl_WlanRxFilterSet)
                  20018244    0000006a     rtsv7M4_T_le_eabi.lib : copy_decompress_rle.obj (.text)
                  200182ae    00000002     --HOLE-- [fill = 0]
                  200182b0    00000068     driverlib.a : timer.obj (.text:TimerIntUnregister)
                  20018318    00000068     rtsv7M4_T_le_eabi.lib : trgmsg.obj (.text)
                  20018380    00000064     simplelink.a : socket.obj (.text:_sl_HandleAsync_Accept)
                  200183e4    00000064     rtsv7M4_T_le_eabi.lib : fseek.obj (.text)
                  20018448    00000064     driverlib.a : udma.obj (.text:uDMAChannelAttributeDisable)
                  200184ac    00000064                 : udma.obj (.text:uDMAChannelAttributeEnable)
                  20018510    00000060     rtsv7M4_T_le_eabi.lib : sprintf.obj (.text)
                  20018570    0000005c                           : s_frexp.obj (.text)
                  200185cc    00000058     driverlib.a : interrupt.obj (.text:IntPendClear)
                  20018624    00000058                 : prcm.obj (.text:PRCMPeripheralReset)
                  2001867c    00000056     rtsv7M4_T_le_eabi.lib : ltoa.obj (.text)
                  200186d2    00000002     --HOLE-- [fill = 0]
                  200186d4    00000054     driverlib.a : interrupt.obj (.text:IntPrioritySet)
                  20018728    00000054     simplelink.a : socket.obj (.text:_sl_HandleAsync_Select)
                  2001877c    00000054     rtsv7M4_T_le_eabi.lib : exit.obj (.text)
                  200187d0    00000050     driverlib.a : prcm.obj (.text:PRCMSlowClkCtrGet)
                  20018820    00000050     simplelink.a : driver.obj (.text:_SlDrvRxIrqHandler)
                  20018870    00000050                  : device.obj (.text:_sl_HandleAsync_Stop)
                  200188c0    00000050                  : socket.obj (.text:sl_Listen)
                  20018910    0000004c     driverlib.a : spi.obj (.text:SPIIntEnable)
                  2001895c    0000004c     simplelink.a : driver.obj (.text:_SlDrvProtectAsyncRespSetting)
                  200189a8    0000004c                  : socket.obj (.text:_sl_BuildAddress)
                  200189f4    0000004c     rtsv7M4_T_le_eabi.lib : atoi.obj (.text)
                  20018a40    0000004c                           : cpy_tbl.obj (.text)
                  20018a8c    0000004c     driverlib.a : udma.obj (.text:uDMAChannelAssign)
                  20018ad8    00000048                 : spi.obj (.text:SPIIntClear)
                  20018b20    00000048     simplelink.a : driver.obj (.text:_SlDrvBasicCmd)
                  20018b68    00000048     rtsv7M4_T_le_eabi.lib : fd_toi_t2.obj (.text)
                  20018bb0    00000048     simplelink.a : netapp.obj (.text:sl_NetAppMDNSUnRegisterService)
                  20018bf8    00000044     driverlib.a : spi.obj (.text:SPIDmaMaskGet)
                  20018c3c    00000044                 : timer.obj (.text:TimerConfigure)
                  20018c80    00000044     simplelink.a : driver.obj (.text:_SlDrvHandleHttpServerEvents)
                  20018cc4    00000044                  : cc_pal.obj (.text:cc_SetupTransfer)
                  20018d08    00000044                  : socket.obj (.text:sl_Close)
                  20018d4c    00000044                  : wlan.obj (.text:sl_WlanProfileDel)
                  20018d90    00000044                  : wlan.obj (.text:sl_WlanSetMode)
                  20018dd4    00000042                  : socket.obj (.text:sl_Htonl)
                  20018e16    00000002     --HOLE-- [fill = 0]
                  20018e18    00000040     driverlib.a : pin.obj (.text:PinModeSet)
                  20018e58    00000040     simplelink.a : driver.obj (.text:_SlDrvHandleNetAppEvents)
                  20018e98    00000040                  : driver.obj (.text:_SlDrvHandleWlanEvents)
                  20018ed8    00000040                  : driver.obj (.text:_SlDrvSyncObjWaitTimeout)
                  20018f18    00000040                  : socket.obj (.text:_sl_TruncatePayloadByProtocol)
                  20018f58    00000040     rtsv7M4_T_le_eabi.lib : boot.obj (.text)
                  20018f98    00000040                           : strtok.obj (.text)
                  20018fd8    00000040     simplelink.a : netapp.obj (.text:sl_NetAppStart)
                  20019018    00000040                  : netapp.obj (.text:sl_NetAppStop)
                  20019058    0000003c                  : netapp.obj (.text:CopyPingResultsToReport)
                  20019094    0000003c     driverlib.a : prcm.obj (.text:PRCMPeripheralClkEnable)
                  200190d0    0000003c     simplelink.a : socket.obj (.text:sl_Htons)
                  2001910c    0000003c     driverlib.a : udma.obj (.text:uDMAChannelControlSet)
                  20019148    00000038     simplelink.a : cc_pal.obj (.text:NwpPowerOff)
                  20019180    00000038     free_rtos.a : heap_3.obj (.text)
                  200191b8    00000038     rtsv7M4_T_le_eabi.lib : fs_tod_t2.obj (.text)
                  200191f0    00000036     driverlib.a : gpio.obj (.text:GPIODirModeSet)
                  20019226    00000002     --HOLE-- [fill = 0]
                  20019228    00000034                 : prcm.obj (.text:PRCMPeripheralStatusGet)
                  2001925c    00000034                 : spi.obj (.text:SPIFIFOLevelSet)
                  20019290    00000030                 : pin.obj (.text:PinTypeGPIO)
                  200192c0    00000030                 : uart.obj (.text:UARTDisable)
                  200192f0    00000030     simplelink.a : fs.obj (.text:_sl_Strlen)
                  20019320    00000030     rtsv7M4_T_le_eabi.lib : new_.obj (.text)
                  20019350    00000030                           : strncpy.obj (.text)
                  20019380    0000002e                           : i_tofd_t2.obj (.text)
                  200193ae    00000002     --HOLE-- [fill = 0]
                  200193b0    0000002c     simplelink.a : cc_pal.obj (.text:DmaSpiSwIntHandler)
                  200193dc    0000002c     driverlib.a : i2c.obj (.text:I2CMasterErr)
                  20019408    0000002c     simplelink.a : cc_pal.obj (.text:NwpPowerOn)
                  20019434    0000002c     driverlib.a : prcm.obj (.text:PRCMSysResetCauseGet)
                  20019460    0000002a                 : timer.obj (.text:TimerLoadSet)
                  2001948a    0000002a                 : timer.obj (.text:TimerPrescaleSet)
                  200194b4    0000002a     rtsv7M4_T_le_eabi.lib : strspn.obj (.text)
                  200194de    00000002     --HOLE-- [fill = 0]
                  200194e0    00000028     driverlib.a : prcm.obj (.text:IsRTCUsed)
                  20019508    00000028                 : prcm.obj (.text:PRCMPeripheralClkDisable)
                  20019530    00000028     simplelink.a : socket.obj (.text:SL_FD_ISSET)
                  20019558    00000028                  : driver.obj (.text:_SlDrvObjGlobalLockWaitForever)
                  20019580    00000028                  : driver.obj (.text:_SlDrvProtectionObjLockWaitForever)
                  200195a8    00000026                  : cc_pal.obj (.text:NwpRegisterInterruptHandler)
                  200195ce    00000026     network_common.obj (.text)
                  200195f4    00000026     rtsv7M4_T_le_eabi.lib : strncmp.obj (.text)
                  2001961a    00000002     --HOLE-- [fill = 0]
                  2001961c    00000024     driverlib.a : interrupt.obj (.text:IntUnregister)
                  20019640    00000024                 : prcm.obj (.text:RTCU16MSecRegRead)
                  20019664    00000024                 : prcm.obj (.text:RTCUseSet)
                  20019688    00000024                 : uart.obj (.text:UARTEnable)
                  200196ac    00000024     simplelink.a : driver.obj (.text:_SlDrvGlobalObjUnLock)
                  200196d0    00000024                  : driver.obj (.text:_SlDrvProtectionObjUnLock)
                  200196f4    00000024                  : driver.obj (.text:_SlDrvSyncObjWaitForever)
                  20019718    00000024     rtsv7M4_T_le_eabi.lib : memmov.obj (.text)
                  2001973c    00000024                           : strcspn.obj (.text)
                  20019760    00000022     driverlib.a : gpio.obj (.text:GPIOIntStatus)
                  20019782    00000022                 : i2c.obj (.text:I2CMasterSlaveAddrSet)
                  200197a4    00000022     simplelink.a : socket.obj (.text:SL_FD_SET)
                  200197c6    00000022     driverlib.a : spi.obj (.text:SPIReset)
                  200197e8    00000022                 : spi.obj (.text:SPIWordCountSet)
                  2001980a    00000022     simplelink.a : driver.obj (.text:_SlDrvObjLockWaitForever)
                  2001982c    00000022     rtsv7M4_T_le_eabi.lib : memcmp.obj (.text)
                  2001984e    00000020     driverlib.a : gpio.obj (.text:GPIOPinWrite)
                  2001986e    00000002     --HOLE-- [fill = 0]
                  20019870    00000020                 : interrupt.obj (.text:IntRegister)
                  20019890    00000020     mqtt.a : cc3200_platform.obj (.text)
                  200198b0    00000020     rtsv7M4_T_le_eabi.lib : memchr.obj (.text)
                  200198d0    00000020     simplelink.a : wlan.obj (.text:sl_WlanDisconnect)
                  200198f0    0000001e     driverlib.a : i2c.obj (.text:I2CMasterIntStatusEx)
                  2001990e    0000001e                 : timer.obj (.text:TimerDisable)
                  2001992c    0000001e                 : timer.obj (.text:TimerEnable)
                  2001994a    0000001e                 : timer.obj (.text:TimerIntStatus)
                  20019968    0000001e                 : uart.obj (.text:UARTCharPut)
                  20019986    0000001e     simplelink.a : driver.obj (.text:_SlDrvObjUnLock)
                  200199a4    0000001e                  : driver.obj (.text:_SlDrvSyncObjSignal)
                  200199c2    0000001e                  : cc_pal.obj (.text:cc_UDMAChannelSelect)
                  200199e0    0000001c     driverlib.a : pin.obj (.text:PinTypeI2C)
                  200199fc    0000001c                 : timer.obj (.text:TimerValueGet)
                  20019a18    0000001c                 : uart.obj (.text:UARTCharGetNonBlocking)
                  20019a34    0000001c     rtsv7M4_T_le_eabi.lib : memccpy.obj (.text)
                  20019a50    0000001c     driverlib.a : udma.obj (.text:uDMAChannelEnable)
                  20019a6c    0000001a                 : gpio.obj (.text:GPIOIntDisable)
                  20019a86    0000001a                 : gpio.obj (.text:GPIOIntEnable)
                  20019aa0    0000001a                 : pin.obj (.text:PinTypeUART)
                  20019aba    0000001a                 : spi.obj (.text:SPIDmaDisable)
                  20019ad4    0000001a                 : spi.obj (.text:SPIDmaEnable)
                  20019aee    0000001a                 : spi.obj (.text:SPIFIFODisable)
                  20019b08    0000001a                 : spi.obj (.text:SPIFIFOEnable)
                  20019b22    00000018                 : gpio.obj (.text:GPIOPinRead)
                  20019b3a    00000018                 : spi.obj (.text:SPICSDisable)
                  20019b52    00000018                 : spi.obj (.text:SPICSEnable)
                  20019b6a    00000018                 : spi.obj (.text:SPIDisable)
                  20019b82    00000018                 : spi.obj (.text:SPIEnable)
                  20019b9a    00000018                 : timer.obj (.text:TimerIntDisable)
                  20019bb2    00000018                 : timer.obj (.text:TimerIntEnable)
                  20019bca    00000018                 : uart.obj (.text:UARTCharsAvail)
                  20019be2    00000002     --HOLE-- [fill = 0]
                  20019be4    00000018     simplelink.a : device.obj (.text:_sl_GetStartResponseConvert)
                  20019bfc    00000018     rtsv7M4_T_le_eabi.lib : args_main.obj (.text)
                  20019c14    00000018                           : strcmp.obj (.text)
                  20019c2c    00000016     driverlib.a : i2c.obj (.text:I2CMasterDataPut)
                  20019c42    00000016                 : i2c.obj (.text:I2CMasterEnable)
                  20019c58    00000016                 : prcm.obj (.text:PRCMHIBRegRead)
                  20019c6e    00000016                 : prcm.obj (.text:PRCMHIBRegWrite)
                  20019c84    00000016     simplelink.a : driver.obj (.text:_SlDrvMemZero)
                  20019c9a    00000016     CThreadTCPServer.obj (.text:_ZN16CThreadTCPClient7SetFreeEb)
                  20019cb0    00000016     rtsv7M4_T_le_eabi.lib : strchr.obj (.text)
                  20019cc6    00000014     driverlib.a : cpu.obj (.text:CPUcpsie)
                  20019cda    00000014                 : gpio.obj (.text:GPIOIntClear)
                  20019cee    00000002     --HOLE-- [fill = 0]
                  20019cf0    00000014                 : interrupt.obj (.text:IntVTableBaseSet)
                  20019d04    00000014     CThreadTCPServer.obj (.text:_ZN16CThreadTCPClient18SetSemaphoreHandleEPv)
                  20019d18    00000014     rtsv7M4_T_le_eabi.lib : _lock.obj (.text)
                  20019d2c    00000014                           : strcpy.obj (.text)
                  20019d40    00000014                           : strlen.obj (.text)
                  20019d54    00000012     driverlib.a : i2c.obj (.text:I2CMasterControl)
                  20019d66    00000012                 : i2c.obj (.text:I2CMasterIntClearEx)
                  20019d78    00000012                 : i2c.obj (.text:I2CMasterTimeoutSet)
                  20019d8a    00000012                 : timer.obj (.text:TimerIntClear)
                  20019d9c    00000012     CThreadTCPServer.obj (.text:_ZN16CThreadTCPClient9SetSocketEi)
                  20019dae    00000012     spawner.obj (.text:_ZN7CThread6CreateEPv)
                  20019dc0    00000010     driverlib.a : prcm.obj (.text:RTCU32SecRegRead)
                  20019dd0    00000010     simplelink.a : socket.obj (.text:SL_FD_ZERO)
                  20019de0    00000010                  : driver.obj (.text:_SlDrvDispatchHttpServerEvents)
                  20019df0    00000010     rtsv7M4_T_le_eabi.lib : isspace.obj (.text)
                  20019e00    0000000e     driverlib.a : i2c.obj (.text:I2CMasterDataGet)
                  20019e0e    0000000e     simplelink.a : driver.obj (.text:_SlDrvResetCmdExt)
                  20019e1c    0000000e     CThreadTCPServer.obj (.text:_ZN16CThreadTCPClient6IsFreeEv)
                  20019e2a    0000000e     rtsv7M4_T_le_eabi.lib : copy_decompress_none.obj (.text:decompress:none)
                  20019e38    0000000e     startup_ccs.obj (.text)
                  20019e46    00000002     --HOLE-- [fill = 0]
                  20019e48    0000000c     simplelink.a : cc_pal.obj (.text:NwpMaskInterrupt)
                  20019e54    0000000c                  : cc_pal.obj (.text:NwpUnMaskInterrupt)
                  20019e60    0000000a     driverlib.a : interrupt.obj (.text:IntMasterEnable)
                  20019e6a    00000008                 : prcm.obj (.text:PRCMRTCInUseSet)
                  20019e72    00000002     --HOLE-- [fill = 0]
                  20019e74    00000008     spawner.obj (.text:_ZN7CThread16GetConfigurationEv)
                  20019e7c    00000008     rtsv7M4_T_le_eabi.lib : delete.obj (.text)
                  20019e84    00000008                           : s_copysign.obj (.text)
                  20019e8c    00000006     driverlib.a : utils.obj (.text:UtilsDelay)
                  20019e92    00000006     rtsv7M4_T_le_eabi.lib : copy_decompress_rle.obj (.text:decompress:rle24)
                  20019e98    00000004                           : pre_init.obj (.text)

.const     0    20019ea0    00000ac4     
                  20019ea0    00000101     rtsv7M4_T_le_eabi.lib : ctype.obj (.const:.string:_ctypes_)
                  20019fa1    00000003     mqtt.a : sl_mqtt_client.obj (.const)
                  20019fa4    00000100     driverlib.a : pin.obj (.const:g_ulPinToPadMap)
                  2001a0a4    000000d4                 : interrupt.obj (.const:g_pulRegs)
                  2001a178    000000a8                 : prcm.obj (.const:PRCM_PeriphRegsList)
                  2001a220    00000080                 : interrupt.obj (.const)
                  2001a2a0    00000058     CThread.obj (.const:.string)
                  2001a2f8    0000003c     simplelink.a : driver.obj (.const:OpcodeTranslateTable)
                  2001a334    00000038                  : driver.obj (.const:_SlActionLookupTable)
                  2001a36c    00000004                  : socket.obj (.const:$P$T0$1)
                  2001a370    00000030     rtsv7M4_T_le_eabi.lib : e_pow.obj (.const:$O1$$)
                  2001a3a0    0000002c     network_if.obj (.const:$P$T1$2)
                  2001a3cc    00000028     rtsv7M4_T_le_eabi.lib : typeinfo_.obj (.const:.typeinfo:_ZTSN10__cxxabiv123__fundamental_type_infoE)
                  2001a3f4    00000025                           : typeinfo_.obj (.const:.typeinfo:_ZTSN10__cxxabiv120__si_class_type_infoE)
                  2001a419    00000024                           : typeinfo_.obj (.const:.typeinfo:_ZTSN10__cxxabiv119__pointer_type_infoE)
                  2001a43d    00000022     network_if.obj (.const:.string:$P$T0$1)
                  2001a45f    00000022     rtsv7M4_T_le_eabi.lib : typeinfo_.obj (.const:.typeinfo:_ZTSN10__cxxabiv117__class_type_infoE)
                  2001a481    00000022                           : typeinfo_.obj (.const:.typeinfo:_ZTSN10__cxxabiv117__pbase_type_infoE)
                  2001a4a3    00000001     --HOLE-- [fill = 0]
                  2001a4a4    00000020     simplelink.a : driver.obj (.const:RxMsgClassLUT)
                  2001a4c4    00000020     mqtt.a : cc31xx_sl_net.obj (.const)
                  2001a4e4    0000001c     CThreadI2C.obj (.const:_ZTV10CThreadI2C)
                  2001a500    0000001c     CThreadUDP.obj (.const:_ZTV10CThreadUDP)
                  2001a51c    0000001c     CThreadMain.obj (.const:_ZTV11CThreadMain)
                  2001a538    0000001c     CThreadTCPClient.obj (.const:_ZTV16CThreadTCPClient)
                  2001a554    0000001c     CThreadTCPServer.obj (.const:_ZTV16CThreadTCPServer)
                  2001a570    0000001c     CThreadHTTPServer.obj (.const:_ZTV17CThreadHTTPServer)
                  2001a58c    0000001c     CThreadMqttClient.obj (.const:_ZTV17CThreadMqttClient)
                  2001a5a8    0000001c     CThreadDefinitions.obj (.const:_ZTV18CThreadDefinitions)
                  2001a5c4    0000001c     CThread.obj (.const:_ZTV7CThread)
                  2001a5e0    0000001c     CThreadIO.obj (.const:_ZTV9CThreadIO)
                  2001a5fc    00000018     driverlib.a : spi.obj (.const)
                  2001a614    00000017     network_if.obj (.const:.string:$P$T6$7)
                  2001a62b    00000016     network_if.obj (.const:.string:$P$T3$4)
                  2001a641    00000015     network_if.obj (.const:.string:$P$T5$6)
                  2001a656    00000015     network_if.obj (.const:.string:$P$T8$9)
                  2001a66b    00000015     CThreadDefinitions.obj (.const:.typeinfo:_ZTS18CThreadDefinitions)
                  2001a680    00000014     simplelink.a : fs.obj (.const:$P$T0$1)
                  2001a694    00000014     network_if.obj (.const:$P$T2$3)
                  2001a6a8    00000014     CThreadHTTPServer.obj (.const:.typeinfo:_ZTS17CThreadHTTPServer)
                  2001a6bc    00000014     CThreadMqttClient.obj (.const:.typeinfo:_ZTS17CThreadMqttClient)
                  2001a6d0    00000013     CThreadTCPClient.obj (.const:.typeinfo:_ZTS16CThreadTCPClient)
                  2001a6e3    00000013     CThreadTCPServer.obj (.const:.typeinfo:_ZTS16CThreadTCPServer)
                  2001a6f6    00000002     rtsv7M4_T_le_eabi.lib : typeinfo_.obj (.const:.typeinfo:_ZTSe)
                  2001a6f8    00000010     network_if.obj (.const:$P$T4$5)
                  2001a708    00000010     network_if.obj (.const:$P$T7$8)
                  2001a718    00000010     simplelink.a : socket.obj (.const:.string:_SlPayloadByProtocolLUT)
                  2001a728    00000010     rtsv7M4_T_le_eabi.lib : typeinfo_.obj (.const:.typeinfo:_ZTIPKe)
                  2001a738    00000010                           : typeinfo_.obj (.const:_ZTVN10__cxxabiv117__class_type_infoE)
                  2001a748    00000010                           : typeinfo_.obj (.const:_ZTVN10__cxxabiv119__pointer_type_infoE)
                  2001a758    00000010                           : typeinfo_.obj (.const:_ZTVN10__cxxabiv120__si_class_type_infoE)
                  2001a768    00000010                           : typeinfo_.obj (.const:_ZTVN10__cxxabiv123__fundamental_type_infoE)
                  2001a778    0000000e     network_if.obj (.const:.string:$P$T9$10)
                  2001a786    0000000e     CThreadMain.obj (.const:.typeinfo:_ZTS11CThreadMain)
                  2001a794    0000000d     CThreadDefinitions.obj (.const:.string:$P$T0$1)
                  2001a7a1    0000000d     CThreadI2C.obj (.const:.typeinfo:_ZTS10CThreadI2C)
                  2001a7ae    0000000d     CThreadUDP.obj (.const:.typeinfo:_ZTS10CThreadUDP)
                  2001a7bb    0000000d     rtsv7M4_T_le_eabi.lib : typeinfo_.obj (.const:.typeinfo:_ZTSSt9type_info)
                  2001a7c8    0000000c     CThreadDefinitions.obj (.const:.string:$P$T1$2)
                  2001a7d4    0000000c     CThreadI2C.obj (.const:.typeinfo:_ZTI10CThreadI2C)
                  2001a7e0    0000000c     CThreadUDP.obj (.const:.typeinfo:_ZTI10CThreadUDP)
                  2001a7ec    0000000c     CThreadMain.obj (.const:.typeinfo:_ZTI11CThreadMain)
                  2001a7f8    0000000c     CThreadTCPClient.obj (.const:.typeinfo:_ZTI16CThreadTCPClient)
                  2001a804    0000000c     CThreadTCPServer.obj (.const:.typeinfo:_ZTI16CThreadTCPServer)
                  2001a810    0000000c     CThreadHTTPServer.obj (.const:.typeinfo:_ZTI17CThreadHTTPServer)
                  2001a81c    0000000c     CThreadMqttClient.obj (.const:.typeinfo:_ZTI17CThreadMqttClient)
                  2001a828    0000000c     CThreadDefinitions.obj (.const:.typeinfo:_ZTI18CThreadDefinitions)
                  2001a834    0000000c     CThreadIO.obj (.const:.typeinfo:_ZTI9CThreadIO)
                  2001a840    0000000c     rtsv7M4_T_le_eabi.lib : typeinfo_.obj (.const:.typeinfo:_ZTIN10__cxxabiv117__class_type_infoE)
                  2001a84c    0000000c                           : typeinfo_.obj (.const:.typeinfo:_ZTIN10__cxxabiv117__pbase_type_infoE)
                  2001a858    0000000c                           : typeinfo_.obj (.const:.typeinfo:_ZTIN10__cxxabiv119__pointer_type_infoE)
                  2001a864    0000000c                           : typeinfo_.obj (.const:.typeinfo:_ZTIN10__cxxabiv120__si_class_type_infoE)
                  2001a870    0000000c                           : typeinfo_.obj (.const:.typeinfo:_ZTIN10__cxxabiv123__fundamental_type_infoE)
                  2001a87c    0000000b     mqtt.a : mqtt_client.obj (.const:.string)
                  2001a887    0000000b     network_if.obj (.const:.string:pcDigits)
                  2001a892    0000000b     CThreadIO.obj (.const:.typeinfo:_ZTS9CThreadIO)
                  2001a89d    00000009     CThread.obj (.const:.typeinfo:_ZTS7CThread)
                  2001a8a6    00000002     --HOLE-- [fill = 0]
                  2001a8a8    00000008     CThread.obj (.const:.typeinfo:_ZTI7CThread)
                  2001a8b0    00000008     rtsv7M4_T_le_eabi.lib : typeinfo_.obj (.const:.typeinfo:_ZTISt9type_info)
                  2001a8b8    00000008                           : typeinfo_.obj (.const:.typeinfo:_ZTIe)
                  2001a8c0    00000008     simplelink.a : device.obj (.const:StartResponseLUT)
                  2001a8c8    00000008                  : driver.obj (.const:g_H2NCnysPattern)
                  2001a8d0    00000008                  : driver.obj (.const:g_H2NSyncPattern)
                  2001a8d8    00000005     main.obj (.const:.string:$P$T0$1)
                  2001a8dd    00000001     --HOLE-- [fill = 0]
                  2001a8de    00000004     simplelink.a : wlan.obj (.const:$P$T0$1)
                  2001a8e2    00000004                  : socket.obj (.const:$P$T1$2)
                  2001a8e6    00000004                  : socket.obj (.const:$P$T2$3)
                  2001a8ea    00000004     rtsv7M4_T_le_eabi.lib : typeinfo_.obj (.const:.typeinfo:_ZTSPKe)
                  2001a8ee    00000004     simplelink.a : socket.obj (.const:_SlAcceptCmdCtrl)
                  2001a8f2    00000004                  : device.obj (.const:_SlDeviceGetCmdCtrl)
                  2001a8f6    00000004                  : fs.obj (.const:_SlFsCloseCmdCtrl)
                  2001a8fa    00000004                  : fs.obj (.const:_SlFsOpenCmdCtrl)
                  2001a8fe    00000004                  : fs.obj (.const:_SlFsReadCmdCtrl)
                  2001a902    00000004                  : fs.obj (.const:_SlFsWriteCmdCtrl)
                  2001a906    00000004                  : netapp.obj (.const:_SlGetHostByNameCtrl)
                  2001a90a    00000004                  : socket.obj (.const:_SlListenCmdCtrl)
                  2001a90e    00000004                  : netapp.obj (.const:_SlNetAppSendTokenValueCmdCtrl)
                  2001a912    00000004                  : netapp.obj (.const:_SlNetAppStartCtrl)
                  2001a916    00000004                  : netapp.obj (.const:_SlNetAppStopCtrl)
                  2001a91a    00000004                  : netcfg.obj (.const:_SlNetCfgGetCmdCtrl)
                  2001a91e    00000004                  : netcfg.obj (.const:_SlNetCfgSetCmdCtrl)
                  2001a922    00000004                  : wlan.obj (.const:_SlPolicySetCmdCtrl)
                  2001a926    00000004                  : wlan.obj (.const:_SlProfileDelCmdCtrl)
                  2001a92a    00000004                  : socket.obj (.const:_SlRecvCmdCtrl)
                  2001a92e    00000004                  : socket.obj (.const:_SlRecvfomCmdCtrl)
                  2001a932    00000004                  : netapp.obj (.const:_SlRegisterServiceCtrl)
                  2001a936    00000004                  : wlan.obj (.const:_SlRxFilterSetCmdCtrl)
                  2001a93a    00000004                  : socket.obj (.const:_SlSelectCmdCtrl)
                  2001a93e    00000004                  : socket.obj (.const:_SlSendCmdCtrl)
                  2001a942    00000004                  : socket.obj (.const:_SlSetSockOptCmdCtrl)
                  2001a946    00000004                  : socket.obj (.const:_SlSockCloseCmdCtrl)
                  2001a94a    00000004                  : socket.obj (.const:_SlSockSocketCmdCtrl)
                  2001a94e    00000004                  : device.obj (.const:_SlStopCmdCtrl)
                  2001a952    00000004                  : wlan.obj (.const:_SlWlanCfgSetCmdCtrl)
                  2001a956    00000004                  : wlan.obj (.const:_SlWlanSetModeCmdCtrl)
                  2001a95a    00000002     --HOLE-- [fill = 0]
                  2001a95c    00000004                  : driver.obj (.const:httpServer_callbacks)
                  2001a960    00000004                  : driver.obj (.const:netApp_callbacks)

.cinit     0    2001a968    00000144     
                  2001a968    0000011c     (.cinit..data.load) [load image, compression = rle]
                  2001aa84    00000004     --HOLE-- [fill = 0]
                  2001aa88    0000000b     (.cinit..bss.load) [load image, compression = rle]
                  2001aa93    00000001     --HOLE-- [fill = 0]
                  2001aa94    00000008     (__TI_handler_table)
                  2001aa9c    00000010     (__TI_cinit_table)

.sysmem    0    2001b000    00008000     UNINITIALIZED
                  2001b000    00000008     rtsv7M4_T_le_eabi.lib : memory.obj (.sysmem)
                  2001b008    00007ff8     --HOLE--

.bss       0    20023000    00001c2b     UNINITIALIZED
                  20023000    00000800     mqtt.a : sl_mqtt_client.obj (.bss:buf_vec)
                  20023800    00000800     (.common:gaucCmpBuf)
                  20024000    000002d0            : mqtt_client.obj (.bss:clients)
                  200242d0    000001a4     (.common:_ZN7CThread6configE)
                  20024474    00000178     simplelink.a : driver.obj (.bss:g_StatMem)
                  200245ec    00000120     rtsv7M4_T_le_eabi.lib : trgmsg.obj (.bss:_CIOBUF_)
                  2002470c    000000f0     mqtt.a : sl_mqtt_client.obj (.bss:sl_cli_ctx)
                  200247fc    000000d0     (.common:_ZN7CThread18usr_connect_configE)
                  200248cc    000000c8     free_rtos.a : tasks.obj (.bss:pxReadyTasksLists)
                  20024994    000000a0     (.common:__TI_tmpnams)
                  20024a34    00000050                 : queue.obj (.bss:xQueueRegistry)
                  20024a84    00000050     (.common:g_ucDinDout)
                  20024ad4    00000048     mqtt.a : sl_mqtt_client.obj (.bss:mqp_vec)
                  20024b1c    00000024     (.common:g_ucConnectionSSID)
                  20024b40    00000018     (.common:recv_hvec)
                  20024b58    00000014     (.common:xDelayedTaskList1)
                  20024b6c    00000014     (.common:xDelayedTaskList2)
                  20024b80    00000014     (.common:xPendingReadyList)
                  20024b94    00000014     (.common:xSuspendedTaskList)
                  20024ba8    00000014     (.common:xTasksWaitingTermination)
                  20024bbc    00000008     rtsv7M4_T_le_eabi.lib : trgdrv.obj (.bss:parmbuf)
                  20024bc4    00000008     (.common:g_ucConnectionBSSID)
                  20024bcc    00000004     uart_if.obj (.bss)
                  20024bd0    00000004     (.common:DMAMsgQ)
                  20024bd4    00000004     (.common:_ZN7CThread12fAmbientTempE)
                  20024bd8    00000004     (.common:_ZN7CThread12fCurrentTempE)
                  20024bdc    00000004     (.common:_ZSt16__dummy_typeinfo)
                  20024be0    00000004     (.common:g_S2InterruptHdl)
                  20024be4    00000004     (.common:g_S3InterruptHdl)
                  20024be8    00000004     (.common:g_cDummy)
                  20024bec    00000004     (.common:g_rx_task_hndl)
                  20024bf0    00000004     (.common:g_rx_tx_sync_obj)
                  20024bf4    00000004     (.common:g_wait_secs)
                  20024bf8    00000004     (.common:httpServerThread)
                  20024bfc    00000004     (.common:i2cThread)
                  20024c00    00000004     (.common:ioThread)
                  20024c04    00000004     (.common:mainThread)
                  20024c08    00000004     (.common:mqttThread)
                  20024c0c    00000004     (.common:mqtt_lib_lockobj)
                  20024c10    00000004     (.common:mt_lock)
                  20024c14    00000004     (.common:pxDelayedTaskList)
                  20024c18    00000004     (.common:pxOverflowDelayedTaskList)
                  20024c1c    00000004     (.common:tcpServerThread)
                  20024c20    00000004     (.common:udpThread)
                  20024c24    00000002     (.common:g_usConnectIndex)
                  20024c26    00000001     (.common:RxIrqCnt)
                  20024c27    00000001     (.common:g_bDeviceRestartIsRequired)
                  20024c28    00000001     (.common:g_ucLED1Pin)
                  20024c29    00000001     (.common:g_ucLED2Pin)
                  20024c2a    00000001     (.common:g_ucLED3Pin)

.data      0    20024c2c    0000035c     UNINITIALIZED
                  20024c2c    000000f0     rtsv7M4_T_le_eabi.lib : defs.obj (.data:_ftable)
                  20024d1c    000000d0                           : lowlev.obj (.data:$O1$$)
                  20024dec    0000004c     mqtt.a : mqtt_client.obj (.data)
                  20024e38    00000034     CThread.obj (.data)
                  20024e6c    00000034     free_rtos.a : tasks.obj (.data)
                  20024ea0    00000028     mqtt.a : sl_mqtt_client.obj (.data:net)
                  20024ec8    00000014     CThread.obj (.data:_ZN7CThread11Mqtt_ClientE)
                  20024edc    00000014     gpio_if.obj (.data:ulReg)
                  20024ef0    00000010     rtsv7M4_T_le_eabi.lib : defs.obj (.data)
                  20024f00    0000000c                           : exit.obj (.data:$O1$$)
                  20024f0c    0000000c                           : memory.obj (.data:$O1$$)
                  20024f18    0000000c     CThread.obj (.data:_ZN7CThread14SecurityParamsE)
                  20024f24    0000000c     free_rtos.a : osi_freertos.obj (.data)
                  20024f30    0000000c     gpio_if.obj (.data)
                  20024f3c    0000000c     network_if.obj (.data)
                  20024f48    00000009     simplelink.a : cc_pal.obj (.data)
                  20024f51    00000001     mqtt.a : sl_mqtt_client.obj (.data)
                  20024f52    00000002     --HOLE--
                  20024f54    00000009     simplelink.a : driver.obj (.data)
                  20024f5d    00000003     --HOLE--
                  20024f60    00000008     rtsv7M4_T_le_eabi.lib : _lock.obj (.data:$O1$$)
                  20024f68    00000004     CThreadHTTPServer.obj (.data)
                  20024f6c    00000004     free_rtos.a : port.obj (.data)
                  20024f70    00000004     rtsv7M4_T_le_eabi.lib : errno.obj (.data)
                  20024f74    00000004                           : fopen.obj (.data)
                  20024f78    00000004                           : stkdepth_vars.obj (.data)
                  20024f7c    00000004                           : strtok.obj (.data)
                  20024f80    00000004                           : vars.obj (.data)
                  20024f84    00000004     simplelink.a : driver.obj (.data:wlan_callbacks)

.stack     0    2002b000    00005000     UNINITIALIZED
                  2002b000    00005000     --HOLE--

MODULE SUMMARY

       Module                     code    ro data   rw data
       ------                     ----    -------   -------
    .\
       network_if.obj             4716    242       58     
       CThreadDefinitions.obj     2572    86        2048   
       CThreadMqttClient.obj      3892    60        0      
       CThreadHTTPServer.obj      2592    60        32     
       spawner.obj                1412    0         0      
       CThread.obj                232     133       720    
       tmp006drv.obj              1052    0         0      
       startup_ccs.obj            14      1024      0      
       gpio_if.obj                916     0         35     
       CThreadTCPServer.obj       746     59        0      
       ini.obj                    676     0         0      
       uart_if.obj                656     0         4      
       i2c_if.obj                 656     0         0      
       CThreadUDP.obj             444     53        0      
       bma222drv.obj              492     0         0      
       timer_if.obj               448     0         0      
       CThreadTCPClient.obj       360     59        0      
       CThreadI2C.obj             324     53        0      
       CThreadMain.obj            308     54        0      
       button_if.obj              336     0         8      
       main.obj                   276     5         0      
       CThreadIO.obj              156     51        0      
       pinmux.obj                 168     0         0      
       network_common.obj         38      0         0      
    +--+--------------------------+-------+---------+---------+
       Total:                     23482   1939      2905   
                                                           
    C:/ti/CC3200SDK_1.2.0/cc3200-sdk/driverlib/ccs/Release/driverlib.a
       prcm.obj                   1192    168       0      
       interrupt.obj              608     340       0      
       spi.obj                    696     24        0      
       udma.obj                   604     0         0      
       pin.obj                    302     256       0      
       timer.obj                  440     0         0      
       i2c.obj                    352     0         0      
       gpio.obj                   346     0         0      
       uart.obj                   284     0         0      
       cpu.obj                    20      0         0      
       utils.obj                  6       0         0      
    +--+--------------------------+-------+---------+---------+
       Total:                     4850    788       0      
                                                           
    C:/ti/CC3200SDK_1.2.0/cc3200-sdk/netapps/mqtt/ccs/client/mqtt.a
       mqtt_client.obj            9676    11        820    
       sl_mqtt_client.obj         2664    3         2421   
       mqtt_common.obj            2572    0         0      
       cc31xx_sl_net.obj          1744    32        0      
       cc3200_platform.obj        32      0         0      
    +--+--------------------------+-------+---------+---------+
       Total:                     16688   46        3241   
                                                           
    C:/ti/CC3200SDK_1.2.0/cc3200-sdk/oslib/ccs/free_rtos/free_rtos.a
       tasks.obj                  4700    0         360    
       queue.obj                  2852    0         80     
       osi_freertos.obj           1116    0         12     
       list.obj                   298     0         0      
       port.obj                   272     0         4      
       portasm.obj                186     0         0      
       heap_3.obj                 56      0         0      
    +--+--------------------------+-------+---------+---------+
       Total:                     9480    0         456    
                                                           
    C:/ti/CC3200SDK_1.2.0/cc3200-sdk/simplelink/ccs/OS_debug/simplelink.a
       driver.obj                 7498    172       391    
       socket.obj                 3336    64        0      
       cc_pal.obj                 1788    0         97     
       netapp.obj                 1620    20        0      
       wlan.obj                   1128    24        0      
       fs.obj                     1008    36        0      
       device.obj                 1022    16        0      
       netcfg.obj                 316     8         0      
    +--+--------------------------+-------+---------+---------+
       Total:                     17716   340       488    
                                                           
    C:\ti\ccsv6\tools\compiler\arm_15.12.3.LTS\lib\rtsv7M4_T_le_eabi.lib
       _printfi.obj               4348    0         0      
       e_pow.obj                  2468    48        0      
       memory.obj                 988     0         12     
       lowlev.obj                 780     0         208    
       trgdrv.obj                 804     0         8      
       typeinfo_.obj              188     356       4      
       ull_div_t2.obj             500     0         0      
       fopen.obj                  452     0         4      
       fd_add_t2.obj              438     0         0      
       defs.obj                   0       0         416    
       trgmsg.obj                 104     0         288    
       e_sqrt.obj                 368     0         0      
       fgets.obj                  340     0         0      
       fd_div_t2.obj              310     0         0      
       fputs.obj                  308     0         0      
       fd_cmp_t2.obj              268     0         0      
       ctype.obj                  0       257       0      
       fd_mul_t2.obj              252     0         0      
       setvbuf.obj                220     0         0      
       s_scalbn.obj               208     0         0      
       fflush.obj                 200     0         0      
       _io_perm.obj               172     0         0      
       _bufread.obj               160     0         0      
       memcpy_t2.obj              156     0         0      
       fclose.obj                 152     0         0      
       fputc.obj                  152     0         0      
       vsnprintf.obj              136     0         0      
       memset_t2.obj              122     0         0      
       autoinit.obj               112     0         0      
       copy_decompress_rle.obj    112     0         0      
       printf.obj                 112     0         0      
       fd_tos_t2.obj              110     0         0      
       fseek.obj                  100     0         0      
       exit.obj                   84      0         12     
       sprintf.obj                96      0         0      
       s_frexp.obj                92      0         0      
       ltoa.obj                   86      0         0      
       atoi.obj                   76      0         0      
       cpy_tbl.obj                76      0         0      
       fd_toi_t2.obj              72      0         0      
       strtok.obj                 64      0         4      
       boot.obj                   64      0         0      
       fs_tod_t2.obj              56      0         0      
       new_.obj                   48      0         0      
       strncpy.obj                48      0         0      
       i_tofd_t2.obj              46      0         0      
       strspn.obj                 42      0         0      
       strncmp.obj                38      0         0      
       memmov.obj                 36      0         0      
       strcspn.obj                36      0         0      
       memcmp.obj                 34      0         0      
       memchr.obj                 32      0         0      
       _lock.obj                  20      0         8      
       memccpy.obj                28      0         0      
       args_main.obj              24      0         0      
       strcmp.obj                 24      0         0      
       strchr.obj                 22      0         0      
       strcpy.obj                 20      0         0      
       strlen.obj                 20      0         0      
       isspace.obj                16      0         0      
       copy_decompress_none.obj   14      0         0      
       delete.obj                 8       0         0      
       s_copysign.obj             8       0         0      
       errno.obj                  0       0         4      
       pre_init.obj               4       0         0      
       stkdepth_vars.obj          0       0         4      
       vars.obj                   0       0         4      
       mpu_init.obj               2       0         0      
       newhandler.obj             2       0         0      
       startup.obj                2       0         0      
    +--+--------------------------+-------+---------+---------+
       Total:                     16480   661       976    
                                                           
       Heap:                      0       0         32768  
       Stack:                     0       0         20480  
       Linker Generated:          0       319       0      
    +--+--------------------------+-------+---------+---------+
       Grand Total:               88696   4093      61314  


LINKER GENERATED COPY TABLES

__TI_cinit_table @ 2001aa9c records: 2, size/record: 8, table size: 16
	.data: load addr=2001a968, load size=0000011c bytes, run addr=20024c2c, run size=0000035c bytes, compression=rle
	.bss: load addr=2001aa88, load size=0000000b bytes, run addr=20023000, run size=00001c2b bytes, compression=rle


LINKER GENERATED HANDLER TABLE

__TI_handler_table @ 2001aa94 records: 2, size/record: 4, table size: 8
	index: 0, handler: __TI_decompress_rle24
	index: 1, handler: __TI_decompress_none


GLOBAL SYMBOLS: SORTED ALPHABETICALLY BY Name 

address   name                                              
-------   ----                                              
20012581  BMA222Close                                       
2001255f  BMA222Open                                        
20012585  BMA222Read                                        
20012601  BMA222ReadNew                                     
20012529  BlockRead                                         
20015251  BoardInit                                         
20014285  Button_IF_DisableInterrupt                        
20014235  Button_IF_EnableInterrupt                         
200141d1  Button_IF_Init                                    
2001877d  C$$EXIT                                           
20018347  C$$IO$$                                           
20019cc7  CPUcpsie                                          
20011c25  ClearTerm                                         
20007b45  ConfigureMode                                     
200070f9  ConfigureSimpleLinkToDefaultState                 
20024bd0  DMAMsgQ                                           
200193b1  DmaSpiSwIntHandler                                
20011c2f  Error                                             
200191f1  GPIODirModeSet                                    
20019cdb  GPIOIntClear                                      
20019a6d  GPIOIntDisable                                    
20019a87  GPIOIntEnable                                     
20019761  GPIOIntStatus                                     
200178e9  GPIOIntTypeSet                                    
20019b23  GPIOPinRead                                       
2001984f  GPIOPinWrite                                      
20010d0d  GPIO_IF_ConfigureNIntEnable                       
20010d89  GPIO_IF_Get                                       
20010cc7  GPIO_IF_GetPortNPin                               
20010a89  GPIO_IF_LedConfigure                              
20010b7b  GPIO_IF_LedOff                                    
20010ac7  GPIO_IF_LedOn                                     
20010c2f  GPIO_IF_LedStatus                                 
20010c99  GPIO_IF_LedToggle                                 
20010d4f  GPIO_IF_Set                                       
200141b1  GPIOs2IntHandler                                  
20014191  GPIOs3IntHandler                                  
2000fb71  GetBrokerAddress                                  
2000fbb7  GetBrokerPassword                                 
2000fc6d  GetBrokerPort                                     
2000fbd5  GetBrokerPublishEntry                             
2000fbed  GetBrokerSubscribeEntry                           
2000fb99  GetBrokerUserId                                   
20011c67  GetCmd                                            
200124c5  GetRegisterValue                                  
2000fb3f  GetSSIDName                                       
2000fad3  GetSecurityKey                                    
2000fb19  GetSecurityKeyLen                                 
2000fb27  GetSecurityType                                   
200110b7  HOSTclock                                         
2001107f  HOSTclose                                         
20011041  HOSTgetenv                                        
20010fe5  HOSTlseek                                         
20010f93  HOSTopen                                          
20010f47  HOSTread                                          
20010ee9  HOSTrename                                        
20010eaf  HOSTtime                                          
20010e65  HOSTtime64                                        
20010e2d  HOSTunlink                                        
20010de1  HOSTwrite                                         
20019d55  I2CMasterControl                                  
20019e01  I2CMasterDataGet                                  
20019c2d  I2CMasterDataPut                                  
20019c43  I2CMasterEnable                                   
200193dd  I2CMasterErr                                      
200177e1  I2CMasterInitExpClk                               
20019d67  I2CMasterIntClearEx                               
200198f1  I2CMasterIntStatusEx                              
20019783  I2CMasterSlaveAddrSet                             
20019d79  I2CMasterTimeoutSet                               
20011bcd  I2C_IF_Close                                      
20011b85  I2C_IF_Open                                       
20011a7f  I2C_IF_Read                                       
20011b3b  I2C_IF_ReadFrom                                   
200119c9  I2C_IF_Write                                      
20011be5  InitTerm                                          
200070bf  InitializeAppVariables                            
200168b1  IntDisable                                        
20016959  IntEnable                                         
20019e61  IntMasterEnable                                   
200185cd  IntPendClear                                      
200186d5  IntPrioritySet                                    
20019871  IntRegister                                       
2001961d  IntUnregister                                     
20019cf1  IntVTableBaseSet                                  
20011c03  Message                                           
20007619  Network_IF_ConnectAP                              
20007a31  Network_IF_CurrentMCUState                        
200075e9  Network_IF_DeInitDriver                           
20007889  Network_IF_DisconnectFromAP                       
200079bd  Network_IF_GetHostIP                              
20007499  Network_IF_InitDriver                             
20007909  Network_IF_IpConfigGet                            
20007a29  Network_IF_ResetMCUStateMachine                   
20007a37  Network_IF_SetMCUMachineState                     
20007a7b  Network_IF_UnsetMCUMachineState                   
20019e49  NwpMaskInterrupt                                  
20019149  NwpPowerOff                                       
20019409  NwpPowerOn                                        
20017865  NwpPowerOnPreamble                                
200195a9  NwpRegisterInterruptHandler                       
20019e55  NwpUnMaskInterrupt                                
2001a2f8  OpcodeTranslateTable                              
200137b5  PRCMCC3200MCUInit                                 
20019c59  PRCMHIBRegRead                                    
20019c6f  PRCMHIBRegWrite                                   
20019509  PRCMPeripheralClkDisable                          
20019095  PRCMPeripheralClkEnable                           
20017159  PRCMPeripheralClockGet                            
20018625  PRCMPeripheralReset                               
20019229  PRCMPeripheralStatusGet                           
20017b6d  PRCMRTCGet                                        
20019e6b  PRCMRTCInUseSet                                   
200187d1  PRCMSlowClkCtrGet                                 
20019435  PRCMSysResetCauseGet                              
2001753d  PinConfigSet                                      
20018e19  PinModeSet                                        
20016a01  PinMuxConfig                                      
20019291  PinTypeGPIO                                       
200199e1  PinTypeI2C                                        
20019aa1  PinTypeUART                                       
20011db5  Report                                            
20019e39  ResetISR                                          
20024c26  RxIrqCnt                                          
UNDEFED   SHT$$INIT_ARRAY$$Base                             
UNDEFED   SHT$$INIT_ARRAY$$Limit                            
20019531  SL_FD_ISSET                                       
200197a5  SL_FD_SET                                         
20019dd1  SL_FD_ZERO                                        
20019b3b  SPICSDisable                                      
20019b53  SPICSEnable                                       
20016aa9  SPIConfigSetExpClk                                
20019b6b  SPIDisable                                        
20019abb  SPIDmaDisable                                     
20019ad5  SPIDmaEnable                                      
20019b83  SPIEnable                                         
20019aef  SPIFIFODisable                                    
20019b09  SPIFIFOEnable                                     
2001925d  SPIFIFOLevelSet                                   
20018ad9  SPIIntClear                                       
20018911  SPIIntEnable                                      
200197c7  SPIReset                                          
200197e9  SPIWordCountSet                                   
2000fc99  SetBrokerAddress                                  
2000fd75  SetBrokerPassword                                 
2000fdcb  SetBrokerPort                                     
2000fc05  SetBrokerPublishEntry                             
2000fc41  SetBrokerSubscribeEntry                           
2000fd0d  SetBrokerUserId                                   
200124ef  SetRegisterValue                                  
2000fb4d  SetSSIDName                                       
2000faf1  SetSecurityKey                                    
2000fb31  SetSecurityType                                   
20006c21  SimpleLinkGeneralEventHandler                     
2000c451  SimpleLinkHttpServerCallback                      
20006ba9  SimpleLinkNetAppEventHandler                      
20006c41  SimpleLinkSockEventHandler                        
200069e5  SimpleLinkWlanEventHandler                        
2001052d  TMP006DrvGetTemp                                  
20010295  TMP006DrvOpen                                     
20018c3d  TimerConfigure                                    
2001990f  TimerDisable                                      
2001992d  TimerEnable                                       
20019d8b  TimerIntClear                                     
20019b9b  TimerIntDisable                                   
20019bb3  TimerIntEnable                                    
2001994b  TimerIntStatus                                    
200182b1  TimerIntUnregister                                
20019461  TimerLoadSet                                      
2001948b  TimerPrescaleSet                                  
200199fd  TimerValueGet                                     
20012d91  Timer_IF_DeInit                                   
20012dc3  Timer_IF_GetCount                                 
20012ca5  Timer_IF_Init                                     
20012cd7  Timer_IF_IntSetup                                 
20012d49  Timer_IF_InterruptClear                           
20012dab  Timer_IF_ReLoad                                   
20012d61  Timer_IF_Start                                    
20012d81  Timer_IF_Stop                                     
20011d1d  TrimSpace                                         
20019a19  UARTCharGetNonBlocking                            
20019969  UARTCharPut                                       
20019bcb  UARTCharsAvail                                    
20017ec9  UARTConfigSetExpClk                               
200192c1  UARTDisable                                       
20019689  UARTEnable                                        
20019e8d  UtilsDelay                                        
200100c1  VDeleteSimpleLinkSpawnTask                        
2000bbcd  VMqttRecvTask                                     
20010071  VStartSimpleLinkSpawnTask                         
2001a334  _SlActionLookupTable                              
20016b49  _SlDriverHandleError                              
20018b21  _SlDrvBasicCmd                                    
20016459  _SlDrvCmdOp                                       
20018101  _SlDrvCmdSend                                     
200126b1  _SlDrvDataReadOp                                  
20014431  _SlDrvDataWriteOp                                 
20016e5d  _SlDrvDeviceEventHandler                          
20019de1  _SlDrvDispatchHttpServerEvents                    
20015021  _SlDrvDriverCBDeinit                              
20013495  _SlDrvDriverCBInit                                
200196ad  _SlDrvGlobalObjUnLock                             
20018c81  _SlDrvHandleHttpServerEvents                      
20018e59  _SlDrvHandleNetAppEvents                          
20018e99  _SlDrvHandleWlanEvents                            
20019c85  _SlDrvMemZero                                     
20015f95  _SlDrvMsgReadSpawnCtx                             
20015475  _SlDrvNetAppEventHandler                          
2001980b  _SlDrvObjLockWaitForever                          
20019987  _SlDrvObjUnLock                                   
2001895d  _SlDrvProtectAsyncRespSetting                     
20019581  _SlDrvProtectionObjLockWaitForever                
200196d1  _SlDrvProtectionObjUnLock                         
20012891  _SlDrvReleasePoolObj                              
20019e0f  _SlDrvResetCmdExt                                 
20018821  _SlDrvRxIrqHandler                                
200199a5  _SlDrvSyncObjSignal                               
200196f5  _SlDrvSyncObjWaitForever                          
20018ed9  _SlDrvSyncObjWaitTimeout                          
20013625  _SlDrvWaitForPoolObj                              
2001a90e  _SlNetAppSendTokenValueCmdCtrl                    
200147f7  _Z21__default_new_handlerv                        
200145e9  _ZN10CThreadI2C13ReadAccSensorEv                  
200145b5  _ZN10CThreadI2C3RunEv                             
2001457d  _ZN10CThreadI2CC1Ev                               
2001457d  _ZN10CThreadI2CC2Ev                               
2001459f  _ZN10CThreadI2CD0Ev                               
20014591  _ZN10CThreadI2CD1Ev                               
20014591  _ZN10CThreadI2CD2Ev                               
20012e25  _ZN10CThreadUDP3RunEv                             
20012de5  _ZN10CThreadUDPC1Ei                               
20012de5  _ZN10CThreadUDPC2Ei                               
20012e0f  _ZN10CThreadUDPD0Ev                               
20012e01  _ZN10CThreadUDPD1Ev                               
20012e01  _ZN10CThreadUDPD2Ev                               
20016685  _ZN10__cxxabiv116__enum_type_infoD0Ev             
20016683  _ZN10__cxxabiv116__enum_type_infoD1Ev             
20016683  _ZN10__cxxabiv116__enum_type_infoD2Ev             
2001667b  _ZN10__cxxabiv117__array_type_infoD0Ev            
20016679  _ZN10__cxxabiv117__array_type_infoD1Ev            
20016679  _ZN10__cxxabiv117__array_type_infoD2Ev            
20016671  _ZN10__cxxabiv117__class_type_infoD0Ev            
2001666f  _ZN10__cxxabiv117__class_type_infoD1Ev            
2001666f  _ZN10__cxxabiv117__class_type_infoD2Ev            
20016667  _ZN10__cxxabiv117__pbase_type_infoD0Ev            
20016665  _ZN10__cxxabiv117__pbase_type_infoD1Ev            
20016665  _ZN10__cxxabiv117__pbase_type_infoD2Ev            
2001665d  _ZN10__cxxabiv119__pointer_type_infoD0Ev          
2001665b  _ZN10__cxxabiv119__pointer_type_infoD1Ev          
2001665b  _ZN10__cxxabiv119__pointer_type_infoD2Ev          
20016653  _ZN10__cxxabiv120__function_type_infoD0Ev         
20016651  _ZN10__cxxabiv120__function_type_infoD1Ev         
20016651  _ZN10__cxxabiv120__function_type_infoD2Ev         
20016649  _ZN10__cxxabiv120__si_class_type_infoD0Ev         
20016647  _ZN10__cxxabiv120__si_class_type_infoD1Ev         
20016647  _ZN10__cxxabiv120__si_class_type_infoD2Ev         
2001663f  _ZN10__cxxabiv121__vmi_class_type_infoD0Ev        
2001663d  _ZN10__cxxabiv121__vmi_class_type_infoD1Ev        
2001663d  _ZN10__cxxabiv121__vmi_class_type_infoD2Ev        
20016635  _ZN10__cxxabiv123__fundamental_type_infoD0Ev      
20016633  _ZN10__cxxabiv123__fundamental_type_infoD1Ev      
20016633  _ZN10__cxxabiv123__fundamental_type_infoD2Ev      
2001662b  _ZN10__cxxabiv129__pointer_to_member_type_infoD0Ev
20016629  _ZN10__cxxabiv129__pointer_to_member_type_infoD1Ev
20016629  _ZN10__cxxabiv129__pointer_to_member_type_infoD2Ev
200148e9  _ZN11CThreadMain23ReadDeviceConfigurationEv       
20014831  _ZN11CThreadMain3RunEv                            
200147f9  _ZN11CThreadMainC1Ev                              
200147f9  _ZN11CThreadMainC2Ev                              
2001481b  _ZN11CThreadMainD0Ev                              
2001480d  _ZN11CThreadMainD1Ev                              
2001480d  _ZN11CThreadMainD2Ev                              
20019d05  _ZN16CThreadTCPClient18SetSemaphoreHandleEPv      
20013dd3  _ZN16CThreadTCPClient3RunEv                       
20019e1d  _ZN16CThreadTCPClient6IsFreeEv                    
20019c9b  _ZN16CThreadTCPClient7SetFreeEb                   
20019d9d  _ZN16CThreadTCPClient9SetSocketEi                 
20013e73  _ZN16CThreadTCPClient9TerminateEv                 
20013d79  _ZN16CThreadTCPClientC1Eii                        
20013d79  _ZN16CThreadTCPClientC2Eii                        
20013dbd  _ZN16CThreadTCPClientD0Ev                         
20013da3  _ZN16CThreadTCPClientD1Ev                         
20013da3  _ZN16CThreadTCPClientD2Ev                         
20011741  _ZN16CThreadTCPServer3RunEv                       
200118b7  _ZN16CThreadTCPServer9TerminateEv                 
200116b5  _ZN16CThreadTCPServerC1Ei                         
200116b5  _ZN16CThreadTCPServerC2Ei                         
2001172b  _ZN16CThreadTCPServerD0Ev                         
2001171d  _ZN16CThreadTCPServerD1Ev                         
2001171d  _ZN16CThreadTCPServerD2Ev                         
2000cdb5  _ZN17CThreadHTTPServer3RunEv                      
2000ce01  _ZN17CThreadHTTPServer9TerminateEv                
2000cd55  _ZN17CThreadHTTPServerC1Ev                        
2000cd55  _ZN17CThreadHTTPServerC2Ev                        
2000cd91  _ZN17CThreadHTTPServerD0Ev                        
2000cd75  _ZN17CThreadHTTPServerD1Ev                        
2000cd75  _ZN17CThreadHTTPServerD2Ev                        
2000a7f1  _ZN17CThreadMqttClient10sl_MqttEvtEPvlPKvm        
2000a499  _ZN17CThreadMqttClient14HandleMessagesEv          
2000a8f7  _ZN17CThreadMqttClient14ToggleLedStateE7ledEnum   
2000a89d  _ZN17CThreadMqttClient17sl_MqttDisconnectEPv      
2000aa79  _ZN17CThreadMqttClient21InitUserConnectConfigEv   
20009fdd  _ZN17CThreadMqttClient3RunEv                      
2000a691  _ZN17CThreadMqttClient9Mqtt_RecvEPvPKclPKvlbhb    
2000a36d  _ZN17CThreadMqttClient9TerminateEv                
20009f91  _ZN17CThreadMqttClientC1Ev                        
20009f91  _ZN17CThreadMqttClientC2Ev                        
20009fbf  _ZN17CThreadMqttClientD0Ev                        
20009fb1  _ZN17CThreadMqttClientD1Ev                        
20009fb1  _ZN17CThreadMqttClientD2Ev                        
2000d549  _ZN18CThreadDefinitions10outputFileEv             
2000cf59  _ZN18CThreadDefinitions11WriteToFileEPmPl         
2000cebd  _ZN18CThreadDefinitions12ReadFromFileEml          
2000d071  _ZN18CThreadDefinitions17ini_buffer_readerEPciPv  
2000cea9  _ZN18CThreadDefinitions3RunEv                     
2000d1b5  _ZN18CThreadDefinitions7handlerEPvPKcS2_S2_       
2000ceb3  _ZN18CThreadDefinitions9TerminateEv               
2000d483  _ZN18CThreadDefinitions9parseFileEv               
2000ce71  _ZN18CThreadDefinitionsC1Ev                       
2000ce71  _ZN18CThreadDefinitionsC2Ev                       
2000ce93  _ZN18CThreadDefinitionsD0Ev                       
2000ce85  _ZN18CThreadDefinitionsD1Ev                       
2000ce85  _ZN18CThreadDefinitionsD2Ev                       
20024e68  _ZN7CThread10g_I2CQueueE                          
20024ec8  _ZN7CThread11Mqtt_ClientE                         
20024bd4  _ZN7CThread12fAmbientTempE                        
20024bd8  _ZN7CThread12fCurrentTempE                        
20024e58  _ZN7CThread13g_usTimerIntsE                       
20024e38  _ZN7CThread13pub_topic_sw2E                       
20024e3c  _ZN7CThread13pub_topic_sw3E                       
20024e40  _ZN7CThread13pub_topic_sw4E                       
20024e44  _ZN7CThread13pub_topic_sw5E                       
20024f18  _ZN7CThread14SecurityParamsE                      
20024e60  _ZN7CThread15g_FileReadQueueE                     
20019e75  _ZN7CThread16GetConfigurationEv                   
20024e64  _ZN7CThread16g_FileWriteQueueE                    
200159f7  _ZN7CThread18LedTimerDeinitStopEv                 
200247fc  _ZN7CThread18usr_connect_configE                  
200159cf  _ZN7CThread20LedTimerConfigNStartEv               
20015a0b  _ZN7CThread23TimerPeriodicIntHandlerEv            
200159a3  _ZN7CThread3RunEv                                 
200159b5  _ZN7CThread4ExitEv                                
20019daf  _ZN7CThread6CreateEPv                             
200242d0  _ZN7CThread6configE                               
20024e48  _ZN7CThread8data_sw2E                             
[...]
20017e51  spi_Close                                         
20017ec9  UARTConfigSetExpClk                               
20017f41  __TI_auto_init                                    
20017fb9  printf                                            
20018021  sl_Socket                                         
20018091  __aeabi_d2f                                       
20018101  _SlDrvCmdSend                                     
2001816d  _sl_NetAppSendTokenValue                          
200181d9  sl_WlanRxFilterSet                                
200182b1  TimerIntUnregister                                
20018319  __TI_writemsg                                     
20018347  C$$IO$$                                           
2001834b  __TI_readmsg                                      
20018381  _sl_HandleAsync_Accept                            
200183e5  fseek                                             
20018449  uDMAChannelAttributeDisable                       
200184ad  uDMAChannelAttributeEnable                        
20018511  sprintf                                           
20018571  frexp                                             
20018571  frexpl                                            
200185cd  IntPendClear                                      
20018625  PRCMPeripheralReset                               
2001867d  ltoa                                              
200186d5  IntPrioritySet                                    
20018729  _sl_HandleAsync_Select                            
2001877d  C$$EXIT                                           
20018781  abort                                             
20018789  exit                                              
200187d1  PRCMSlowClkCtrGet                                 
20018821  _SlDrvRxIrqHandler                                
20018871  _sl_HandleAsync_Stop                              
200188c1  sl_Listen                                         
20018911  SPIIntEnable                                      
2001895d  _SlDrvProtectAsyncRespSetting                     
200189f5  atoi                                              
20018a41  copy_in                                           
20018a8d  uDMAChannelAssign                                 
20018ad9  SPIIntClear                                       
20018b21  _SlDrvBasicCmd                                    
20018b69  __aeabi_d2iz                                      
20018bb1  sl_NetAppMDNSUnRegisterService                    
20018c3d  TimerConfigure                                    
20018c81  _SlDrvHandleHttpServerEvents                      
20018d09  sl_Close                                          
20018d4d  sl_WlanProfileDel                                 
20018d91  sl_WlanSetMode                                    
20018dd5  sl_Htonl                                          
20018e19  PinModeSet                                        
20018e59  _SlDrvHandleNetAppEvents                          
20018e99  _SlDrvHandleWlanEvents                            
20018ed9  _SlDrvSyncObjWaitTimeout                          
20018f59  _c_int00                                          
20018f99  strtok                                            
20018fd9  sl_NetAppStart                                    
20019019  sl_NetAppStop                                     
20019095  PRCMPeripheralClkEnable                           
200190d1  sl_Htons                                          
2001910d  uDMAChannelControlSet                             
20019149  NwpPowerOff                                       
20019181  pvPortMalloc                                      
200191a1  vPortFree                                         
200191b9  __aeabi_f2d                                       
200191f1  GPIODirModeSet                                    
20019229  PRCMPeripheralStatusGet                           
2001925d  SPIFIFOLevelSet                                   
20019291  PinTypeGPIO                                       
200192c1  UARTDisable                                       
20019321  _Znaj                                             
20019321  _Znwj                                             
20019351  strncpy                                           
20019381  __aeabi_i2d                                       
200193b1  DmaSpiSwIntHandler                                
200193dd  I2CMasterErr                                      
20019409  NwpPowerOn                                        
20019435  PRCMSysResetCauseGet                              
20019461  TimerLoadSet                                      
2001948b  TimerPrescaleSet                                  
200194b5  strspn                                            
20019509  PRCMPeripheralClkDisable                          
20019531  SL_FD_ISSET                                       
20019581  _SlDrvProtectionObjLockWaitForever                
200195a9  NwpRegisterInterruptHandler                       
200195cf  sl_Provisioning_HttpServerEventHdl                
200195dd  sl_Provisioning_NetAppEventHdl                    
200195e9  sl_Provisioning_WlanEventHdl                      
200195f5  strncmp                                           
2001961d  IntUnregister                                     
20019689  UARTEnable                                        
200196ad  _SlDrvGlobalObjUnLock                             
200196d1  _SlDrvProtectionObjUnLock                         
200196f5  _SlDrvSyncObjWaitForever                          
20019719  memmove                                           
2001973d  strcspn                                           
20019761  GPIOIntStatus                                     
20019783  I2CMasterSlaveAddrSet                             
200197a5  SL_FD_SET                                         
200197c7  SPIReset                                          
200197e9  SPIWordCountSet                                   
2001980b  _SlDrvObjLockWaitForever                          
2001982d  memcmp                                            
2001984f  GPIOPinWrite                                      
20019871  IntRegister                                       
20019891  platform_timer_init                               
20019899  platform_get_time_in_secs                         
200198b1  memchr                                            
200198d1  sl_WlanDisconnect                                 
200198f1  I2CMasterIntStatusEx                              
2001990f  TimerDisable                                      
2001992d  TimerEnable                                       
2001994b  TimerIntStatus                                    
20019969  UARTCharPut                                       
20019987  _SlDrvObjUnLock                                   
200199a5  _SlDrvSyncObjSignal                               
200199e1  PinTypeI2C                                        
200199fd  TimerValueGet                                     
20019a19  UARTCharGetNonBlocking                            
20019a35  memccpy                                           
20019a51  uDMAChannelEnable                                 
20019a6d  GPIOIntDisable                                    
20019a87  GPIOIntEnable                                     
20019aa1  PinTypeUART                                       
20019abb  SPIDmaDisable                                     
20019ad5  SPIDmaEnable                                      
20019aef  SPIFIFODisable                                    
20019b09  SPIFIFOEnable                                     
20019b23  GPIOPinRead                                       
20019b3b  SPICSDisable                                      
20019b53  SPICSEnable                                       
20019b6b  SPIDisable                                        
20019b83  SPIEnable                                         
20019b9b  TimerIntDisable                                   
20019bb3  TimerIntEnable                                    
20019bcb  UARTCharsAvail                                    
20019bfd  _args_main                                        
20019c15  strcmp                                            
20019c2d  I2CMasterDataPut                                  
20019c43  I2CMasterEnable                                   
20019c59  PRCMHIBRegRead                                    
20019c6f  PRCMHIBRegWrite                                   
20019c85  _SlDrvMemZero                                     
20019c9b  _ZN16CThreadTCPClient7SetFreeEb                   
20019cb1  strchr                                            
20019cc7  CPUcpsie                                          
20019cdb  GPIOIntClear                                      
20019cf1  IntVTableBaseSet                                  
20019d05  _ZN16CThreadTCPClient18SetSemaphoreHandleEPv      
20019d19  _register_unlock                                  
20019d1f  _register_lock                                    
20019d27  _nop                                              
20019d2d  strcpy                                            
20019d41  strlen                                            
20019d55  I2CMasterControl                                  
20019d67  I2CMasterIntClearEx                               
20019d79  I2CMasterTimeoutSet                               
20019d8b  TimerIntClear                                     
20019d9d  _ZN16CThreadTCPClient9SetSocketEi                 
20019daf  _ZN7CThread6CreateEPv                             
20019dd1  SL_FD_ZERO                                        
20019de1  _SlDrvDispatchHttpServerEvents                    
20019df1  isspace                                           
20019e01  I2CMasterDataGet                                  
20019e0f  _SlDrvResetCmdExt                                 
20019e1d  _ZN16CThreadTCPClient6IsFreeEv                    
20019e2b  __TI_decompress_none                              
20019e39  ResetISR                                          
20019e49  NwpMaskInterrupt                                  
20019e55  NwpUnMaskInterrupt                                
20019e61  IntMasterEnable                                   
20019e6b  PRCMRTCInUseSet                                   
20019e75  _ZN7CThread16GetConfigurationEv                   
20019e7d  _ZdlPv                                            
20019e85  copysign                                          
20019e85  copysignl                                         
20019e8d  UtilsDelay                                        
20019e93  __TI_decompress_rle24                             
20019e99  _system_pre_init                                  
20019ea0  _ctypes_                                          
2001a2f8  OpcodeTranslateTable                              
2001a334  _SlActionLookupTable                              
2001a3cc  _ZTSN10__cxxabiv123__fundamental_type_infoE       
2001a3f4  _ZTSN10__cxxabiv120__si_class_type_infoE          
2001a419  _ZTSN10__cxxabiv119__pointer_type_infoE           
2001a45f  _ZTSN10__cxxabiv117__class_type_infoE             
2001a481  _ZTSN10__cxxabiv117__pbase_type_infoE             
2001a4e4  _ZTV10CThreadI2C                                  
2001a500  _ZTV10CThreadUDP                                  
2001a51c  _ZTV11CThreadMain                                 
2001a538  _ZTV16CThreadTCPClient                            
2001a554  _ZTV16CThreadTCPServer                            
2001a570  _ZTV17CThreadHTTPServer                           
2001a58c  _ZTV17CThreadMqttClient                           
2001a5a8  _ZTV18CThreadDefinitions                          
2001a5c4  _ZTV7CThread                                      
2001a5e0  _ZTV9CThreadIO                                    
2001a66b  _ZTS18CThreadDefinitions                          
2001a6a8  _ZTS17CThreadHTTPServer                           
2001a6bc  _ZTS17CThreadMqttClient                           
2001a6d0  _ZTS16CThreadTCPClient                            
2001a6e3  _ZTS16CThreadTCPServer                            
2001a6f6  _ZTSe                                             
2001a728  _ZTIPKe                                           
2001a738  _ZTVN10__cxxabiv117__class_type_infoE             
2001a748  _ZTVN10__cxxabiv119__pointer_type_infoE           
2001a758  _ZTVN10__cxxabiv120__si_class_type_infoE          
2001a768  _ZTVN10__cxxabiv123__fundamental_type_infoE       
2001a786  _ZTS11CThreadMain                                 
2001a7a1  _ZTS10CThreadI2C                                  
2001a7ae  _ZTS10CThreadUDP                                  
2001a7bb  _ZTSSt9type_info                                  
2001a7d4  _ZTI10CThreadI2C                                  
2001a7e0  _ZTI10CThreadUDP                                  
2001a7ec  _ZTI11CThreadMain                                 
2001a7f8  _ZTI16CThreadTCPClient                            
2001a804  _ZTI16CThreadTCPServer                            
2001a810  _ZTI17CThreadHTTPServer                           
2001a81c  _ZTI17CThreadMqttClient                           
2001a828  _ZTI18CThreadDefinitions                          
2001a834  _ZTI9CThreadIO                                    
2001a840  _ZTIN10__cxxabiv117__class_type_infoE             
2001a84c  _ZTIN10__cxxabiv117__pbase_type_infoE             
2001a858  _ZTIN10__cxxabiv119__pointer_type_infoE           
2001a864  _ZTIN10__cxxabiv120__si_class_type_infoE          
2001a870  _ZTIN10__cxxabiv123__fundamental_type_infoE       
2001a887  pcDigits                                          
2001a892  _ZTS9CThreadIO                                    
2001a89d  _ZTS7CThread                                      
2001a8a8  _ZTI7CThread                                      
2001a8b0  _ZTISt9type_info                                  
2001a8b8  _ZTIe                                             
2001a8ea  _ZTSPKe                                           
2001a90e  _SlNetAppSendTokenValueCmdCtrl                    
2001a968  __TI_static_base__                                
2001aa94  __TI_Handler_Table_Base                           
2001aa9c  __TI_CINIT_Base                                   
2001aa9c  __TI_Handler_Table_Limit                          
2001aaac  __TI_CINIT_Limit                                  
2001b000  _sys_memory                                       
20023800  gaucCmpBuf                                        
200242d0  _ZN7CThread6configE                               
200245ec  __CIOBUF_                                         
200247fc  _ZN7CThread18usr_connect_configE                  
20024994  __TI_tmpnams                                      
20024a34  xQueueRegistry                                    
20024a84  g_ucDinDout                                       
20024b1c  g_ucConnectionSSID                                
20024bc4  g_ucConnectionBSSID                               
20024bd0  DMAMsgQ                                           
20024bd4  _ZN7CThread12fAmbientTempE                        
20024bd8  _ZN7CThread12fCurrentTempE                        
20024bdc  _ZSt16__dummy_typeinfo                            
20024be0  g_S2InterruptHdl                                  
20024be4  g_S3InterruptHdl                                  
20024be8  g_cDummy                                          
20024bec  g_rx_task_hndl                                    
20024bf0  g_rx_tx_sync_obj                                  
20024bf4  g_wait_secs                                       
20024bf8  httpServerThread                                  
20024bfc  i2cThread                                         
20024c00  ioThread                                          
20024c04  mainThread                                        
20024c08  mqttThread                                        
20024c0c  mqtt_lib_lockobj                                  
20024c1c  tcpServerThread                                   
20024c20  udpThread                                         
20024c24  g_usConnectIndex                                  
20024c26  RxIrqCnt                                          
20024c27  g_bDeviceRestartIsRequired                        
20024c28  g_ucLED1Pin                                       
20024c29  g_ucLED2Pin                                       
20024c2a  g_ucLED3Pin                                       
20024c2c  _ftable                                           
20024dfc  debug_printf                                      
20024e38  _ZN7CThread13pub_topic_sw2E                       
20024e3c  _ZN7CThread13pub_topic_sw3E                       
20024e40  _ZN7CThread13pub_topic_sw4E                       
20024e44  _ZN7CThread13pub_topic_sw5E                       
20024e48  _ZN7CThread8data_sw2E                             
20024e4c  _ZN7CThread8data_sw3E                             
20024e50  _ZN7CThread8data_sw4E                             
20024e54  _ZN7CThread8data_sw5E                             
20024e58  _ZN7CThread13g_usTimerIntsE                       
20024e5c  _ZN7CThread9g_PBQueueE                            
20024e60  _ZN7CThread15g_FileReadQueueE                     
20024e64  _ZN7CThread16g_FileWriteQueueE                    
20024e68  _ZN7CThread10g_I2CQueueE                          
20024e6c  pxCurrentTCB                                      
20024ea0  net                                               
20024ec8  _ZN7CThread11Mqtt_ClientE                         
20024ef0  __TI_ft_end                                       
20024ef4  __aeabi_stdin                                     
20024ef8  __aeabi_stdout                                    
20024efc  __aeabi_stderr                                    
20024f00  __TI_cleanup_ptr                                  
20024f04  __TI_dtors_ptr                                    
20024f08  __TI_enable_exit_profile_output                   
20024f18  _ZN7CThread14SecurityParamsE                      
20024f24  xHigherPriorityTaskWoken                          
20024f28  xSimpleLinkSpawnQueue                             
20024f2c  xSimpleLinkSpawnTaskHndl                          
20024f30  g_uiLED1Port                                      
20024f34  g_uiLED2Port                                      
20024f38  g_uiLED3Port                                      
20024f3c  g_ulStatus                                        
20024f40  g_ulStaIp                                         
20024f44  g_ulGatewayIP                                     
20024f48  g_SpiFd                                           
20024f4c  g_pHostIntHdl                                     
20024f50  g_ucDMAEnabled                                    
20024f51  g_multi_srvr_conn                                 
20024f54  g_pCB                                             
20024f58  pPingCallBackFunc                                 
20024f60  _lock                                             
20024f64  _unlock                                           
20024f68  triggerPost                                       
20024f70  errno                                             
20024f78  main_func_sp                                      
20024f80  _new_handler                                      
2002b000  __stack                                           
20030000  __STACK_END                                       
ffffffff  __TI_pprof_out_hndl                               
ffffffff  __TI_prof_data_size                               
ffffffff  __TI_prof_data_start                              
ffffffff  __binit__                                         
ffffffff  __c_args__                                        
ffffffff  binit                                             
UNDEFED   SHT$$INIT_ARRAY$$Base                             
UNDEFED   SHT$$INIT_ARRAY$$Limit                            

[875 symbols]
