******************************************************************************
                  TI ARM Linker PC v15.12.1                    
******************************************************************************
>> Linked Thu Mar 24 13:44:39 2016

OUTPUT FILE NAME:   <mqtt_client.out>
ENTRY POINT SYMBOL: "_c_int00"  address: 200148e9


MEMORY CONFIGURATION

         name            origin    length      used     unused   attr    fill
----------------------  --------  ---------  --------  --------  ----  --------
  SRAM_CODE             20004000   00016fff  0001233b  00004cc4  RW X
  SRAM_DATA             2001b000   00015000  0000e538  00006ac8  RW X


SEGMENT ALLOCATION MAP

run origin  load origin   length   init length attrs members
----------  ----------- ---------- ----------- ----- -------
20004000    20004000    00012344   00012344    r-x
  20004000    20004000    00000400   00000400    r-- .intvecs
  20004400    20004400    000112c2   000112c2    r-x .text
  200156c4    200156c4    00000aed   00000aed    r-- .const
  200161b8    200161b8    0000018c   0000018c    r-- .cinit
2001b000    2001b000    00009538   00000000    rw-
  2001b000    2001b000    00008000   00000000    rw- .sysmem
  20023000    20023000    000011a0   00000000    rw- .bss
  200241a0    200241a0    00000398   00000000    rw- .data
2002b000    2002b000    00005000   00000000    rw-
  2002b000    2002b000    00005000   00000000    rw- .stack


SECTION ALLOCATION MAP

 output                                  attributes/
section   page    origin      length       input sections
--------  ----  ----------  ----------   ----------------
.intvecs   0    20004000    00000400     
                  20004000    00000400     startup_ccs.obj (.intvecs)

.init_array 
*          0    20004000    00000000     UNINITIALIZED

.text      0    20004400    000112c2     
                  20004400    000025c4     mqtt.a : mqtt_client.obj (.text)
                  200069c4    000012e0     network_if.obj (.text)
                  20007ca4    0000125c     free_rtos.a : tasks.obj (.text)
                  20008f00    000010fc     rtsv7M4_T_le_eabi.lib : _printfi.obj (.text)
                  20009ffc    00000b24     free_rtos.a : queue.obj (.text)
                  2000ab20    00000a0a     mqtt.a : mqtt_common.obj (.text)
                  2000b52a    00000002     driverlib.a : interrupt.obj (.text:IntDefaultHandler)
                  2000b52c    00000978     mqtt.a : sl_mqtt_client.obj (.text)
                  2000bea4    00000898     CThreadMqttClient.obj (.text)
                  2000c73c    000006bc     mqtt.a : cc31xx_sl_net.obj (.text)
                  2000cdf8    000005ec     simplelink.a : driver.obj (.text:_SlDrvMsgRead)
                  2000d3e4    0000045c     free_rtos.a : osi_freertos.obj (.text)
                  2000d840    000003dc     rtsv7M4_T_le_eabi.lib : memory.obj (.text)
                  2000dc1c    00000394     gpio_if.obj (.text)
                  2000dfb0    00000324     rtsv7M4_T_le_eabi.lib : trgdrv.obj (.text)
                  2000e2d4    0000030c                           : lowlev.obj (.text)
                  2000e5e0    000002fc     main.obj (.text)
                  2000e8dc    00000290     uart_if.obj (.text)
                  2000eb6c    00000248     simplelink.a : driver.obj (.text:_SlDrvRxHdrRead)
                  2000edb4    00000244     CThreadTCPServer.obj (.text)
                  2000eff8    00000244     simplelink.a : wlan.obj (.text:sl_WlanConnect)
                  2000f23c    000001f4     rtsv7M4_T_le_eabi.lib : ull_div_t2.obj (.text)
                  2000f430    000001d0     simplelink.a : driver.obj (.text:_SlDrvReleasePoolObj)
                  2000f600    000001cc                  : driver.obj (.text:_SlDrvMsgWrite)
                  2000f7cc    000001c4     rtsv7M4_T_le_eabi.lib : fopen.obj (.text)
                  2000f990    000001c0     timer_if.obj (.text)
                  2000fb50    000001b6     rtsv7M4_T_le_eabi.lib : fd_add_t2.obj (.text)
                  2000fd06    00000002                           : mpu_init.obj (.text)
                  2000fd08    000001a4     CThreadUDP.obj (.text)
                  2000feac    00000190     simplelink.a : driver.obj (.text:_SlDrvWaitForPoolObj)
                  2001003c    00000178     spawner.obj (.text)
                  200101b4    00000174     simplelink.a : driver.obj (.text:_SlDrvDriverCBInit)
                  20010328    00000170                  : driver.obj (.text:_SlFindAndSetActiveObj)
                  20010498    00000150     button_if.obj (.text)
                  200105e8    00000150     simplelink.a : cc_pal.obj (.text:spi_Open)
                  20010738    0000014c     CThreadTCPClient.obj (.text)
                  20010884    0000013c     simplelink.a : socket.obj (.text:sl_Select)
                  200109c0    00000138                  : socket.obj (.text:sl_Accept)
                  20010af8    00000136     rtsv7M4_T_le_eabi.lib : fd_div_t2.obj (.text)
                  20010c2e    00000002                           : newhandler.obj (.text)
                  20010c30    00000134     driverlib.a : prcm.obj (.text:PRCMCC3200MCUInit)
                  20010d64    00000134     rtsv7M4_T_le_eabi.lib : fputs.obj (.text)
                  20010e98    0000012a     free_rtos.a : list.obj (.text)
                  20010fc2    00000002     rtsv7M4_T_le_eabi.lib : startup.obj (.text)
                  20010fc4    00000128     simplelink.a : driver.obj (.text:_SlDrvDataReadOp)
                  200110ec    00000118                  : socket.obj (.text:sl_SendTo)
                  20011204    00000110     free_rtos.a : port.obj (.text)
                  20011314    0000010c     simplelink.a : socket.obj (.text:sl_RecvFrom)
                  20011420    00000108                  : socket.obj (.text:sl_Connect)
                  20011528    00000108                  : socket.obj (.text:sl_Send)
                  20011630    00000104                  : driver.obj (.text:_SlDrvDataWriteOp)
                  20011734    00000104                  : netapp.obj (.text:sl_NetAppDnsGetHostByName)
                  20011838    000000fe                  : netapp.obj (.text:_SlDrvNetAppEventHandler)
                  20011936    000000fc     rtsv7M4_T_le_eabi.lib : fd_mul_t2.obj (.text)
                  20011a32    00000002     --HOLE-- [fill = 0]
                  20011a34    000000f4     simplelink.a : driver.obj (.text:_SlDrvDriverCBDeinit)
                  20011b28    000000f0     driverlib.a : udma.obj (.text:uDMAChannelTransferSet)
                  20011c18    000000dc     rtsv7M4_T_le_eabi.lib : setvbuf.obj (.text)
                  20011cf4    000000dc     simplelink.a : cc_pal.obj (.text:spi_Read)
                  20011dd0    000000d8                  : driver.obj (.text:_SlDrvClassifyRxMsg)
                  20011ea8    000000d4                  : device.obj (.text:sl_Stop)
                  20011f7c    000000d0     rtsv7M4_T_le_eabi.lib : s_scalbn.obj (.text)
                  2001204c    000000c8     simplelink.a : netapp.obj (.text:_sl_HandleAsync_DnsGetHostByService)
                  20012114    000000c8     rtsv7M4_T_le_eabi.lib : fflush.obj (.text)
                  200121dc    000000c4     simplelink.a : driver.obj (.text:_SlRemoveFromList)
                  200122a0    000000bc                  : driver.obj (.text:_SlDrvMsgReadCmdCtx)
                  2001235c    000000bc     rtsv7M4_T_le_eabi.lib : typeinfo_.obj (.text)
                  20012418    000000bc     simplelink.a : device.obj (.text:sl_Start)
                  200124d4    000000ba     free_rtos.a : portasm.obj (.text)
                  2001258e    00000002     --HOLE-- [fill = 0]
                  20012590    000000b8     simplelink.a : driver.obj (.text:_SlAsyncEventGenericHandler)
                  20012648    000000b4                  : netapp.obj (.text:sl_NetAppMDNSRegisterUnregisterService)
                  200126fc    000000ac     rtsv7M4_T_le_eabi.lib : _io_perm.obj (.text)
                  200127a8    000000a8     driverlib.a : interrupt.obj (.text:IntDisable)
                  20012850    000000a8                 : interrupt.obj (.text:IntEnable)
                  200128f8    000000a8     simplelink.a : netcfg.obj (.text:sl_NetCfgGet)
                  200129a0    000000a0     driverlib.a : spi.obj (.text:SPIConfigSetExpClk)
                  20012a40    0000009c     simplelink.a : driver.obj (.text:_SlDrvMsgReadSpawnCtx)
                  20012adc    0000009c     rtsv7M4_T_le_eabi.lib : memcpy_t2.obj (.text)
                  20012b78    0000009c     simplelink.a : device.obj (.text:sl_DevGet)
                  20012c14    00000098     pinmux.obj (.text)
                  20012cac    00000098     rtsv7M4_T_le_eabi.lib : fclose.obj (.text)
                  20012d44    00000098                           : fputc.obj (.text)
                  20012ddc    00000094     CThreadIO.obj (.text)
                  20012e70    00000094     driverlib.a : prcm.obj (.text:PRCMPeripheralClockGet)
                  20012f04    0000008c     simplelink.a : cc_pal.obj (.text:SetupDMAReceive)
                  20012f90    0000008c                  : cc_pal.obj (.text:SetupDMASend)
                  2001301c    0000008c                  : netapp.obj (.text:_sl_HandleAsync_DnsGetHostByName)
                  200130a8    0000008c                  : netapp.obj (.text:_sl_HandleAsync_PingResponse)
                  20013134    0000008c                  : cc_pal.obj (.text:spi_Write)
                  200131c0    00000088     driverlib.a : pin.obj (.text:PinConfigSet)
                  20013248    00000088     rtsv7M4_T_le_eabi.lib : vsnprintf.obj (.text)
                  200132d0    00000088     simplelink.a : socket.obj (.text:sl_Bind)
                  20013358    00000086     rtsv7M4_T_le_eabi.lib : fd_cmp_t2.obj (.text:__aeabi_cdcmple)
                  200133de    00000086                           : fd_cmp_t2.obj (.text:__aeabi_cdrcmple)
                  20013464    00000084     simplelink.a : cc_pal.obj (.text:NwpPowerOnPreamble)
                  200134e8    00000082     driverlib.a : gpio.obj (.text:GPIOIntTypeSet)
                  2001356a    00000002     --HOLE-- [fill = 0]
                  2001356c    00000080     simplelink.a : driver.obj (.text:_SlDrvCmdOp)
                  200135ec    00000080                  : cc_pal.obj (.text:spi_Read_CPU)
                  2001366c    00000080                  : cc_pal.obj (.text:spi_Write_CPU)
                  200136ec    0000007c     driverlib.a : prcm.obj (.text:PRCMRTCGet)
                  20013768    0000007c     simplelink.a : device.obj (.text:_sl_HandleAsync_InitComplete)
                  200137e4    0000007a     rtsv7M4_T_le_eabi.lib : memset_t2.obj (.text)
                  2001385e    00000002     --HOLE-- [fill = 0]
                  20013860    00000078     simplelink.a : socket.obj (.text:_sl_HandleAsync_Connect)
                  200138d8    00000078                  : cc_pal.obj (.text:spi_Close)
                  20013950    00000076     driverlib.a : uart.obj (.text:UARTConfigSetExpClk)
                  200139c6    00000002     --HOLE-- [fill = 0]
                  200139c8    00000074     simplelink.a : socket.obj (.text:sl_Recv)
                  20013a3c    00000070     rtsv7M4_T_le_eabi.lib : autoinit.obj (.text)
                  20013aac    00000070                           : printf.obj (.text)
                  20013b1c    0000006c     simplelink.a : driver.obj (.text:_SlDrvCmdSend)
                  20013b88    0000006a     rtsv7M4_T_le_eabi.lib : copy_decompress_rle.obj (.text)
                  20013bf2    00000002     --HOLE-- [fill = 0]
                  20013bf4    00000068     driverlib.a : timer.obj (.text:TimerIntUnregister)
                  20013c5c    00000068     simplelink.a : netapp.obj (.text:_sl_NetAppSendTokenValue)
                  20013cc4    00000068     rtsv7M4_T_le_eabi.lib : trgmsg.obj (.text)
                  20013d2c    00000068     simplelink.a : netcfg.obj (.text:sl_NetCfgSet)
                  20013d94    00000068                  : socket.obj (.text:sl_SetSockOpt)
                  20013dfc    00000068                  : wlan.obj (.text:sl_WlanSet)
                  20013e64    00000064     rtsv7M4_T_le_eabi.lib : fseek.obj (.text)
                  20013ec8    00000064     driverlib.a : udma.obj (.text:uDMAChannelAttributeDisable)
                  20013f2c    00000064                 : udma.obj (.text:uDMAChannelAttributeEnable)
                  20013f90    00000060     simplelink.a : socket.obj (.text:_sl_HandleAsync_Accept)
                  20013ff0    00000060     rtsv7M4_T_le_eabi.lib : sprintf.obj (.text)
                  20014050    00000060     simplelink.a : wlan.obj (.text:sl_WlanPolicySet)
                  200140b0    0000005c     rtsv7M4_T_le_eabi.lib : s_frexp.obj (.text)
                  2001410c    0000005c     simplelink.a : socket.obj (.text:sl_Socket)
                  20014168    00000058     driverlib.a : interrupt.obj (.text:IntPendClear)
                  200141c0    00000058                 : prcm.obj (.text:PRCMPeripheralReset)
                  20014218    00000056     rtsv7M4_T_le_eabi.lib : ltoa.obj (.text)
                  2001426e    00000002     --HOLE-- [fill = 0]
                  20014270    00000054     driverlib.a : interrupt.obj (.text:IntPrioritySet)
                  200142c4    00000054     simplelink.a : socket.obj (.text:_sl_HandleAsync_Select)
                  20014318    00000054     rtsv7M4_T_le_eabi.lib : exit.obj (.text)
                  2001436c    00000054     simplelink.a : wlan.obj (.text:sl_WlanRxFilterSet)
                  200143c0    00000050     driverlib.a : prcm.obj (.text:PRCMSlowClkCtrGet)
                  20014410    00000050     simplelink.a : device.obj (.text:_sl_HandleAsync_Stop)
                  20014460    0000004c     CThread.obj (.text)
                  200144ac    0000004c     driverlib.a : spi.obj (.text:SPIIntEnable)
                  200144f8    0000004c     simplelink.a : driver.obj (.text:_SlDrvProtectAsyncRespSetting)
                  20014544    0000004c                  : driver.obj (.text:_SlDrvRxIrqHandler)
                  20014590    0000004c                  : socket.obj (.text:_sl_BuildAddress)
                  200145dc    0000004c     rtsv7M4_T_le_eabi.lib : atoi.obj (.text)
                  20014628    0000004c                           : cpy_tbl.obj (.text)
                  20014674    0000004c     driverlib.a : udma.obj (.text:uDMAChannelAssign)
                  200146c0    00000048                 : spi.obj (.text:SPIIntClear)
                  20014708    00000048     simplelink.a : driver.obj (.text:_SlDrvBasicCmd)
                  20014750    00000048     rtsv7M4_T_le_eabi.lib : fd_toi_t2.obj (.text)
                  20014798    00000044     driverlib.a : spi.obj (.text:SPIDmaMaskGet)
                  200147dc    00000044                 : timer.obj (.text:TimerConfigure)
                  20014820    00000044     simplelink.a : cc_pal.obj (.text:cc_SetupTransfer)
                  20014864    00000042                  : socket.obj (.text:sl_Htonl)
                  200148a6    00000002     --HOLE-- [fill = 0]
                  200148a8    00000040     driverlib.a : pin.obj (.text:PinModeSet)
                  200148e8    00000040     rtsv7M4_T_le_eabi.lib : boot.obj (.text)
                  20014928    00000040                           : strtok.obj (.text)
                  20014968    0000003c     simplelink.a : netapp.obj (.text:CopyPingResultsToReport)
                  200149a4    0000003c     driverlib.a : prcm.obj (.text:PRCMPeripheralClkEnable)
                  200149e0    0000003c     simplelink.a : socket.obj (.text:_sl_TruncatePayloadByProtocol)
                  20014a1c    0000003c                  : socket.obj (.text:sl_Htons)
                  20014a58    0000003c                  : socket.obj (.text:sl_Listen)
                  20014a94    0000003c     driverlib.a : udma.obj (.text:uDMAChannelControlSet)
                  20014ad0    00000038     simplelink.a : cc_pal.obj (.text:NwpPowerOff)
                  20014b08    00000038     free_rtos.a : heap_3.obj (.text)
                  20014b40    00000036     driverlib.a : gpio.obj (.text:GPIODirModeSet)
                  20014b76    00000036     simplelink.a : netapp.obj (.text:sl_NetAppMDNSUnRegisterService)
                  20014bac    00000034     driverlib.a : prcm.obj (.text:PRCMPeripheralStatusGet)
                  20014be0    00000034                 : spi.obj (.text:SPIFIFOLevelSet)
                  20014c14    00000030                 : pin.obj (.text:PinTypeGPIO)
                  20014c44    00000030                 : uart.obj (.text:UARTDisable)
                  20014c74    00000030     simplelink.a : device.obj (.text:_SlDrvDeviceEventHandler)
                  20014ca4    00000030     rtsv7M4_T_le_eabi.lib : new_.obj (.text)
                  20014cd4    00000030                           : strncpy.obj (.text)
                  20014d04    00000030     simplelink.a : socket.obj (.text:sl_Close)
                  20014d34    00000030                  : wlan.obj (.text:sl_WlanProfileDel)
                  20014d64    00000030                  : wlan.obj (.text:sl_WlanSetMode)
                  20014d94    0000002e     rtsv7M4_T_le_eabi.lib : i_tofd_t2.obj (.text)
                  20014dc2    00000002     --HOLE-- [fill = 0]
                  20014dc4    0000002c     simplelink.a : cc_pal.obj (.text:DmaSpiSwIntHandler)
                  20014df0    0000002c                  : cc_pal.obj (.text:NwpPowerOn)
                  20014e1c    0000002c     driverlib.a : prcm.obj (.text:PRCMSysResetCauseGet)
                  20014e48    0000002a                 : timer.obj (.text:TimerLoadSet)
                  20014e72    0000002a                 : timer.obj (.text:TimerPrescaleSet)
                  20014e9c    0000002a     rtsv7M4_T_le_eabi.lib : strspn.obj (.text)
                  20014ec6    00000002     --HOLE-- [fill = 0]
                  20014ec8    00000028     driverlib.a : prcm.obj (.text:IsRTCUsed)
                  20014ef0    00000028                 : prcm.obj (.text:PRCMPeripheralClkDisable)
                  20014f18    00000028     simplelink.a : socket.obj (.text:SL_FD_ISSET)
                  20014f40    00000026                  : cc_pal.obj (.text:NwpRegisterInterruptHandler)
                  20014f66    00000026     rtsv7M4_T_le_eabi.lib : strncmp.obj (.text)
                  20014f8c    00000024     driverlib.a : interrupt.obj (.text:IntUnregister)
                  20014fb0    00000024                 : prcm.obj (.text:RTCU16MSecRegRead)
                  20014fd4    00000024                 : prcm.obj (.text:RTCUseSet)
                  20014ff8    00000024                 : uart.obj (.text:UARTEnable)
                  2001501c    00000024     simplelink.a : driver.obj (.text:_SlDrvProtectionObjLockWaitForever)
                  20015040    00000024     rtsv7M4_T_le_eabi.lib : memmov.obj (.text)
                  20015064    00000024                           : strcspn.obj (.text)
                  20015088    00000022     driverlib.a : gpio.obj (.text:GPIOIntStatus)
                  200150aa    00000022     simplelink.a : socket.obj (.text:SL_FD_SET)
                  200150cc    00000022     driverlib.a : spi.obj (.text:SPIReset)
                  200150ee    00000022                 : spi.obj (.text:SPIWordCountSet)
                  20015110    00000020                 : gpio.obj (.text:GPIOPinWrite)
                  20015130    00000020                 : interrupt.obj (.text:IntRegister)
                  20015150    00000020     simplelink.a : driver.obj (.text:_SlDrvProtectionObjUnLock)
                  20015170    00000020     mqtt.a : cc3200_platform.obj (.text)
                  20015190    00000020     rtsv7M4_T_le_eabi.lib : memchr.obj (.text)
                  200151b0    0000001e     driverlib.a : timer.obj (.text:TimerDisable)
                  200151ce    0000001e                 : timer.obj (.text:TimerEnable)
                  200151ec    0000001e                 : timer.obj (.text:TimerIntStatus)
                  2001520a    0000001e                 : uart.obj (.text:UARTCharPut)
                  20015228    0000001e     simplelink.a : cc_pal.obj (.text:cc_UDMAChannelSelect)
                  20015246    0000001c     driverlib.a : timer.obj (.text:TimerValueGet)
                  20015262    0000001c                 : uart.obj (.text:UARTCharGetNonBlocking)
                  2001527e    0000001c     simplelink.a : driver.obj (.text:_SlDrvObjLockWaitForever)
                  2001529a    0000001c                  : driver.obj (.text:_SlDrvSyncObjWaitForever)
                  200152b6    0000001c     rtsv7M4_T_le_eabi.lib : memccpy.obj (.text)
                  200152d2    00000002     --HOLE-- [fill = 0]
                  200152d4    0000001c     driverlib.a : udma.obj (.text:uDMAChannelEnable)
                  200152f0    0000001a                 : gpio.obj (.text:GPIOIntDisable)
                  2001530a    0000001a                 : gpio.obj (.text:GPIOIntEnable)
                  20015324    0000001a                 : pin.obj (.text:PinTypeUART)
                  2001533e    0000001a                 : spi.obj (.text:SPIDmaDisable)
                  20015358    0000001a                 : spi.obj (.text:SPIDmaEnable)
                  20015372    0000001a                 : spi.obj (.text:SPIFIFODisable)
                  2001538c    0000001a                 : spi.obj (.text:SPIFIFOEnable)
                  200153a6    00000018                 : gpio.obj (.text:GPIOPinRead)
                  200153be    00000018                 : spi.obj (.text:SPICSDisable)
                  200153d6    00000018                 : spi.obj (.text:SPICSEnable)
                  200153ee    00000018                 : spi.obj (.text:SPIDisable)
                  20015406    00000018                 : spi.obj (.text:SPIEnable)
                  2001541e    00000018                 : timer.obj (.text:TimerIntDisable)
                  20015436    00000018                 : timer.obj (.text:TimerIntEnable)
                  2001544e    00000018                 : uart.obj (.text:UARTCharsAvail)
                  20015466    00000018     simplelink.a : driver.obj (.text:_SlDrvObjUnLock)
                  2001547e    00000018                  : driver.obj (.text:_SlDrvSyncObjSignal)
                  20015496    00000002     --HOLE-- [fill = 0]
                  20015498    00000018                  : device.obj (.text:_sl_GetStartResponseConvert)
                  200154b0    00000018     rtsv7M4_T_le_eabi.lib : args_main.obj (.text)
                  200154c8    00000018                           : strcmp.obj (.text)
                  200154e0    00000016     driverlib.a : prcm.obj (.text:PRCMHIBRegRead)
                  200154f6    00000016                 : prcm.obj (.text:PRCMHIBRegWrite)
                  2001550c    00000016     simplelink.a : driver.obj (.text:_SlDrvMemZero)
                  20015522    00000016     CThreadTCPServer.obj (.text:_ZN16CThreadTCPClient7SetFreeEb)
                  20015538    00000016     rtsv7M4_T_le_eabi.lib : strchr.obj (.text)
                  2001554e    00000014     driverlib.a : cpu.obj (.text:CPUcpsie)
                  20015562    00000014                 : gpio.obj (.text:GPIOIntClear)
                  20015576    00000002     --HOLE-- [fill = 0]
                  20015578    00000014                 : interrupt.obj (.text:IntVTableBaseSet)
                  2001558c    00000014     CThreadTCPServer.obj (.text:_ZN16CThreadTCPClient18SetSemaphoreHandleEPv)
                  200155a0    00000014     rtsv7M4_T_le_eabi.lib : _lock.obj (.text)
                  200155b4    00000014                           : strcpy.obj (.text)
                  200155c8    00000014                           : strlen.obj (.text)
                  200155dc    00000012     driverlib.a : timer.obj (.text:TimerIntClear)
                  200155ee    00000012     CThreadTCPServer.obj (.text:_ZN16CThreadTCPClient9SetSocketEi)
                  20015600    00000012     spawner.obj (.text:_ZN7CThread6CreateEPv)
                  20015612    00000002     --HOLE-- [fill = 0]
                  20015614    00000010     driverlib.a : prcm.obj (.text:RTCU32SecRegRead)
                  20015624    00000010     simplelink.a : socket.obj (.text:SL_FD_ZERO)
                  20015634    0000000e                  : driver.obj (.text:_SlDrvResetCmdExt)
                  20015642    0000000e     CThreadTCPServer.obj (.text:_ZN16CThreadTCPClient6IsFreeEv)
                  20015650    0000000e     rtsv7M4_T_le_eabi.lib : copy_decompress_none.obj (.text:decompress:none)
                  2001565e    0000000e     startup_ccs.obj (.text)
                  2001566c    0000000c     simplelink.a : cc_pal.obj (.text:NwpMaskInterrupt)
                  20015678    0000000c                  : cc_pal.obj (.text:NwpUnMaskInterrupt)
                  20015684    0000000c                  : wlan.obj (.text:sl_WlanDisconnect)
                  20015690    0000000a     driverlib.a : interrupt.obj (.text:IntMasterEnable)
                  2001569a    00000008                 : prcm.obj (.text:PRCMRTCInUseSet)
                  200156a2    00000008     rtsv7M4_T_le_eabi.lib : delete.obj (.text)
                  200156aa    00000008                           : s_copysign.obj (.text)
                  200156b2    00000006     driverlib.a : utils.obj (.text:UtilsDelay)
                  200156b8    00000006     rtsv7M4_T_le_eabi.lib : copy_decompress_rle.obj (.text:decompress:rle24)
                  200156be    00000004                           : pre_init.obj (.text)

.const     0    200156c4    00000aed     
                  200156c4    00000114     CThreadMqttClient.obj (.const:.string)
                  200157d8    00000101     rtsv7M4_T_le_eabi.lib : ctype.obj (.const:.string:_ctypes_)
                  200158d9    00000003     mqtt.a : sl_mqtt_client.obj (.const)
                  200158dc    00000100     driverlib.a : pin.obj (.const:g_ulPinToPadMap)
                  200159dc    000000d4                 : interrupt.obj (.const:g_pulRegs)
                  20015ab0    000000b0     simplelink.a : wlan.obj (.const:$P$T0$1)
                  20015b60    000000a8     driverlib.a : prcm.obj (.const:PRCM_PeriphRegsList)
                  20015c08    00000080                 : interrupt.obj (.const)
                  20015c88    0000003c     simplelink.a : driver.obj (.const:OpcodeTranslateTable)
                  20015cc4    0000003c                  : wlan.obj (.const)
                  20015d00    00000038                  : driver.obj (.const:_SlActionLookupTable)
                  20015d38    00000034                  : driver.obj (.const)
                  20015d6c    00000034                  : socket.obj (.const)
                  20015da0    0000002c     network_if.obj (.const:$P$T1$2)
                  20015dcc    00000028     rtsv7M4_T_le_eabi.lib : typeinfo_.obj (.const:.typeinfo:_ZTSN10__cxxabiv123__fundamental_type_infoE)
                  20015df4    00000028     simplelink.a : netapp.obj (.const)
                  20015e1c    00000025     rtsv7M4_T_le_eabi.lib : typeinfo_.obj (.const:.typeinfo:_ZTSN10__cxxabiv120__si_class_type_infoE)
                  20015e41    00000024                           : typeinfo_.obj (.const:.typeinfo:_ZTSN10__cxxabiv119__pointer_type_infoE)
                  20015e65    00000022     network_if.obj (.const:.string:$P$T0$1)
                  20015e87    00000022     rtsv7M4_T_le_eabi.lib : typeinfo_.obj (.const:.typeinfo:_ZTSN10__cxxabiv117__class_type_infoE)
                  20015ea9    00000022                           : typeinfo_.obj (.const:.typeinfo:_ZTSN10__cxxabiv117__pbase_type_infoE)
                  20015ecb    00000001     --HOLE-- [fill = 0]
                  20015ecc    00000020     mqtt.a : cc31xx_sl_net.obj (.const)
                  20015eec    00000018     CThreadUDP.obj (.const:_ZTV10CThreadUDP)
                  20015f04    00000018     CThreadTCPClient.obj (.const:_ZTV16CThreadTCPClient)
                  20015f1c    00000018     CThreadTCPServer.obj (.const:_ZTV16CThreadTCPServer)
                  20015f34    00000018     CThreadMqttClient.obj (.const:_ZTV17CThreadMqttClient)
                  20015f4c    00000018     CThread.obj (.const:_ZTV7CThread)
                  20015f64    00000018     CThreadIO.obj (.const:_ZTV9CThreadIO)
                  20015f7c    00000018     driverlib.a : spi.obj (.const)
                  20015f94    00000017     network_if.obj (.const:.string:$P$T5$6)
                  20015fab    00000016     network_if.obj (.const:.string:$P$T3$4)
                  20015fc1    00000015     network_if.obj (.const:.string:$P$T4$5)
                  20015fd6    00000015     network_if.obj (.const:.string:$P$T7$8)
                  20015feb    00000014     network_if.obj (.const:$P$T2$3)
                  20015fff    00000014     CThreadMqttClient.obj (.const:.typeinfo:_ZTS17CThreadMqttClient)
                  20016013    00000001     --HOLE-- [fill = 0]
                  20016014    00000014     simplelink.a : device.obj (.const)
                  20016028    00000013     CThreadTCPClient.obj (.const:.typeinfo:_ZTS16CThreadTCPClient)
                  2001603b    00000013     CThreadTCPServer.obj (.const:.typeinfo:_ZTS16CThreadTCPServer)
                  2001604e    00000002     rtsv7M4_T_le_eabi.lib : typeinfo_.obj (.const:.typeinfo:_ZTSe)
                  20016050    00000010     network_if.obj (.const:$P$T6$7)
                  20016060    00000010     simplelink.a : socket.obj (.const:.string)
                  20016070    00000010     rtsv7M4_T_le_eabi.lib : typeinfo_.obj (.const:.typeinfo:_ZTIPKe)
                  20016080    00000010                           : typeinfo_.obj (.const:_ZTVN10__cxxabiv117__class_type_infoE)
                  20016090    00000010                           : typeinfo_.obj (.const:_ZTVN10__cxxabiv119__pointer_type_infoE)
                  200160a0    00000010                           : typeinfo_.obj (.const:_ZTVN10__cxxabiv120__si_class_type_infoE)
                  200160b0    00000010                           : typeinfo_.obj (.const:_ZTVN10__cxxabiv123__fundamental_type_infoE)
                  200160c0    0000000d     CThreadUDP.obj (.const:.typeinfo:_ZTS10CThreadUDP)
                  200160cd    0000000d     rtsv7M4_T_le_eabi.lib : typeinfo_.obj (.const:.typeinfo:_ZTSSt9type_info)
                  200160da    00000002     --HOLE-- [fill = 0]
                  200160dc    0000000c     CThreadUDP.obj (.const:.typeinfo:_ZTI10CThreadUDP)
                  200160e8    0000000c     CThreadTCPClient.obj (.const:.typeinfo:_ZTI16CThreadTCPClient)
                  200160f4    0000000c     CThreadTCPServer.obj (.const:.typeinfo:_ZTI16CThreadTCPServer)
                  20016100    0000000c     CThreadMqttClient.obj (.const:.typeinfo:_ZTI17CThreadMqttClient)
                  2001610c    0000000c     CThreadIO.obj (.const:.typeinfo:_ZTI9CThreadIO)
                  20016118    0000000c     rtsv7M4_T_le_eabi.lib : typeinfo_.obj (.const:.typeinfo:_ZTIN10__cxxabiv117__class_type_infoE)
                  20016124    0000000c                           : typeinfo_.obj (.const:.typeinfo:_ZTIN10__cxxabiv117__pbase_type_infoE)
                  20016130    0000000c                           : typeinfo_.obj (.const:.typeinfo:_ZTIN10__cxxabiv119__pointer_type_infoE)
                  2001613c    0000000c                           : typeinfo_.obj (.const:.typeinfo:_ZTIN10__cxxabiv120__si_class_type_infoE)
                  20016148    0000000c                           : typeinfo_.obj (.const:.typeinfo:_ZTIN10__cxxabiv123__fundamental_type_infoE)
                  20016154    0000000b     mqtt.a : mqtt_client.obj (.const:.string)
                  2001615f    0000000b     network_if.obj (.const:.string:pcDigits)
                  2001616a    0000000b     CThreadIO.obj (.const:.typeinfo:_ZTS9CThreadIO)
                  20016175    00000009     CThread.obj (.const:.typeinfo:_ZTS7CThread)
                  2001617e    00000008     simplelink.a : device.obj (.const:.string)
                  20016186    00000002     --HOLE-- [fill = 0]
                  20016188    00000008     CThread.obj (.const:.typeinfo:_ZTI7CThread)
                  20016190    00000008     rtsv7M4_T_le_eabi.lib : typeinfo_.obj (.const:.typeinfo:_ZTISt9type_info)
                  20016198    00000008                           : typeinfo_.obj (.const:.typeinfo:_ZTIe)
                  200161a0    00000008     simplelink.a : netcfg.obj (.const)
                  200161a8    00000005     main.obj (.const:.string:$P$T0$1)
                  200161ad    00000004     rtsv7M4_T_le_eabi.lib : typeinfo_.obj (.const:.typeinfo:_ZTSPKe)

.cinit     0    200161b8    0000018c     
                  200161b8    00000165     (.cinit..data.load) [load image, compression = rle]
                  2001631d    00000003     --HOLE-- [fill = 0]
                  20016320    0000000b     (.cinit..bss.load) [load image, compression = rle]
                  2001632b    00000001     --HOLE-- [fill = 0]
                  2001632c    00000008     (__TI_handler_table)
                  20016334    00000010     (__TI_cinit_table)

.sysmem    0    2001b000    00008000     UNINITIALIZED
                  2001b000    00000008     rtsv7M4_T_le_eabi.lib : memory.obj (.sysmem)
                  2001b008    00007ff8     --HOLE--

.bss       0    20023000    000011a0     UNINITIALIZED
                  20023000    00000800     mqtt.a : sl_mqtt_client.obj (.bss:buf_vec)
                  20023800    000002d0            : mqtt_client.obj (.bss:clients)
                  20023ad0    00000178     simplelink.a : driver.obj (.bss:g_StatMem)
                  20023c48    00000120     rtsv7M4_T_le_eabi.lib : trgmsg.obj (.bss:_CIOBUF_)
                  20023d68    000000f0     mqtt.a : sl_mqtt_client.obj (.bss:sl_cli_ctx)
                  20023e58    000000c8     free_rtos.a : tasks.obj (.bss:pxReadyTasksLists)
                  20023f20    000000a0     (.common:__TI_tmpnams)
                  20023fc0    00000050     simplelink.a : cc_pal.obj (.bss:g_ucDinDout)
                  20024010    00000050     free_rtos.a : queue.obj (.bss:xQueueRegistry)
                  20024060    00000048     mqtt.a : sl_mqtt_client.obj (.bss:mqp_vec)
                  200240a8    00000024     (.common:g_ucConnectionSSID)
                  200240cc    00000018     (.common:recv_hvec)
                  200240e4    00000014     (.common:xDelayedTaskList1)
                  200240f8    00000014     (.common:xDelayedTaskList2)
                  2002410c    00000014     (.common:xPendingReadyList)
                  20024120    00000014     (.common:xSuspendedTaskList)
                  20024134    00000014     (.common:xTasksWaitingTermination)
                  20024148    00000008     rtsv7M4_T_le_eabi.lib : trgdrv.obj (.bss:parmbuf)
                  20024150    00000008     (.common:g_ucConnectionBSSID)
                  20024158    00000004     uart_if.obj (.bss)
                  2002415c    00000004     (.common:DMAMsgQ)
                  20024160    00000004     (.common:_ZSt16__dummy_typeinfo)
                  20024164    00000004     (.common:g_S2InterruptHdl)
                  20024168    00000004     (.common:g_S3InterruptHdl)
                  2002416c    00000004     (.common:g_cDummy)
                  20024170    00000004     (.common:g_rx_task_hndl)
                  20024174    00000004     (.common:g_rx_tx_sync_obj)
                  20024178    00000004     (.common:g_wait_secs)
                  2002417c    00000004     (.common:ioThread)
                  20024180    00000004     (.common:mqttThread)
                  20024184    00000004     (.common:mqtt_lib_lockobj)
                  20024188    00000004     (.common:pxDelayedTaskList)
                  2002418c    00000004     (.common:pxOverflowDelayedTaskList)
                  20024190    00000004     (.common:tcpServerThread)
                  20024194    00000004     (.common:udpThread)
                  20024198    00000002     (.common:g_usConnectIndex)
                  2002419a    00000002     (.common:g_usTimerInts)
                  2002419c    00000001     (.common:RxIrqCnt)
                  2002419d    00000001     (.common:g_ucLED1Pin)
                  2002419e    00000001     (.common:g_ucLED2Pin)
                  2002419f    00000001     (.common:g_ucLED3Pin)

.data      0    200241a0    00000398     UNINITIALIZED
                  200241a0    000000f0     rtsv7M4_T_le_eabi.lib : defs.obj (.data:_ftable)
                  20024290    000000d0                           : lowlev.obj (.data:$O1$$)
                  20024360    00000064     CThreadMqttClient.obj (.data:_ZN17CThreadMqttClient18usr_connect_configE)
                  200243c4    0000004c     mqtt.a : mqtt_client.obj (.data)
                  20024410    00000034     free_rtos.a : tasks.obj (.data)
                  20024444    00000028     mqtt.a : sl_mqtt_client.obj (.data:net)
                  2002446c    00000014     CThreadMqttClient.obj (.data:_ZN17CThreadMqttClient11Mqtt_ClientE)
                  20024480    00000014     gpio_if.obj (.data:ulReg)
                  20024494    00000010     CThreadMqttClient.obj (.data)
                  200244a4    00000010     rtsv7M4_T_le_eabi.lib : defs.obj (.data)
                  200244b4    0000000c                           : exit.obj (.data:$O1$$)
                  200244c0    0000000c                           : memory.obj (.data:$O1$$)
                  200244cc    0000000c     main.obj (.data:SecurityParams)
                  200244d8    0000000c     free_rtos.a : osi_freertos.obj (.data)
                  200244e4    0000000c     gpio_if.obj (.data)
                  200244f0    0000000c     network_if.obj (.data)
                  200244fc    00000009     simplelink.a : cc_pal.obj (.data)
                  20024505    00000001     mqtt.a : sl_mqtt_client.obj (.data)
                  20024506    00000002     --HOLE--
                  20024508    00000009     simplelink.a : driver.obj (.data)
                  20024511    00000003     --HOLE--
                  20024514    00000008     rtsv7M4_T_le_eabi.lib : _lock.obj (.data:$O1$$)
                  2002451c    00000004     CThread.obj (.data)
                  20024520    00000004     free_rtos.a : port.obj (.data)
                  20024524    00000004     rtsv7M4_T_le_eabi.lib : errno.obj (.data)
                  20024528    00000004                           : fopen.obj (.data)
                  2002452c    00000004                           : stkdepth_vars.obj (.data)
                  20024530    00000004                           : strtok.obj (.data)
                  20024534    00000004                           : vars.obj (.data)

.stack     0    2002b000    00005000     UNINITIALIZED
                  2002b000    00005000     --HOLE--

MODULE SUMMARY

       Module                     code    ro data   rw data
       ------                     ----    -------   -------
    .\
       network_if.obj             4832    212       58     
       CThreadMqttClient.obj      2200    332       136    
       startup_ccs.obj            14      1024      0      
       gpio_if.obj                916     0         35     
       main.obj                   764     5         14     
       CThreadTCPServer.obj       654     55        16     
       uart_if.obj                656     0         4      
       CThreadUDP.obj             420     49        0      
       timer_if.obj               448     0         0      
       spawner.obj                394     0         0      
       CThreadTCPClient.obj       332     55        0      
       button_if.obj              336     0         8      
       CThreadIO.obj              148     47        0      
       pinmux.obj                 152     0         0      
       CThread.obj                76      41        4      
    +--+--------------------------+-------+---------+---------+
       Total:                     12342   1820      275    
                                                           
    C:/TI/CC3200SDK_1.1.0/cc3200-sdk/example/mqtt_client/ccs/../../../driverlib/ccs/Release/driverlib.a
       prcm.obj                   1124    168       0      
       interrupt.obj              608     340       0      
       spi.obj                    696     24        0      
       udma.obj                   604     0         0      
       pin.obj                    274     256       0      
       timer.obj                  440     0         0      
       gpio.obj                   346     0         0      
       uart.obj                   284     0         0      
       cpu.obj                    20      0         0      
       utils.obj                  6       0         0      
    +--+--------------------------+-------+---------+---------+
       Total:                     4402    788       0      
                                                           
    C:/TI/CC3200SDK_1.1.0/cc3200-sdk/example/mqtt_client/ccs/../../../netapps/mqtt/ccs/client/mqtt.a
       mqtt_client.obj            9668    11        820    
       sl_mqtt_client.obj         2424    3         2417   
       mqtt_common.obj            2570    0         0      
       cc31xx_sl_net.obj          1724    32        0      
       cc3200_platform.obj        32      0         0      
    +--+--------------------------+-------+---------+---------+
       Total:                     16418   46        3237   
                                                           
    C:/TI/CC3200SDK_1.1.0/cc3200-sdk/example/mqtt_client/ccs/../../../oslib/ccs/free_rtos/free_rtos.a
       tasks.obj                  4700    0         360    
       queue.obj                  2852    0         80     
       osi_freertos.obj           1116    0         12     
       list.obj                   298     0         0      
       port.obj                   272     0         4      
       portasm.obj                186     0         0      
       heap_3.obj                 56      0         0      
    +--+--------------------------+-------+---------+---------+
       Total:                     9480    0         456    
                                                           
    C:/TI/CC3200SDK_1.1.0/cc3200-sdk/example/mqtt_client/ccs/../../../simplelink/ccs/OS/simplelink.a
       driver.obj                 6572    168       386    
       socket.obj                 2912    68        0      
       cc_pal.obj                 1788    0         97     
       netapp.obj                 1392    40        0      
       wlan.obj                   972     236       0      
       device.obj                 832     28        0      
       netcfg.obj                 272     8         0      
    +--+--------------------------+-------+---------+---------+
       Total:                     14740   548       483    
                                                           
    C:\TI\ccsv6\tools\compiler\ti-cgt-arm_15.12.1.LTS\lib\rtsv7M4_T_le_eabi.lib
       _printfi.obj               4348    0         0      
       memory.obj                 988     0         12     
       lowlev.obj                 780     0         208    
       trgdrv.obj                 804     0         8      
       typeinfo_.obj              188     356       4      
       ull_div_t2.obj             500     0         0      
       fopen.obj                  452     0         4      
       fd_add_t2.obj              438     0         0      
       defs.obj                   0       0         416    
       trgmsg.obj                 104     0         288    
       fd_div_t2.obj              310     0         0      
       fputs.obj                  308     0         0      
       fd_cmp_t2.obj              268     0         0      
       ctype.obj                  0       257       0      
       fd_mul_t2.obj              252     0         0      
       setvbuf.obj                220     0         0      
       s_scalbn.obj               208     0         0      
       fflush.obj                 200     0         0      
       _io_perm.obj               172     0         0      
       memcpy_t2.obj              156     0         0      
       fclose.obj                 152     0         0      
       fputc.obj                  152     0         0      
       vsnprintf.obj              136     0         0      
       memset_t2.obj              122     0         0      
       autoinit.obj               112     0         0      
       copy_decompress_rle.obj    112     0         0      
       printf.obj                 112     0         0      
       fseek.obj                  100     0         0      
       exit.obj                   84      0         12     
       sprintf.obj                96      0         0      
       s_frexp.obj                92      0         0      
       ltoa.obj                   86      0         0      
       atoi.obj                   76      0         0      
       cpy_tbl.obj                76      0         0      
       fd_toi_t2.obj              72      0         0      
       strtok.obj                 64      0         4      
       boot.obj                   64      0         0      
       new_.obj                   48      0         0      
       strncpy.obj                48      0         0      
       i_tofd_t2.obj              46      0         0      
       strspn.obj                 42      0         0      
       strncmp.obj                38      0         0      
       memmov.obj                 36      0         0      
       strcspn.obj                36      0         0      
       memchr.obj                 32      0         0      
       _lock.obj                  20      0         8      
       memccpy.obj                28      0         0      
       args_main.obj              24      0         0      
       strcmp.obj                 24      0         0      
       strchr.obj                 22      0         0      
       strcpy.obj                 20      0         0      
       strlen.obj                 20      0         0      
       copy_decompress_none.obj   14      0         0      
       delete.obj                 8       0         0      
       s_copysign.obj             8       0         0      
       errno.obj                  0       0         4      
       pre_init.obj               4       0         0      
       stkdepth_vars.obj          0       0         4      
       vars.obj                   0       0         4      
       mpu_init.obj               2       0         0      
       newhandler.obj             2       0         0      
       startup.obj                2       0         0      
    +--+--------------------------+-------+---------+---------+
       Total:                     12928   613       976    
                                                           
       Heap:                      0       0         32768  
       Stack:                     0       0         20480  
       Linker Generated:          0       392       0      
    +--+--------------------------+-------+---------+---------+
       Grand Total:               70310   4207      58675  


LINKER GENERATED COPY TABLES

__TI_cinit_table @ 20016334 records: 2, size/record: 8, table size: 16
	.data: load addr=200161b8, load size=00000165 bytes, run addr=200241a0, run size=00000398 bytes, compression=rle
	.bss: load addr=20016320, load size=0000000b bytes, run addr=20023000, run size=000011a0 bytes, compression=rle


LINKER GENERATED HANDLER TABLE

__TI_handler_table @ 2001632c records: 2, size/record: 4, table size: 8
	index: 0, handler: __TI_decompress_rle24
	index: 1, handler: __TI_decompress_none


GLOBAL SYMBOLS: SORTED ALPHABETICALLY BY Name 

address   name                                              
-------   ----                                              
2000e651  BoardInit                                         
2001058d  Button_IF_DisableInterrupt                        
2001053d  Button_IF_EnableInterrupt                         
200104d9  Button_IF_Init                                    
20014319  C$$EXIT                                           
20013cf3  C$$IO$$                                           
2001554f  CPUcpsie                                          
2000e91d  ClearTerm                                         
20007101  ConfigureSimpleLinkToDefaultState                 
20014969  CopyPingResultsToReport                           
2002415c  DMAMsgQ                                           
20014dc5  DmaSpiSwIntHandler                                
2000e927  Error                                             
20014b41  GPIODirModeSet                                    
20015563  GPIOIntClear                                      
200152f1  GPIOIntDisable                                    
2001530b  GPIOIntEnable                                     
20015089  GPIOIntStatus                                     
200134e9  GPIOIntTypeSet                                    
200153a7  GPIOPinRead                                       
20015111  GPIOPinWrite                                      
2000dedd  GPIO_IF_ConfigureNIntEnable                       
2000df59  GPIO_IF_Get                                       
2000de97  GPIO_IF_GetPortNPin                               
2000dc59  GPIO_IF_LedConfigure                              
2000dd4b  GPIO_IF_LedOff                                    
2000dc97  GPIO_IF_LedOn                                     
2000ddff  GPIO_IF_LedStatus                                 
2000de69  GPIO_IF_LedToggle                                 
2000df1f  GPIO_IF_Set                                       
200104b9  GPIOs2IntHandler                                  
20010499  GPIOs3IntHandler                                  
2000e95f  GetCmd                                            
2000e287  HOSTclock                                         
2000e24f  HOSTclose                                         
2000e211  HOSTgetenv                                        
2000e1b5  HOSTlseek                                         
2000e163  HOSTopen                                          
2000e117  HOSTread                                          
2000e0b9  HOSTrename                                        
2000e07f  HOSTtime                                          
2000e035  HOSTtime64                                        
2000dffd  HOSTunlink                                        
2000dfb1  HOSTwrite                                         
2000e8dd  InitTerm                                          
200070c5  InitializeAppVariables                            
200127a9  IntDisable                                        
20012851  IntEnable                                         
20015691  IntMasterEnable                                   
20014169  IntPendClear                                      
20014271  IntPrioritySet                                    
20015131  IntRegister                                       
20014f8d  IntUnregister                                     
20015579  IntVTableBaseSet                                  
2000e615  LedTimerConfigNStart                              
2000e63d  LedTimerDeinitStop                                
2000e8fb  Message                                           
200077a5  Network_IF_ConnectAP                              
20007aa9  Network_IF_CurrentMCUState                        
20007605  Network_IF_DeInitDriver                           
20007983  Network_IF_DisconnectFromAP                       
20007a35  Network_IF_GetHostIP                              
200074a1  Network_IF_InitDriver                             
200079c1  Network_IF_IpConfigGet                            
20007aa1  Network_IF_ResetMCUStateMachine                   
20007aaf  Network_IF_SetMCUMachineState                     
20007acb  Network_IF_UnsetMCUMachineState                   
2001566d  NwpMaskInterrupt                                  
20014ad1  NwpPowerOff                                       
20014df1  NwpPowerOn                                        
20013465  NwpPowerOnPreamble                                
20014f41  NwpRegisterInterruptHandler                       
20015679  NwpUnMaskInterrupt                                
20015c88  OpcodeTranslateTable                              
20010c31  PRCMCC3200MCUInit                                 
200154e1  PRCMHIBRegRead                                    
200154f7  PRCMHIBRegWrite                                   
20014ef1  PRCMPeripheralClkDisable                          
200149a5  PRCMPeripheralClkEnable                           
20012e71  PRCMPeripheralClockGet                            
200141c1  PRCMPeripheralReset                               
20014bad  PRCMPeripheralStatusGet                           
200136ed  PRCMRTCGet                                        
2001569b  PRCMRTCInUseSet                                   
200143c1  PRCMSlowClkCtrGet                                 
20014e1d  PRCMSysResetCauseGet                              
200131c1  PinConfigSet                                      
200148a9  PinModeSet                                        
20012c15  PinMuxConfig                                      
20014c15  PinTypeGPIO                                       
20015325  PinTypeUART                                       
2000eaad  Report                                            
2001565f  ResetISR                                          
2002419c  RxIrqCnt                                          
20015d48  RxMsgClassLUT                                     
UNDEFED   SHT$$INIT_ARRAY$$Base                             
UNDEFED   SHT$$INIT_ARRAY$$Limit                            
20014f19  SL_FD_ISSET                                       
200150ab  SL_FD_SET                                         
20015625  SL_FD_ZERO                                        
200153bf  SPICSDisable                                      
200153d7  SPICSEnable                                       
200129a1  SPIConfigSetExpClk                                
200153ef  SPIDisable                                        
2001533f  SPIDmaDisable                                     
20015359  SPIDmaEnable                                      
20015407  SPIEnable                                         
20015373  SPIFIFODisable                                    
2001538d  SPIFIFOEnable                                     
20014be1  SPIFIFOLevelSet                                   
200146c1  SPIIntClear                                       
200144ad  SPIIntEnable                                      
200150cd  SPIReset                                          
200150ef  SPIWordCountSet                                   
200244cc  SecurityParams                                    
20006c19  SimpleLinkGeneralEventHandler                     
20006e77  SimpleLinkHttpServerCallback                      
20006ba1  SimpleLinkNetAppEventHandler                      
20006c39  SimpleLinkSockEventHandler                        
200069dd  SimpleLinkWlanEventHandler                        
2000e68f  SpawnThread                                       
2001617e  StartResponseLUT                                  
200147dd  TimerConfigure                                    
200151b1  TimerDisable                                      
200151cf  TimerEnable                                       
200155dd  TimerIntClear                                     
2001541f  TimerIntDisable                                   
20015437  TimerIntEnable                                    
200151ed  TimerIntStatus                                    
20013bf5  TimerIntUnregister                                
20014e49  TimerLoadSet                                      
2000e5e1  TimerPeriodicIntHandler                           
20014e73  TimerPrescaleSet                                  
20015247  TimerValueGet                                     
2000fafd  Timer_IF_DeInit                                   
2000fb2f  Timer_IF_GetCount                                 
2000fa11  Timer_IF_Init                                     
2000fa43  Timer_IF_IntSetup                                 
2000fab5  Timer_IF_InterruptClear                           
2000fb17  Timer_IF_ReLoad                                   
2000facd  Timer_IF_Start                                    
2000faed  Timer_IF_Stop                                     
2000ea15  TrimSpace                                         
20015263  UARTCharGetNonBlocking                            
2001520b  UARTCharPut                                       
2001544f  UARTCharsAvail                                    
20013951  UARTConfigSetExpClk                               
20014c45  UARTDisable                                       
20014ff9  UARTEnable                                        
200156b3  UtilsDelay                                        
2000d6ad  VDeleteSimpleLinkSpawnTask                        
2000b6d7  VMqttRecvTask                                     
2000d65d  VStartSimpleLinkSpawnTask                         
20015d80  _SlAcceptCmdCtrl                                  
20015d00  _SlActionLookupTable                              
20012591  _SlAsyncEventGenericHandler                       
20016020  _SlDeviceGetCmdCtrl                               
20016024  _SlDeviceSetCmdCtrl                               
20014709  _SlDrvBasicCmd                                    
20011dd1  _SlDrvClassifyRxMsg                               
2001356d  _SlDrvCmdOp                                       
20013b1d  _SlDrvCmdSend                                     
20010fc5  _SlDrvDataReadOp                                  
20011631  _SlDrvDataWriteOp                                 
20014c75  _SlDrvDeviceEventHandler                          
20011a35  _SlDrvDriverCBDeinit                              
200101b5  _SlDrvDriverCBInit                                
2001550d  _SlDrvMemZero                                     
2000cdf9  _SlDrvMsgRead                                     
200122a1  _SlDrvMsgReadCmdCtx                               
20012a41  _SlDrvMsgReadSpawnCtx                             
2000f601  _SlDrvMsgWrite                                    
20011839  _SlDrvNetAppEventHandler                          
2001527f  _SlDrvObjLockWaitForever                          
20015467  _SlDrvObjUnLock                                   
200144f9  _SlDrvProtectAsyncRespSetting                     
2001501d  _SlDrvProtectionObjLockWaitForever                
20015151  _SlDrvProtectionObjUnLock                         
2000f431  _SlDrvReleasePoolObj                              
20015635  _SlDrvResetCmdExt                                 
2000eb6d  _SlDrvRxHdrRead                                   
20014545  _SlDrvRxIrqHandler                                
2001547f  _SlDrvSyncObjSignal                               
2001529b  _SlDrvSyncObjWaitForever                          
2000fead  _SlDrvWaitForPoolObj                              
2001601c  _SlEventMaskGetCmdCtrl                            
20016018  _SlEventMaskSetCmdCtrl                            
20010329  _SlFindAndSetActiveObj                            
20015e08  _SlGetHostByNameCtrl                              
20015e04  _SlGetHostByServiceCtrl                           
20015dfc  _SlGetServiceListeCtrl                            
20015d8c  _SlGetSockOptCmdCtrl                              
20015d7c  _SlListenCmdCtrl                                  
20015e14  _SlNetAppGetCmdCtrl                               
20015e10  _SlNetAppSendTokenValueCmdCtrl                    
20015e0c  _SlNetAppSetCmdCtrl                               
20015df4  _SlNetAppStartCtrl                                
20015df8  _SlNetAppStopCtrl                                 
200161a4  _SlNetCfgGetCmdCtrl                               
200161a0  _SlNetCfgSetCmdCtrl                               
20016060  _SlPayloadByProtocolLUT                           
20015cc8  _SlPolicyGetCmdCtrl                               
20015cc4  _SlPolicySetCmdCtrl                               
20015cd0  _SlProfileDelCmdCtrl                              
20015ccc  _SlProfileGetCmdCtrl                              
20015d84  _SlRecvCmdCtrl                                    
20015d74  _SlRecvfomCmdCtrl                                 
20015e00  _SlRegisterServiceCtrl                            
200121dd  _SlRemoveFromList                                 
20015cd8  _SlRxFilterAddtCmdCtrl                            
20015ce0  _SlRxFilterGetCmdCtrl                             
20015cdc  _SlRxFilterSetCmdCtrl                             
20015d90  _SlSelectCmdCtrl                                  
20015d78  _SlSendCmdCtrl                                    
20015d88  _SlSetSockOptCmdCtrl                              
20015ce4  _SlSmartConfigStartCmdCtrl                        
20015d70  _SlSockCloseCmdCtrl                               
20015d6c  _SlSockSocketCmdCtrl                              
20016014  _SlStopCmdCtrl                                    
20015cf0  _SlWlanCfgGetCmdCtrl                              
20015cec  _SlWlanCfgSetCmdCtrl                              
20015cd4  _SlWlanGetNetworkListCtrl                         
20015ce8  _SlWlanSetModeCmdCtrl                             
20010c2f  _Z21__default_new_handlerv                        
2000fd49  _ZN10CThreadUDP3RunEv                             
2000fd09  _ZN10CThreadUDPC1Ei                               
2000fd09  _ZN10CThreadUDPC2Ei                               
2000fd33  _ZN10CThreadUDPD0Ev                               
2000fd25  _ZN10CThreadUDPD1Ev                               
2000fd25  _ZN10CThreadUDPD2Ev                               
20012409  _ZN10__cxxabiv116__enum_type_infoD0Ev             
20012407  _ZN10__cxxabiv116__enum_type_infoD1Ev             
20012407  _ZN10__cxxabiv116__enum_type_infoD2Ev             
200123ff  _ZN10__cxxabiv117__array_type_infoD0Ev            
200123fd  _ZN10__cxxabiv117__array_type_infoD1Ev            
200123fd  _ZN10__cxxabiv117__array_type_infoD2Ev            
200123f5  _ZN10__cxxabiv117__class_type_infoD0Ev            
200123f3  _ZN10__cxxabiv117__class_type_infoD1Ev            
200123f3  _ZN10__cxxabiv117__class_type_infoD2Ev            
200123eb  _ZN10__cxxabiv117__pbase_type_infoD0Ev            
200123e9  _ZN10__cxxabiv117__pbase_type_infoD1Ev            
200123e9  _ZN10__cxxabiv117__pbase_type_infoD2Ev            
200123e1  _ZN10__cxxabiv119__pointer_type_infoD0Ev          
200123df  _ZN10__cxxabiv119__pointer_type_infoD1Ev          
200123df  _ZN10__cxxabiv119__pointer_type_infoD2Ev          
200123d7  _ZN10__cxxabiv120__function_type_infoD0Ev         
200123d5  _ZN10__cxxabiv120__function_type_infoD1Ev         
200123d5  _ZN10__cxxabiv120__function_type_infoD2Ev         
200123cd  _ZN10__cxxabiv120__si_class_type_infoD0Ev         
200123cb  _ZN10__cxxabiv120__si_class_type_infoD1Ev         
200123cb  _ZN10__cxxabiv120__si_class_type_infoD2Ev         
200123c3  _ZN10__cxxabiv121__vmi_class_type_infoD0Ev        
200123c1  _ZN10__cxxabiv121__vmi_class_type_infoD1Ev        
200123c1  _ZN10__cxxabiv121__vmi_class_type_infoD2Ev        
200123b9  _ZN10__cxxabiv123__fundamental_type_infoD0Ev      
200123b7  _ZN10__cxxabiv123__fundamental_type_infoD1Ev      
200123b7  _ZN10__cxxabiv123__fundamental_type_infoD2Ev      
200123af  _ZN10__cxxabiv129__pointer_to_member_type_infoD0Ev
200123ad  _ZN10__cxxabiv129__pointer_to_member_type_infoD1Ev
200123ad  _ZN10__cxxabiv129__pointer_to_member_type_infoD2Ev
2001558d  _ZN16CThreadTCPClient18SetSemaphoreHandleEPv      
20010793  _ZN16CThreadTCPClient3RunEv                       
20015643  _ZN16CThreadTCPClient6IsFreeEv                    
20015523  _ZN16CThreadTCPClient7SetFreeEb                   
200155ef  _ZN16CThreadTCPClient9SetSocketEi                 
20010739  _ZN16CThreadTCPClientC1Eii                        
20010739  _ZN16CThreadTCPClientC2Eii                        
2001077d  _ZN16CThreadTCPClientD0Ev                         
20010763  _ZN16CThreadTCPClientD1Ev                         
20010763  _ZN16CThreadTCPClientD2Ev                         
2000ee41  _ZN16CThreadTCPServer3RunEv                       
2000edb5  _ZN16CThreadTCPServerC1Ei                         
2000edb5  _ZN16CThreadTCPServerC2Ei                         
2000ee2b  _ZN16CThreadTCPServerD0Ev                         
2000ee1d  _ZN16CThreadTCPServerD1Ev                         
2000ee1d  _ZN16CThreadTCPServerD2Ev                         
2000c4d5  _ZN17CThreadMqttClient10sl_MqttEvtEPvlPKvm        
2002446c  _ZN17CThreadMqttClient11Mqtt_ClientE              
20024494  _ZN17CThreadMqttClient13pub_topic_sw2E            
20024498  _ZN17CThreadMqttClient13pub_topic_sw3E            
2000c5a7  _ZN17CThreadMqttClient14ToggleLedStateE7ledEnum   
2000c547  _ZN17CThreadMqttClient17sl_MqttDisconnectEPv      
20024360  _ZN17CThreadMqttClient18usr_connect_configE       
2000bee9  _ZN17CThreadMqttClient3RunEv                      
2002449c  _ZN17CThreadMqttClient8data_sw2E                  
200244a0  _ZN17CThreadMqttClient8data_sw3E                  
2000c395  _ZN17CThreadMqttClient9Mqtt_RecvEPvPKclPKvlbhb    
2000bea5  _ZN17CThreadMqttClientC1Ev                        
2000bea5  _ZN17CThreadMqttClientC2Ev                        
2000becb  _ZN17CThreadMqttClientD0Ev                        
2000bebd  _ZN17CThreadMqttClientD1Ev                        
2000bebd  _ZN17CThreadMqttClientD2Ev                        
20014495  _ZN7CThread3RunEv                                 
2001449d  _ZN7CThread4ExitEv                                
20015601  _ZN7CThread6CreateEPv                             
2002451c  _ZN7CThread9g_PBQueueE                            
20014461  _ZN7CThreadC1Ev                                   
20014461  _ZN7CThreadC2Ev                                   
2001447f  _ZN7CThreadD0Ev                                   
20014473  _ZN7CThreadD1Ev                                   
20014473  _ZN7CThreadD2Ev                                   
20012e2f  _ZN9CThreadIO27pushButtonInterruptHandler2Ev      
20012e43  _ZN9CThreadIO27pushButtonInterruptHandler3Ev      
20012e21  _ZN9CThreadIO3RunEv                               
20012ddd  _ZN9CThreadIOC1Ev                                 
20012ddd  _ZN9CThreadIOC2Ev                                 
20012e0b  _ZN9CThreadIOD0Ev                                 
20012dfd  _ZN9CThreadIOD1Ev                                 
20012dfd  _ZN9CThreadIOD2Ev                                 
2001236f  _ZNKSt9type_info4nameEv                           
2001239f  _ZNKSt9type_info6beforeERKS_                      
20012389  _ZNKSt9type_infoeqERKS_                           
20012373  _ZNKSt9type_infoneERKS_                           
20012367  _ZNSt9type_infoD0Ev                               
20012365  _ZNSt9type_infoD1Ev                               
20012365  _ZNSt9type_infoD2Ev                               
20024160  _ZSt16__dummy_typeinfo                            
2001235d  _ZSt21__gen_dummy_typeinfosv                      
200160dc  _ZTI10CThreadUDP                                  
200160e8  _ZTI16CThreadTCPClient                            
200160f4  _ZTI16CThreadTCPServer                            
20016100  _ZTI17CThreadMqttClient                           
20016188  _ZTI7CThread                                      
2001610c  _ZTI9CThreadIO                                    
20016118  _ZTIN10__cxxabiv117__class_type_infoE             
20016124  _ZTIN10__cxxabiv117__pbase_type_infoE             
20016130  _ZTIN10__cxxabiv119__pointer_type_infoE           
2001613c  _ZTIN10__cxxabiv120__si_class_type_infoE          
20016148  _ZTIN10__cxxabiv123__fundamental_type_infoE       
20016070  _ZTIPKe                                           
20016190  _ZTISt9type_info                                  
20016198  _ZTIe                                             
200160c0  _ZTS10CThreadUDP                                  
20016028  _ZTS16CThreadTCPClient                            
2001603b  _ZTS16CThreadTCPServer                            
20015fff  _ZTS17CThreadMqttClient                           
20016175  _ZTS7CThread                                      
2001616a  _ZTS9CThreadIO                                    
20015e87  _ZTSN10__cxxabiv117__class_type_infoE             
20015ea9  _ZTSN10__cxxabiv117__pbase_type_infoE             
20015e41  _ZTSN10__cxxabiv119__pointer_type_infoE           
20015e1c  _ZTSN10__cxxabiv120__si_class_type_infoE          
20015dcc  _ZTSN10__cxxabiv123__fundamental_type_infoE       
200161ad  _ZTSPKe                                           
200160cd  _ZTSSt9type_info                                  
2001604e  _ZTSe                                             
20015eec  _ZTV10CThreadUDP                                  
20015f04  _ZTV16CThreadTCPClient                            
20015f1c  _ZTV16CThreadTCPServer                            
20015f34  _ZTV17CThreadMqttClient                           
20015f4c  _ZTV7CThread                                      
20015f64  _ZTV9CThreadIO                                    
20016080  _ZTVN10__cxxabiv117__class_type_infoE             
20016090  _ZTVN10__cxxabiv119__pointer_type_infoE           
200160a0  _ZTVN10__cxxabiv120__si_class_type_infoE          
200160b0  _ZTVN10__cxxabiv123__fundamental_type_infoE       
200156a3  _ZdlPv                                            
20014ca5  _Znaj                                             
20014ca5  _Znwj                                             
20023c48  __CIOBUF_                                         
20030000  __STACK_END                                       
00005000  __STACK_SIZE                                      
00008000  __SYSMEM_SIZE                                     
20016334  __TI_CINIT_Base                                   
20016344  __TI_CINIT_Limit                                  
2001632c  __TI_Handler_Table_Base                           
20016334  __TI_Handler_Table_Limit                          
20013a3d  __TI_auto_init                                    
2000f895  __TI_cleanup                                      
200244b4  __TI_cleanup_ptr                                  
20012cad  __TI_closefile                                    
20015651  __TI_decompress_none                              
200156b9  __TI_decompress_rle24                             
20012115  __TI_doflush                                      
200244b8  __TI_dtors_ptr                                    
200244bc  __TI_enable_exit_profile_output                   
200244a4  __TI_ft_end                                       
ffffffff  __TI_pprof_out_hndl                               
20009cf7  __TI_printfi                                      
ffffffff  __TI_prof_data_size                               
ffffffff  __TI_prof_data_start                              
2001275f  __TI_rd_ok                                        
20013cf7  __TI_readmsg                                      
200161b8  __TI_static_base__                                
20023f20  __TI_tmpnams                                      
20013cc5  __TI_writemsg                                     
200126fd  __TI_wrt_ok                                       
20013359  __aeabi_cdcmpeq                                   
20013359  __aeabi_cdcmple                                   
200133df  __aeabi_cdrcmple                                  
20014751  __aeabi_d2iz                                      
2000fb5b  __aeabi_dadd                                      
20010af9  __aeabi_ddiv                                      
20011937  __aeabi_dmul                                      
2000fb51  __aeabi_dsub                                      
20014d95  __aeabi_i2d                                       
200137e5  __aeabi_memclr                                    
200137e5  __aeabi_memclr4                                   
200137e5  __aeabi_memclr8                                   
20012add  __aeabi_memcpy                                    
20012add  __aeabi_memcpy4                                   
20012add  __aeabi_memcpy8                                   
200137e7  __aeabi_memset                                    
200137e7  __aeabi_memset4                                   
200137e7  __aeabi_memset8                                   
200244b0  __aeabi_stderr                                    
200244a8  __aeabi_stdin                                     
200244ac  __aeabi_stdout                                    
2000f23d  __aeabi_uldivmod                                  
ffffffff  __binit__                                         
ffffffff  __c_args__                                        
2000fd07  __mpu_init                                        
2002b000  __stack                                           
200154b1  _args_main                                        
200148e9  _c_int00                                          
200157d8  _ctypes_                                          
200241a0  _ftable                                           
20024514  _lock                                             
20024534  _new_handler                                      
200155af  _nop                                              
200155a7  _register_lock                                    
200155a1  _register_unlock                                  
20014591  _sl_BuildAddress                                  
20015499  _sl_GetStartResponseConvert                       
20013f91  _sl_HandleAsync_Accept                            
20013861  _sl_HandleAsync_Connect                           
2001301d  _sl_HandleAsync_DnsGetHostByName                  
2001204d  _sl_HandleAsync_DnsGetHostByService               
20013769  _sl_HandleAsync_InitComplete                      
200130a9  _sl_HandleAsync_PingResponse                      
200142c5  _sl_HandleAsync_Select                            
20014411  _sl_HandleAsync_Stop                              
20013c5d  _sl_NetAppSendTokenValue                          
200149e1  _sl_TruncatePayloadByProtocol                     
2001b000  _sys_memory                                       
20010fc3  _system_post_cinit                                
200156bf  _system_pre_init                                  
20024518  _unlock                                           
2001431d  abort                                             
2000e535  add_device                                        
200145dd  atoi                                              
ffffffff  binit                                             
2000dbe9  calloc                                            
2000b495  cl_ctx_remove                                     
2000b3f5  cl_ctx_reset                                      
2000b425  cl_ctx_timeout_insert                             
2000b4eb  cl_ctx_timeout_update                             
2000e4e5  close                                             
2000cae9  comm_close                                        
2000c959  comm_open                                         
20014629  copy_in                                           
200156ab  copysign                                          
200156ab  copysignl                                         
200243d4  debug_printf                                      
20007f35  eTaskGetState                                     
20024524  errno                                             
20014325  exit                                              
20012d13  fclose                                            
20012161  fflush                                            
2000f8eb  fopen                                             
20012d45  fputc                                             
20010d65  fputs                                             
2000d937  free                                              
2000f8c1  freopen                                           
200140b1  frexp                                             
200140b1  frexpl                                            
20013e65  fseek                                             
20024510  gFirstCmdMode                                     
20015d40  g_H2NCnysPattern                                  
20015d38  g_H2NSyncPattern                                  
20024164  g_S2InterruptHdl                                  
20024168  g_S3InterruptHdl                                  
200244fc  g_SpiFd                                           
20023ad0  g_StatMem                                         
2002416c  g_cDummy                                          
20024505  g_multi_srvr_conn                                 
20024508  g_pCB                                             
20024500  g_pHostIntHdl                                     
20004000  g_pfnVectors                                      
20024170  g_rx_task_hndl                                    
20024174  g_rx_tx_sync_obj                                  
20024150  g_ucConnectionBSSID                               
200240a8  g_ucConnectionSSID                                
20024504  g_ucDMAEnabled                                    
20023fc0  g_ucDinDout                                       
2002419d  g_ucLED1Pin                                       
2002419e  g_ucLED2Pin                                       
2002419f  g_ucLED3Pin                                       
200244e4  g_uiLED1Port                                      
200244e8  g_uiLED2Port                                      
200244ec  g_uiLED3Port                                      
200244f8  g_ulGatewayIP                                     
200244f4  g_ulStaIp                                         
200244f0  g_ulStatus                                        
20024198  g_usConnectIndex                                  
2002419a  g_usTimerInts                                     
20024178  g_wait_secs                                       
200100d5  initClientThread                                  
200100f1  initIOThread                                      
2001012b  initMqttClient                                    
20010097  initServerThread                                  
2001003d  initThreadsPointer                                
20010057  initUdpThread                                     
2002417c  ioThread                                          
20007b65  itoa                                              
20011f7d  ldexp                                             
20011f7d  ldexpl                                            
2000e4c1  lseek                                             
20014219  ltoa                                              
2000e739  main                                              
2002452c  main_func_sp                                      
2000d8cf  malloc                                            
2000d7b1  mem_Free                                          
2000d7a5  mem_Malloc                                        
2000d7d1  mem_copy                                          
[...]
20013c5d  _sl_NetAppSendTokenValue                          
20013cc5  __TI_writemsg                                     
20013cf3  C$$IO$$                                           
20013cf7  __TI_readmsg                                      
20013d2d  sl_NetCfgSet                                      
20013d95  sl_SetSockOpt                                     
20013dfd  sl_WlanSet                                        
20013e65  fseek                                             
20013ec9  uDMAChannelAttributeDisable                       
20013f2d  uDMAChannelAttributeEnable                        
20013f91  _sl_HandleAsync_Accept                            
20013ff1  sprintf                                           
20014051  sl_WlanPolicySet                                  
200140b1  frexp                                             
200140b1  frexpl                                            
2001410d  sl_Socket                                         
20014169  IntPendClear                                      
200141c1  PRCMPeripheralReset                               
20014219  ltoa                                              
20014271  IntPrioritySet                                    
200142c5  _sl_HandleAsync_Select                            
20014319  C$$EXIT                                           
2001431d  abort                                             
20014325  exit                                              
2001436d  sl_WlanRxFilterSet                                
200143c1  PRCMSlowClkCtrGet                                 
20014411  _sl_HandleAsync_Stop                              
20014461  _ZN7CThreadC1Ev                                   
20014461  _ZN7CThreadC2Ev                                   
20014473  _ZN7CThreadD1Ev                                   
20014473  _ZN7CThreadD2Ev                                   
2001447f  _ZN7CThreadD0Ev                                   
20014495  _ZN7CThread3RunEv                                 
2001449d  _ZN7CThread4ExitEv                                
200144ad  SPIIntEnable                                      
200144f9  _SlDrvProtectAsyncRespSetting                     
20014545  _SlDrvRxIrqHandler                                
20014591  _sl_BuildAddress                                  
200145dd  atoi                                              
20014629  copy_in                                           
20014675  uDMAChannelAssign                                 
200146c1  SPIIntClear                                       
20014709  _SlDrvBasicCmd                                    
20014751  __aeabi_d2iz                                      
200147dd  TimerConfigure                                    
20014865  sl_Htonl                                          
200148a9  PinModeSet                                        
200148e9  _c_int00                                          
20014929  strtok                                            
20014969  CopyPingResultsToReport                           
200149a5  PRCMPeripheralClkEnable                           
200149e1  _sl_TruncatePayloadByProtocol                     
20014a1d  sl_Htons                                          
20014a59  sl_Listen                                         
20014a95  uDMAChannelControlSet                             
20014ad1  NwpPowerOff                                       
20014b09  pvPortMalloc                                      
20014b29  vPortFree                                         
20014b41  GPIODirModeSet                                    
20014b77  sl_NetAppMDNSUnRegisterService                    
20014bad  PRCMPeripheralStatusGet                           
20014be1  SPIFIFOLevelSet                                   
20014c15  PinTypeGPIO                                       
20014c45  UARTDisable                                       
20014c75  _SlDrvDeviceEventHandler                          
20014ca5  _Znaj                                             
20014ca5  _Znwj                                             
20014cd5  strncpy                                           
20014d05  sl_Close                                          
20014d35  sl_WlanProfileDel                                 
20014d65  sl_WlanSetMode                                    
20014d95  __aeabi_i2d                                       
20014dc5  DmaSpiSwIntHandler                                
20014df1  NwpPowerOn                                        
20014e1d  PRCMSysResetCauseGet                              
20014e49  TimerLoadSet                                      
20014e73  TimerPrescaleSet                                  
20014e9d  strspn                                            
20014ef1  PRCMPeripheralClkDisable                          
20014f19  SL_FD_ISSET                                       
20014f41  NwpRegisterInterruptHandler                       
20014f67  strncmp                                           
20014f8d  IntUnregister                                     
20014ff9  UARTEnable                                        
2001501d  _SlDrvProtectionObjLockWaitForever                
20015041  memmove                                           
20015065  strcspn                                           
20015089  GPIOIntStatus                                     
200150ab  SL_FD_SET                                         
200150cd  SPIReset                                          
200150ef  SPIWordCountSet                                   
20015111  GPIOPinWrite                                      
20015131  IntRegister                                       
20015151  _SlDrvProtectionObjUnLock                         
20015171  platform_timer_init                               
20015179  platform_get_time_in_secs                         
20015191  memchr                                            
200151b1  TimerDisable                                      
200151cf  TimerEnable                                       
200151ed  TimerIntStatus                                    
2001520b  UARTCharPut                                       
20015247  TimerValueGet                                     
20015263  UARTCharGetNonBlocking                            
2001527f  _SlDrvObjLockWaitForever                          
2001529b  _SlDrvSyncObjWaitForever                          
200152b7  memccpy                                           
200152d5  uDMAChannelEnable                                 
200152f1  GPIOIntDisable                                    
2001530b  GPIOIntEnable                                     
20015325  PinTypeUART                                       
2001533f  SPIDmaDisable                                     
20015359  SPIDmaEnable                                      
20015373  SPIFIFODisable                                    
2001538d  SPIFIFOEnable                                     
200153a7  GPIOPinRead                                       
200153bf  SPICSDisable                                      
200153d7  SPICSEnable                                       
200153ef  SPIDisable                                        
20015407  SPIEnable                                         
2001541f  TimerIntDisable                                   
20015437  TimerIntEnable                                    
2001544f  UARTCharsAvail                                    
20015467  _SlDrvObjUnLock                                   
2001547f  _SlDrvSyncObjSignal                               
20015499  _sl_GetStartResponseConvert                       
200154b1  _args_main                                        
200154c9  strcmp                                            
200154e1  PRCMHIBRegRead                                    
200154f7  PRCMHIBRegWrite                                   
2001550d  _SlDrvMemZero                                     
20015523  _ZN16CThreadTCPClient7SetFreeEb                   
20015539  strchr                                            
2001554f  CPUcpsie                                          
20015563  GPIOIntClear                                      
20015579  IntVTableBaseSet                                  
2001558d  _ZN16CThreadTCPClient18SetSemaphoreHandleEPv      
200155a1  _register_unlock                                  
200155a7  _register_lock                                    
200155af  _nop                                              
200155b5  strcpy                                            
200155c9  strlen                                            
200155dd  TimerIntClear                                     
200155ef  _ZN16CThreadTCPClient9SetSocketEi                 
20015601  _ZN7CThread6CreateEPv                             
20015625  SL_FD_ZERO                                        
20015635  _SlDrvResetCmdExt                                 
20015643  _ZN16CThreadTCPClient6IsFreeEv                    
20015651  __TI_decompress_none                              
2001565f  ResetISR                                          
2001566d  NwpMaskInterrupt                                  
20015679  NwpUnMaskInterrupt                                
20015685  sl_WlanDisconnect                                 
20015691  IntMasterEnable                                   
2001569b  PRCMRTCInUseSet                                   
200156a3  _ZdlPv                                            
200156ab  copysign                                          
200156ab  copysignl                                         
200156b3  UtilsDelay                                        
200156b9  __TI_decompress_rle24                             
200156bf  _system_pre_init                                  
200157d8  _ctypes_                                          
20015c88  OpcodeTranslateTable                              
20015cc4  _SlPolicySetCmdCtrl                               
20015cc8  _SlPolicyGetCmdCtrl                               
20015ccc  _SlProfileGetCmdCtrl                              
20015cd0  _SlProfileDelCmdCtrl                              
20015cd4  _SlWlanGetNetworkListCtrl                         
20015cd8  _SlRxFilterAddtCmdCtrl                            
20015cdc  _SlRxFilterSetCmdCtrl                             
20015ce0  _SlRxFilterGetCmdCtrl                             
20015ce4  _SlSmartConfigStartCmdCtrl                        
20015ce8  _SlWlanSetModeCmdCtrl                             
20015cec  _SlWlanCfgSetCmdCtrl                              
20015cf0  _SlWlanCfgGetCmdCtrl                              
20015d00  _SlActionLookupTable                              
20015d38  g_H2NSyncPattern                                  
20015d40  g_H2NCnysPattern                                  
20015d48  RxMsgClassLUT                                     
20015d6c  _SlSockSocketCmdCtrl                              
20015d70  _SlSockCloseCmdCtrl                               
20015d74  _SlRecvfomCmdCtrl                                 
20015d78  _SlSendCmdCtrl                                    
20015d7c  _SlListenCmdCtrl                                  
20015d80  _SlAcceptCmdCtrl                                  
20015d84  _SlRecvCmdCtrl                                    
20015d88  _SlSetSockOptCmdCtrl                              
20015d8c  _SlGetSockOptCmdCtrl                              
20015d90  _SlSelectCmdCtrl                                  
20015dcc  _ZTSN10__cxxabiv123__fundamental_type_infoE       
20015df4  _SlNetAppStartCtrl                                
20015df8  _SlNetAppStopCtrl                                 
20015dfc  _SlGetServiceListeCtrl                            
20015e00  _SlRegisterServiceCtrl                            
20015e04  _SlGetHostByServiceCtrl                           
20015e08  _SlGetHostByNameCtrl                              
20015e0c  _SlNetAppSetCmdCtrl                               
20015e10  _SlNetAppSendTokenValueCmdCtrl                    
20015e14  _SlNetAppGetCmdCtrl                               
20015e1c  _ZTSN10__cxxabiv120__si_class_type_infoE          
20015e41  _ZTSN10__cxxabiv119__pointer_type_infoE           
20015e87  _ZTSN10__cxxabiv117__class_type_infoE             
20015ea9  _ZTSN10__cxxabiv117__pbase_type_infoE             
20015eec  _ZTV10CThreadUDP                                  
20015f04  _ZTV16CThreadTCPClient                            
20015f1c  _ZTV16CThreadTCPServer                            
20015f34  _ZTV17CThreadMqttClient                           
20015f4c  _ZTV7CThread                                      
20015f64  _ZTV9CThreadIO                                    
20015fff  _ZTS17CThreadMqttClient                           
20016014  _SlStopCmdCtrl                                    
20016018  _SlEventMaskSetCmdCtrl                            
2001601c  _SlEventMaskGetCmdCtrl                            
20016020  _SlDeviceGetCmdCtrl                               
20016024  _SlDeviceSetCmdCtrl                               
20016028  _ZTS16CThreadTCPClient                            
2001603b  _ZTS16CThreadTCPServer                            
2001604e  _ZTSe                                             
20016060  _SlPayloadByProtocolLUT                           
20016070  _ZTIPKe                                           
20016080  _ZTVN10__cxxabiv117__class_type_infoE             
20016090  _ZTVN10__cxxabiv119__pointer_type_infoE           
200160a0  _ZTVN10__cxxabiv120__si_class_type_infoE          
200160b0  _ZTVN10__cxxabiv123__fundamental_type_infoE       
200160c0  _ZTS10CThreadUDP                                  
200160cd  _ZTSSt9type_info                                  
200160dc  _ZTI10CThreadUDP                                  
200160e8  _ZTI16CThreadTCPClient                            
200160f4  _ZTI16CThreadTCPServer                            
20016100  _ZTI17CThreadMqttClient                           
2001610c  _ZTI9CThreadIO                                    
20016118  _ZTIN10__cxxabiv117__class_type_infoE             
20016124  _ZTIN10__cxxabiv117__pbase_type_infoE             
20016130  _ZTIN10__cxxabiv119__pointer_type_infoE           
2001613c  _ZTIN10__cxxabiv120__si_class_type_infoE          
20016148  _ZTIN10__cxxabiv123__fundamental_type_infoE       
2001615f  pcDigits                                          
2001616a  _ZTS9CThreadIO                                    
20016175  _ZTS7CThread                                      
2001617e  StartResponseLUT                                  
20016188  _ZTI7CThread                                      
20016190  _ZTISt9type_info                                  
20016198  _ZTIe                                             
200161a0  _SlNetCfgSetCmdCtrl                               
200161a4  _SlNetCfgGetCmdCtrl                               
200161ad  _ZTSPKe                                           
200161b8  __TI_static_base__                                
2001632c  __TI_Handler_Table_Base                           
20016334  __TI_CINIT_Base                                   
20016334  __TI_Handler_Table_Limit                          
20016344  __TI_CINIT_Limit                                  
2001b000  _sys_memory                                       
20023ad0  g_StatMem                                         
20023c48  __CIOBUF_                                         
20023f20  __TI_tmpnams                                      
20023fc0  g_ucDinDout                                       
20024010  xQueueRegistry                                    
200240a8  g_ucConnectionSSID                                
20024150  g_ucConnectionBSSID                               
2002415c  DMAMsgQ                                           
20024160  _ZSt16__dummy_typeinfo                            
20024164  g_S2InterruptHdl                                  
20024168  g_S3InterruptHdl                                  
2002416c  g_cDummy                                          
20024170  g_rx_task_hndl                                    
20024174  g_rx_tx_sync_obj                                  
20024178  g_wait_secs                                       
2002417c  ioThread                                          
20024180  mqttThread                                        
20024184  mqtt_lib_lockobj                                  
20024190  tcpServerThread                                   
20024194  udpThread                                         
20024198  g_usConnectIndex                                  
2002419a  g_usTimerInts                                     
2002419c  RxIrqCnt                                          
2002419d  g_ucLED1Pin                                       
2002419e  g_ucLED2Pin                                       
2002419f  g_ucLED3Pin                                       
200241a0  _ftable                                           
20024360  _ZN17CThreadMqttClient18usr_connect_configE       
200243d4  debug_printf                                      
20024410  pxCurrentTCB                                      
20024444  net                                               
2002446c  _ZN17CThreadMqttClient11Mqtt_ClientE              
20024494  _ZN17CThreadMqttClient13pub_topic_sw2E            
20024498  _ZN17CThreadMqttClient13pub_topic_sw3E            
2002449c  _ZN17CThreadMqttClient8data_sw2E                  
200244a0  _ZN17CThreadMqttClient8data_sw3E                  
200244a4  __TI_ft_end                                       
200244a8  __aeabi_stdin                                     
200244ac  __aeabi_stdout                                    
200244b0  __aeabi_stderr                                    
200244b4  __TI_cleanup_ptr                                  
200244b8  __TI_dtors_ptr                                    
200244bc  __TI_enable_exit_profile_output                   
200244cc  SecurityParams                                    
200244d8  xHigherPriorityTaskWoken                          
200244dc  xSimpleLinkSpawnQueue                             
200244e0  xSimpleLinkSpawnTaskHndl                          
200244e4  g_uiLED1Port                                      
200244e8  g_uiLED2Port                                      
200244ec  g_uiLED3Port                                      
200244f0  g_ulStatus                                        
200244f4  g_ulStaIp                                         
200244f8  g_ulGatewayIP                                     
200244fc  g_SpiFd                                           
20024500  g_pHostIntHdl                                     
20024504  g_ucDMAEnabled                                    
20024505  g_multi_srvr_conn                                 
20024508  g_pCB                                             
2002450c  pPingCallBackFunc                                 
20024510  gFirstCmdMode                                     
20024514  _lock                                             
20024518  _unlock                                           
2002451c  _ZN7CThread9g_PBQueueE                            
20024524  errno                                             
2002452c  main_func_sp                                      
20024534  _new_handler                                      
2002b000  __stack                                           
20030000  __STACK_END                                       
ffffffff  __TI_pprof_out_hndl                               
ffffffff  __TI_prof_data_size                               
ffffffff  __TI_prof_data_start                              
ffffffff  __binit__                                         
ffffffff  __c_args__                                        
ffffffff  binit                                             
UNDEFED   SHT$$INIT_ARRAY$$Base                             
UNDEFED   SHT$$INIT_ARRAY$$Limit                            

[782 symbols]
